[INFO] [launch]: All log files can be found below /home/brookz/.ros/log/2026-06-21-17-11-08-529563-brookz-Lenovo-Legion-R9000P2021H-3581
[INFO] [launch]: Default logging verbosity is set to INFO
[INFO] [gazebo-1]: process started with pid [3588]
[INFO] [parameter_bridge-2]: process started with pid [3589]
[INFO] [robot_state_publisher-3]: process started with pid [3590]
[INFO] [joint_state_publisher-4]: process started with pid [3591]
[INFO] [robot_state_publisher-5]: process started with pid [3593]
[INFO] [static_transform_publisher-6]: process started with pid [3594]
[INFO] [create-7]: process started with pid [3595]
[INFO] [create-8]: process started with pid [3596]
[INFO] [parameter_bridge-9]: process started with pid [3597]
[INFO] [parameter_bridge-10]: process started with pid [3598]
[INFO] [parameter_bridge-11]: process started with pid [3599]
[INFO] [parameter_bridge-12]: process started with pid [3600]
[INFO] [parameter_bridge-13]: process started with pid [3601]
[INFO] [parameter_bridge-14]: process started with pid [3602]
[INFO] [parameter_bridge-15]: process started with pid [3603]
[INFO] [parameter_bridge-16]: process started with pid [3604]
[INFO] [parameter_bridge-17]: process started with pid [3605]
[INFO] [parameter_bridge-18]: process started with pid [3606]
[INFO] [parameter_bridge-19]: process started with pid [3607]
[INFO] [parameter_bridge-20]: process started with pid [3608]
[INFO] [parameter_bridge-21]: process started with pid [3609]
[INFO] [parameter_bridge-22]: process started with pid [3610]
[INFO] [parameter_bridge-23]: process started with pid [3611]
[INFO] [parameter_bridge-24]: process started with pid [3612]
[INFO] [parameter_bridge-25]: process started with pid [3613]
[INFO] [parameter_bridge-26]: process started with pid [3614]
[INFO] [parameter_bridge-27]: process started with pid [3615]
[INFO] [parameter_bridge-28]: process started with pid [3616]
[INFO] [parameter_bridge-29]: process started with pid [3617]
[INFO] [turtlebot4_node-30]: process started with pid [3618]
[INFO] [turtlebot4_gz_hmi_node-31]: process started with pid [3619]
[INFO] [spawner-32]: process started with pid [3622]
[INFO] [hazards_vector_publisher-33]: process started with pid [3623]
[INFO] [ir_intensity_vector_publisher-34]: process started with pid [3624]
[INFO] [motion_control-35]: process started with pid [3625]
[INFO] [wheel_status_publisher-36]: process started with pid [3628]
[INFO] [mock_publisher-37]: process started with pid [3629]
[INFO] [robot_state-38]: process started with pid [3630]
[INFO] [kidnap_estimator_publisher-39]: process started with pid [3631]
[INFO] [ui_mgr-40]: process started with pid [3636]
[INFO] [pose_republisher_node-41]: process started with pid [3637]
[INFO] [sensors_node-42]: process started with pid [3646]
[INFO] [interface_buttons_node-43]: process started with pid [3649]
[INFO] [static_transform_publisher-44]: process started with pid [3652]
[INFO] [static_transform_publisher-45]: process started with pid [3653]
[static_transform_publisher-6] [WARN] [1782058269.547862889] []: Old-style arguments are deprecated; see --help for new-style arguments
[static_transform_publisher-44] [WARN] [1782058269.579287686] []: Old-style arguments are deprecated; see --help for new-style arguments
[static_transform_publisher-45] [WARN] [1782058269.611642494] []: Old-style arguments are deprecated; see --help for new-style arguments
[ir_intensity_vector_publisher-34] [INFO] [1782058269.743456104] [ir_intensity_vector_publisher]: Advertised topic: ir_intensity
[ir_intensity_vector_publisher-34] [INFO] [1782058269.748494470] [ir_intensity_vector_publisher]: Subscription to topic: _internal/ir_intensity_front_center_left
[ir_intensity_vector_publisher-34] [INFO] [1782058269.751844190] [ir_intensity_vector_publisher]: Subscription to topic: _internal/ir_intensity_front_center_right
[ir_intensity_vector_publisher-34] [INFO] [1782058269.754024154] [ir_intensity_vector_publisher]: Subscription to topic: _internal/ir_intensity_front_left
[ir_intensity_vector_publisher-34] [INFO] [1782058269.761530794] [ir_intensity_vector_publisher]: Subscription to topic: _internal/ir_intensity_front_right
[mock_publisher-37] [INFO] [1782058269.764426775] [mock_publisher]: Advertised mocked topic: slip_status
[ir_intensity_vector_publisher-34] [INFO] [1782058269.770286966] [ir_intensity_vector_publisher]: Subscription to topic: _internal/ir_intensity_left
[create-7] [INFO] [1782058269.771123627] [ros_gz_sim]: Requesting list of world names.
[kidnap_estimator_publisher-39] [INFO] [1782058269.776719090] [kidnap_estimator_publisher]: Advertised topic: kidnap_status
[kidnap_estimator_publisher-39] [INFO] [1782058269.787834300] [kidnap_estimator_publisher]: Subscription to topic: hazard_detection
[ir_intensity_vector_publisher-34] [INFO] [1782058269.793163776] [ir_intensity_vector_publisher]: Subscription to topic: _internal/ir_intensity_right
[ir_intensity_vector_publisher-34] [INFO] [1782058269.805257842] [ir_intensity_vector_publisher]: Subscription to topic: _internal/ir_intensity_side_left
[hazards_vector_publisher-33] [INFO] [1782058269.858559319] [hazards_vector_publisher]: Advertised topic: hazard_detection
[robot_state-38] [INFO] [1782058269.861954456] [robot_state]: Advertised topic: battery_state
[hazards_vector_publisher-33] [INFO] [1782058269.862505955] [hazards_vector_publisher]: Subscription to topic: _internal/bumper/event
[hazards_vector_publisher-33] [INFO] [1782058269.863987815] [hazards_vector_publisher]: Subscription to topic: _internal/cliff_front_left/event
[hazards_vector_publisher-33] [INFO] [1782058269.865013836] [hazards_vector_publisher]: Subscription to topic: _internal/cliff_front_right/event
[hazards_vector_publisher-33] [INFO] [1782058269.867195059] [hazards_vector_publisher]: Subscription to topic: _internal/cliff_side_left/event
[hazards_vector_publisher-33] [INFO] [1782058269.868132698] [hazards_vector_publisher]: Subscription to topic: _internal/cliff_side_right/event
[hazards_vector_publisher-33] [INFO] [1782058269.869461656] [hazards_vector_publisher]: Subscription to topic: _internal/wheel_drop/left_wheel/event
[hazards_vector_publisher-33] [INFO] [1782058269.870626444] [hazards_vector_publisher]: Subscription to topic: _internal/wheel_drop/right_wheel/event
[hazards_vector_publisher-33] [INFO] [1782058269.871538191] [hazards_vector_publisher]: Subscription to topic: _internal/backup_limit
[gazebo-1] [1;32m[Msg] [0m[1;32mGazebo Sim GUI    v[0m[1;32m8.11.0[0m[1;32m[0m
[gazebo-1] [1;36m[Dbg] [gz.cc:166] [0m[1;36mSubscribing to [[0m[1;36m/gazebo/starting_world[0m[1;36m].[0m[1;36m[0m
[gazebo-1] [1;36m[Dbg] [gz.cc:168] [0m[1;36mWaiting for a world to be set from the GUI...[0m[1;36m[0m
[gazebo-1] [1;36m[Dbg] [Gui.cc:275] [0m[1;36mWaiting for subscribers to [[0m[1;36m/gazebo/starting_world[0m[1;36m]...[0m[1;36m[0m
[static_transform_publisher-6] [INFO] [1782058269.882843392] [tf_odom_std_dock_link_publisher]: Spinning until stopped - publishing transform
[static_transform_publisher-6] translation: ('0.157000', '0.000000', '0.000000')
[static_transform_publisher-6] rotation: ('0.000000', '0.000000', '1.000000', '0.000000')
[static_transform_publisher-6] from 'odom' to 'std_dock_link'
[wheel_status_publisher-36] [INFO] [1782058269.884016578] [wheel_status_publisher]: Advertised topic: wheel_vels
[wheel_status_publisher-36] [INFO] [1782058269.887114867] [wheel_status_publisher]: Advertised topic: wheel_ticks
[robot_state-38] [INFO] [1782058269.893725785] [robot_state]: Subscription to topic: dock_status
[robot_state-38] [INFO] [1782058269.914340127] [robot_state]: Advertised topic: stop_status
[parameter_bridge-19] [INFO] [1782058269.941292822] [ir_intensity_front_left_bridge]: Creating GZ->ROS Bridge: [/world/warehouse/model/turtlebot4/link/ir_intensity_front_left/sensor/ir_intensity_front_left/scan (gz.msgs.LaserScan) -> /world/warehouse/model/turtlebot4/link/ir_intensity_front_left/sensor/ir_intensity_front_left/scan (sensor_msgs/msg/LaserScan)] (Lazy 0)
[robot_state-38] [INFO] [1782058269.944276066] [robot_state]: Subscription to topic: odom
[static_transform_publisher-44] [INFO] [1782058269.952584097] [rplidar_stf]: Spinning until stopped - publishing transform
[static_transform_publisher-44] translation: ('0.000000', '0.000000', '0.000000')
[static_transform_publisher-44] rotation: ('0.000000', '0.000000', '0.000000', '1.000000')
[static_transform_publisher-44] from 'rplidar_link' to 'turtlebot4/rplidar_link/rplidar'
[gazebo-1] [1;32m[Msg] [0m[1;32mReceived world [[0m[1;32mwarehouse.sdf[0m[1;32m] from the GUI.[0m[1;32m[0m
[gazebo-1] [1;36m[Dbg] [gz.cc:172] [0m[1;36mUnsubscribing from [[0m[1;36m/gazebo/starting_world[0m[1;36m].[0m[1;36m[0m
[gazebo-1] [1;32m[Msg] [0m[1;32mGazebo Sim Server v[0m[1;32m8.11.0[0m[1;32m[0m
[gazebo-1] [1;32m[Msg] [0m[1;32mLoading SDF world file[[0m[1;32m/opt/ros/jazzy/share/turtlebot4_gz_bringup/worlds/warehouse.sdf[0m[1;32m].[0m
[robot_state_publisher-3] [WARN] [1782058269.985566121] [kdl_parser]: The root link base_link has an inertia specified in the URDF, but KDL does not support a root link with an inertia.  As a workaround, you can add an extra dummy link to your URDF.
[robot_state_publisher-3] [INFO] [1782058269.985921261] [robot_state_publisher]: Robot initialized
[parameter_bridge-12] [INFO] [1782058270.023952622] [bumper_contact_bridge]: Creating GZ->ROS Bridge: [/bumper_contact (gz.msgs.Contacts) -> /bumper_contact (ros_gz_interfaces/msg/Contacts)] (Lazy 0)
[parameter_bridge-20] [INFO] [1782058270.061001043] [ir_intensity_front_right_bridge]: Creating GZ->ROS Bridge: [/world/warehouse/model/turtlebot4/link/ir_intensity_front_right/sensor/ir_intensity_front_right/scan (gz.msgs.LaserScan) -> /world/warehouse/model/turtlebot4/link/ir_intensity_front_right/sensor/ir_intensity_front_right/scan (sensor_msgs/msg/LaserScan)] (Lazy 0)
[parameter_bridge-11] [INFO] [1782058270.096965407] [odom_base_tf_bridge]: Creating GZ->ROS Bridge: [/model/turtlebot4/tf (gz.msgs.Pose_V) -> /model/turtlebot4/tf (tf2_msgs/msg/TFMessage)] (Lazy 0)
[parameter_bridge-23] [INFO] [1782058270.103341274] [ir_intensity_side_left_bridge]: Creating GZ->ROS Bridge: [/world/warehouse/model/turtlebot4/link/ir_intensity_side_left/sensor/ir_intensity_side_left/scan (gz.msgs.LaserScan) -> /world/warehouse/model/turtlebot4/link/ir_intensity_side_left/sensor/ir_intensity_side_left/scan (sensor_msgs/msg/LaserScan)] (Lazy 0)
[static_transform_publisher-45] [INFO] [1782058270.111391120] [camera_stf]: Spinning until stopped - publishing transform
[static_transform_publisher-45] translation: ('0.000000', '0.000000', '0.000000')
[static_transform_publisher-45] rotation: ('0.499952', '-0.500000', '0.500000', '0.500048')
[static_transform_publisher-45] from 'oakd_rgb_camera_optical_frame' to 'turtlebot4/oakd_rgb_camera_frame/rgbd_camera'
[turtlebot4_node-30] [INFO] [1782058270.114157411] [turtlebot4_node]: Init Turtlebot4 Node Main
[parameter_bridge-24] [INFO] [1782058270.129711890] [buttons_msg_bridge]: Creating GZ->ROS Bridge: [/create3_buttons (gz.msgs.Int32) -> /create3_buttons (std_msgs/msg/Int32)] (Lazy 0)
[gazebo-1] [1;36m[Dbg] [Application.cc:96] [0m[1;36mInitializing application.[0m[1;36m[0m
[gazebo-1] [1;36m[Dbg] [Application.cc:170] [0m[1;36mQt using OpenGL graphics interface[0m[1;36m[0m
[gazebo-1] [1;36m[GUI] [Dbg] [Application.cc:657] [0m[1;36mCreate main window[0m[1;36m[0m
[robot_state_publisher-5] [WARN] [1782058270.172298279] [kdl_parser]: The root link std_dock_link has an inertia specified in the URDF, but KDL does not support a root link with an inertia.  As a workaround, you can add an extra dummy link to your URDF.
[robot_state_publisher-5] [INFO] [1782058270.172461801] [dock_state_publisher]: Robot initialized
[ui_mgr-40] [INFO] [1782058270.172553042] [ui_mgr]: Subscription to topic: cmd_lightring
[create-8] [INFO] [1782058270.202523090] [ros_gz_sim]: Requesting list of world names.
[ui_mgr-40] [INFO] [1782058270.244118204] [ui_mgr]: Subscription to topic: cmd_audio
[parameter_bridge-28] [INFO] [1782058270.265132775] [lidar_bridge]: Creating GZ->ROS Bridge: [/world/warehouse/model/turtlebot4/link/rplidar_link/sensor/rplidar/scan (gz.msgs.LaserScan) -> /world/warehouse/model/turtlebot4/link/rplidar_link/sensor/rplidar/scan (sensor_msgs/msg/LaserScan)] (Lazy 0)
[parameter_bridge-21] [INFO] [1782058270.269549464] [ir_intensity_left_bridge]: Creating GZ->ROS Bridge: [/world/warehouse/model/turtlebot4/link/ir_intensity_left/sensor/ir_intensity_left/scan (gz.msgs.LaserScan) -> /world/warehouse/model/turtlebot4/link/ir_intensity_left/sensor/ir_intensity_left/scan (sensor_msgs/msg/LaserScan)] (Lazy 0)
[parameter_bridge-16] [INFO] [1782058270.276151056] [cliff_side_right_bridge]: Creating GZ->ROS Bridge: [/world/warehouse/model/turtlebot4/link/base_link/sensor/cliff_side_right/scan (gz.msgs.LaserScan) -> /world/warehouse/model/turtlebot4/link/base_link/sensor/cliff_side_right/scan (sensor_msgs/msg/LaserScan)] (Lazy 0)
[parameter_bridge-17] [INFO] [1782058270.280039746] [ir_intensity_front_center_left_bridge]: Creating GZ->ROS Bridge: [/world/warehouse/model/turtlebot4/link/ir_intensity_front_center_left/sensor/ir_intensity_front_center_left/scan (gz.msgs.LaserScan) -> /world/warehouse/model/turtlebot4/link/ir_intensity_front_center_left/sensor/ir_intensity_front_center_left/scan (sensor_msgs/msg/LaserScan)] (Lazy 0)
[parameter_bridge-22] [INFO] [1782058270.291447275] [ir_intensity_right_bridge]: Creating GZ->ROS Bridge: [/world/warehouse/model/turtlebot4/link/ir_intensity_right/sensor/ir_intensity_right/scan (gz.msgs.LaserScan) -> /world/warehouse/model/turtlebot4/link/ir_intensity_right/sensor/ir_intensity_right/scan (sensor_msgs/msg/LaserScan)] (Lazy 0)
[parameter_bridge-27] [INFO] [1782058270.305015357] [hmi_led_msg_bridge]: Creating ROS->GZ Bridge: [/hmi/led/power (std_msgs/msg/Int32) -> /hmi/led/power (gz.msgs.Int32)] (Lazy 0)
[parameter_bridge-26] [INFO] [1782058270.310741337] [hmi_buttons_msg_bridge]: Creating GZ->ROS Bridge: [/hmi/buttons (gz.msgs.Int32) -> /hmi/buttons (std_msgs/msg/Int32)] (Lazy 0)
[parameter_bridge-18] [INFO] [1782058270.331260306] [ir_intensity_front_center_right_bridge]: Creating GZ->ROS Bridge: [/world/warehouse/model/turtlebot4/link/ir_intensity_front_center_right/sensor/ir_intensity_front_center_right/scan (gz.msgs.LaserScan) -> /world/warehouse/model/turtlebot4/link/ir_intensity_front_center_right/sensor/ir_intensity_front_center_right/scan (sensor_msgs/msg/LaserScan)] (Lazy 0)
[parameter_bridge-10] [INFO] [1782058270.338744509] [pose_bridge]: Creating GZ->ROS Bridge: [/model/turtlebot4/pose (gz.msgs.Pose_V) -> /model/turtlebot4/pose (tf2_msgs/msg/TFMessage)] (Lazy 0)
[parameter_bridge-29] [INFO] [1782058270.350984688] [camera_bridge]: Creating GZ->ROS Bridge: [/world/warehouse/model/turtlebot4/link/oakd_rgb_camera_frame/sensor/rgbd_camera/image (gz.msgs.Image) -> /world/warehouse/model/turtlebot4/link/oakd_rgb_camera_frame/sensor/rgbd_camera/image (sensor_msgs/msg/Image)] (Lazy 0)
[parameter_bridge-15] [INFO] [1782058270.357175483] [cliff_side_left_bridge]: Creating GZ->ROS Bridge: [/world/warehouse/model/turtlebot4/link/base_link/sensor/cliff_side_left/scan (gz.msgs.LaserScan) -> /world/warehouse/model/turtlebot4/link/base_link/sensor/cliff_side_left/scan (sensor_msgs/msg/LaserScan)] (Lazy 0)
[parameter_bridge-29] [INFO] [1782058270.364775207] [camera_bridge]: Creating GZ->ROS Bridge: [/world/warehouse/model/turtlebot4/link/oakd_rgb_camera_frame/sensor/rgbd_camera/depth_image (gz.msgs.Image) -> /world/warehouse/model/turtlebot4/link/oakd_rgb_camera_frame/sensor/rgbd_camera/depth_image (sensor_msgs/msg/Image)] (Lazy 0)
[parameter_bridge-10] [INFO] [1782058270.366788263] [pose_bridge]: Creating GZ->ROS Bridge: [/model/standard_dock/pose (gz.msgs.Pose_V) -> /model/standard_dock/pose (tf2_msgs/msg/TFMessage)] (Lazy 0)
[parameter_bridge-29] [INFO] [1782058270.381613929] [camera_bridge]: Creating GZ->ROS Bridge: [/world/warehouse/model/turtlebot4/link/oakd_rgb_camera_frame/sensor/rgbd_camera/points (gz.msgs.PointCloudPacked) -> /world/warehouse/model/turtlebot4/link/oakd_rgb_camera_frame/sensor/rgbd_camera/points (sensor_msgs/msg/PointCloud2)] (Lazy 0)
[parameter_bridge-27] [INFO] [1782058270.383885317] [hmi_led_msg_bridge]: Creating ROS->GZ Bridge: [/hmi/led/motors (std_msgs/msg/Int32) -> /hmi/led/motors (gz.msgs.Int32)] (Lazy 0)
[parameter_bridge-27] [INFO] [1782058270.396446521] [hmi_led_msg_bridge]: Creating ROS->GZ Bridge: [/hmi/led/comms (std_msgs/msg/Int32) -> /hmi/led/comms (gz.msgs.Int32)] (Lazy 0)
[parameter_bridge-29] [INFO] [1782058270.397673107] [camera_bridge]: Creating GZ->ROS Bridge: [/world/warehouse/model/turtlebot4/link/oakd_rgb_camera_frame/sensor/rgbd_camera/camera_info (gz.msgs.CameraInfo) -> /world/warehouse/model/turtlebot4/link/oakd_rgb_camera_frame/sensor/rgbd_camera/camera_info (sensor_msgs/msg/CameraInfo)] (Lazy 0)
[parameter_bridge-14] [INFO] [1782058270.405852398] [cliff_front_right_bridge]: Creating GZ->ROS Bridge: [/world/warehouse/model/turtlebot4/link/base_link/sensor/cliff_front_right/scan (gz.msgs.LaserScan) -> /world/warehouse/model/turtlebot4/link/base_link/sensor/cliff_front_right/scan (sensor_msgs/msg/LaserScan)] (Lazy 0)
[parameter_bridge-27] [INFO] [1782058270.421072209] [hmi_led_msg_bridge]: Creating ROS->GZ Bridge: [/hmi/led/wifi (std_msgs/msg/Int32) -> /hmi/led/wifi (gz.msgs.Int32)] (Lazy 0)
[parameter_bridge-27] [INFO] [1782058270.436534117] [hmi_led_msg_bridge]: Creating ROS->GZ Bridge: [/hmi/led/battery (std_msgs/msg/Int32) -> /hmi/led/battery (gz.msgs.Int32)] (Lazy 0)
[motion_control-35] [INFO] [1782058270.440527483] [motion_control]: Enabling REFLEX_BUMP
[parameter_bridge-9] [INFO] [1782058270.441109150] [cmd_vel_bridge]: Creating GZ->ROS Bridge: [/cmd_vel (gz.msgs.Twist) -> /cmd_vel (geometry_msgs/msg/TwistStamped)] (Lazy 0)
[parameter_bridge-27] [INFO] [1782058270.442022687] [hmi_led_msg_bridge]: Creating ROS->GZ Bridge: [/hmi/led/user1 (std_msgs/msg/Int32) -> /hmi/led/user1 (gz.msgs.Int32)] (Lazy 0)
[parameter_bridge-27] [INFO] [1782058270.445831470] [hmi_led_msg_bridge]: Creating ROS->GZ Bridge: [/hmi/led/user2 (std_msgs/msg/Int32) -> /hmi/led/user2 (gz.msgs.Int32)] (Lazy 0)
[parameter_bridge-2] [INFO] [1782058270.443057203] [clock_bridge]: Creating GZ->ROS Bridge: [/clock (gz.msgs.Clock) -> /clock (rosgraph_msgs/msg/Clock)] (Lazy 0)
[parameter_bridge-9] [INFO] [1782058270.453688896] [cmd_vel_bridge]: Creating ROS->GZ Bridge: [/model/turtlebot4/cmd_vel (geometry_msgs/msg/TwistStamped) -> /model/turtlebot4/cmd_vel (gz.msgs.Twist)] (Lazy 0)
[parameter_bridge-25] [INFO] [1782058270.454342003] [hmi_display_msg_bridge]: Creating ROS->GZ Bridge: [/hmi/display/raw (std_msgs/msg/String) -> /hmi/display/raw (gz.msgs.StringMsg)] (Lazy 0)
[motion_control-35] [INFO] [1782058270.462714973] [motion_control]: Enabling REFLEX_CLIFF
[motion_control-35] [INFO] [1782058270.467487742] [motion_control]: Enabling REFLEX_STUCK
[motion_control-35] [INFO] [1782058270.468141758] [motion_control]: Enabling REFLEX_WHEEL_DROP
[parameter_bridge-25] [INFO] [1782058270.472440616] [hmi_display_msg_bridge]: Creating ROS->GZ Bridge: [/hmi/display/selected (std_msgs/msg/Int32) -> /hmi/display/selected (gz.msgs.Int32)] (Lazy 0)
[parameter_bridge-13] [INFO] [1782058270.511076601] [cliff_front_left_bridge]: Creating GZ->ROS Bridge: [/world/warehouse/model/turtlebot4/link/base_link/sensor/cliff_front_left/scan (gz.msgs.LaserScan) -> /world/warehouse/model/turtlebot4/link/base_link/sensor/cliff_front_left/scan (sensor_msgs/msg/LaserScan)] (Lazy 0)
[spawner-32] [INFO] [1782058270.614843384] [spawner_joint_state_broadcaster]: waiting for service /controller_manager/list_controllers to become available...
[joint_state_publisher-4] [INFO] [1782058270.753547292] [joint_state_publisher]: Waiting for robot_description to be published on the robot_description topic...
[gazebo-1] [1;33m[GUI] [Wrn] [Application.cc:908] [0m[1;33m[QT] file:///usr/lib/x86_64-linux-gnu/qt5/qml/QtQuick/Dialogs/DefaultFileDialog.qml:413:17: QML ToolButton: Binding loop detected for property "implicitHeight"[0m[1;33m[0m
[gazebo-1] [1;33m[GUI] [Wrn] [Application.cc:908] [0m[1;33m[QT] file:///usr/lib/x86_64-linux-gnu/qt5/qml/QtQuick/Dialogs/DefaultFileDialog.qml:309:21: QML Button: Binding loop detected for property "implicitHeight"[0m[1;33m[0m
[gazebo-1] [1;33m[GUI] [Wrn] [Application.cc:908] [0m[1;33m[QT] file:///usr/lib/x86_64-linux-gnu/qt5/qml/QtQuick/Dialogs/DefaultFileDialog.qml:309:21: QML Button: Binding loop detected for property "implicitHeight"[0m[1;33m[0m
[gazebo-1] [1;33m[GUI] [Wrn] [Application.cc:908] [0m[1;33m[QT] file:///usr/lib/x86_64-linux-gnu/qt5/qml/QtQuick/Dialogs/DefaultFileDialog.qml:413:17: QML ToolButton: Binding loop detected for property "implicitHeight"[0m[1;33m[0m
[gazebo-1] [1;33m[GUI] [Wrn] [Application.cc:908] [0m[1;33m[QT] file:///usr/lib/x86_64-linux-gnu/qt5/qml/QtQuick/Dialogs/DefaultFileDialog.qml:309:21: QML Button: Binding loop detected for property "implicitHeight"[0m[1;33m[0m
[gazebo-1] [1;33m[GUI] [Wrn] [Application.cc:908] [0m[1;33m[QT] file:///usr/lib/x86_64-linux-gnu/qt5/qml/QtQuick/Dialogs/DefaultFileDialog.qml:309:21: QML Button: Binding loop detected for property "implicitHeight"[0m[1;33m[0m
[turtlebot4_node-30] [INFO] [1782058271.022774398] [turtlebot4_node]: Buttons Init
[turtlebot4_node-30] [INFO] [1782058271.042312484] [turtlebot4_node]: Init Display
[turtlebot4_node-30] [INFO] [1782058271.049573929] [turtlebot4_node]: Leds Init
[turtlebot4_node-30] [INFO] [1782058271.099541746] [turtlebot4_node]: Turtlebot4 standard running.
[gazebo-1] [1;36m[GUI] [Dbg] [PathManager.cc:68] [0m[1;36mRequesting resource paths through [[0m[1;36m/gazebo/resource_paths/get[0m[1;36m][0m[1;36m[0m
[parameter_bridge-27] [INFO] [1782058271.150350384] [hmi_led_msg_bridge]: Passing message from ROS std_msgs/msg/Int32 to Gazebo gz.msgs.Int32 (showing msg only once per type)
[parameter_bridge-25] [INFO] [1782058271.150395720] [hmi_display_msg_bridge]: Passing message from ROS std_msgs/msg/Int32 to Gazebo gz.msgs.Int32 (showing msg only once per type)
[parameter_bridge-25] [INFO] [1782058271.150657733] [hmi_display_msg_bridge]: Passing message from ROS std_msgs/msg/String to Gazebo gz.msgs.StringMsg (showing msg only once per type)
[gazebo-1] [1;33m[GUI] [Wrn] [Application.cc:908] [0m[1;33m[QT] file:///usr/lib/x86_64-linux-gnu/qt5/qml/QtQuick/Dialogs/DefaultFileDialog.qml:413:17: QML ToolButton: Binding loop detected for property "implicitHeight"[0m[1;33m[0m
[gazebo-1] [1;33m[GUI] [Wrn] [Application.cc:908] [0m[1;33m[QT] file:///usr/lib/x86_64-linux-gnu/qt5/qml/QtQuick/Dialogs/DefaultFileDialog.qml:309:21: QML Button: Binding loop detected for property "implicitHeight"[0m[1;33m[0m
[gazebo-1] [1;33m[GUI] [Wrn] [Application.cc:908] [0m[1;33m[QT] file:///usr/lib/x86_64-linux-gnu/qt5/qml/QtQuick/Dialogs/DefaultFileDialog.qml:309:21: QML Button: Binding loop detected for property "implicitHeight"[0m[1;33m[0m
[gazebo-1] [1;36m[GUI] [Dbg] [Gui.cc:355] [0m[1;36mGUI requesting list of world names. The server may be busy [0m[1;36mdownloading resources. Please be patient.[0m[1;36m[0m
[gazebo-1] [1;32m[Msg] [0m[1;32mServing entity system service on [[0m[1;32m/[0m[1;32mentity/system/add[0m[1;32m][0m[1;32m[0m
[gazebo-1] [1;36m[Dbg] [Physics.cc:906] [0m[1;36mLoaded [[0m[1;36mgz::physics::dartsim::Plugin[0m[1;36m] from library [[0m[1;36m/opt/ros/jazzy/opt/gz_physics_vendor/lib/gz-physics-7/engine-plugins/libgz-physics-dartsim-plugin.so[0m[1;36m][0m[1;36m[0m
[gazebo-1] [1;36m[Dbg] [SystemManager.cc:80] [0m[1;36mLoaded system [[0m[1;36mgz::sim::systems::Physics[0m[1;36m] for entity [[0m[1;36m1[0m[1;36m][0m[1;36m[0m
[gazebo-1] [1;32m[Msg] [0m[1;32mCreate[0m[1;32m service on [[0m[1;32m/world/warehouse/create_multiple[0m[1;32m] (async)[0m[1;32m[0m
[gazebo-1] [1;32m[Msg] [0m[1;32mCreate[0m[1;32m service on [[0m[1;32m/world/warehouse/create_multiple/blocking[0m[1;32m] (blocking)[0m[1;32m[0m
[gazebo-1] [1;32m[Msg] [0m[1;32mRemove[0m[1;32m service on [[0m[1;32m/world/warehouse/remove[0m[1;32m] (async)[0m[1;32m[0m
[gazebo-1] [1;32m[Msg] [0m[1;32mRemove[0m[1;32m service on [[0m[1;32m/world/warehouse/remove/blocking[0m[1;32m] (blocking)[0m[1;32m[0m
[gazebo-1] [1;32m[Msg] [0m[1;32mPose[0m[1;32m service on [[0m[1;32m/world/warehouse/set_pose[0m[1;32m] (async)[0m[1;32m[0m
[gazebo-1] [1;32m[Msg] [0m[1;32mPose[0m[1;32m service on [[0m[1;32m/world/warehouse/set_pose/blocking[0m[1;32m] (blocking)[0m[1;32m[0m
[gazebo-1] [1;32m[Msg] [0m[1;32mPose[0m[1;32m service on [[0m[1;32m/world/warehouse/set_pose_vector[0m[1;32m] (async)[0m[1;32m[0m
[gazebo-1] [1;32m[Msg] [0m[1;32mPose[0m[1;32m service on [[0m[1;32m/world/warehouse/set_pose_vector/blocking[0m[1;32m] (blocking)[0m[1;32m[0m
[gazebo-1] [1;32m[Msg] [0m[1;32mLight configuration[0m[1;32m service on [[0m[1;32m/world/warehouse/light_config[0m[1;32m] (async)[0m[1;32m[0m
[gazebo-1] [1;32m[Msg] [0m[1;32mLight configuration[0m[1;32m service on [[0m[1;32m/world/warehouse/light_config/blocking[0m[1;32m] (blocking)[0m[1;32m[0m
[gazebo-1] [1;32m[Msg] [0m[1;32mPhysics[0m[1;32m service on [[0m[1;32m/world/warehouse/set_physics[0m[1;32m] (async)[0m[1;32m[0m
[gazebo-1] [1;32m[Msg] [0m[1;32mPhysics[0m[1;32m service on [[0m[1;32m/world/warehouse/set_physics/blocking[0m[1;32m] (blocking)[0m[1;32m[0m
[gazebo-1] [1;32m[Msg] [0m[1;32mSphericalCoordinates[0m[1;32m service on [[0m[1;32m/world/warehouse/set_spherical_coordinates[0m[1;32m] (async)[0m[1;32m[0m
[gazebo-1] [1;32m[Msg] [0m[1;32mSphericalCoordinates[0m[1;32m service on [[0m[1;32m/world/warehouse/set_spherical_coordinates/blocking[0m[1;32m] (blocking)[0m[1;32m[0m
[gazebo-1] [1;32m[Msg] [0m[1;32mEnable collision[0m[1;32m service on [[0m[1;32m/world/warehouse/enable_collision[0m[1;32m] (async)[0m[1;32m[0m
[gazebo-1] [1;32m[Msg] [0m[1;32mEnable collision[0m[1;32m service on [[0m[1;32m/world/warehouse/enable_collision/blocking[0m[1;32m] (blocking)[0m[1;32m[0m
[gazebo-1] [1;32m[Msg] [0m[1;32mDisable collision[0m[1;32m service on [[0m[1;32m/world/warehouse/disable_collision[0m[1;32m] (async)[0m[1;32m[0m
[gazebo-1] [1;32m[Msg] [0m[1;32mDisable collision[0m[1;32m service on [[0m[1;32m/world/warehouse/disable_collision/blocking[0m[1;32m] (blocking)[0m[1;32m[0m
[gazebo-1] [1;32m[Msg] [0m[1;32mMaterial[0m[1;32m service on [[0m[1;32m/world/warehouse/visual_config[0m[1;32m] (async)[0m[1;32m[0m
[gazebo-1] [1;32m[Msg] [0m[1;32mMaterial[0m[1;32m service on [[0m[1;32m/world/warehouse/visual_config/blocking[0m[1;32m] (blocking)[0m[1;32m[0m
[gazebo-1] [1;32m[Msg] [0m[1;32mMaterial[0m[1;32m service on [[0m[1;32m/world/warehouse/wheel_slip[0m[1;32m] (async)[0m[1;32m[0m
[gazebo-1] [1;32m[Msg] [0m[1;32mMaterial[0m[1;32m service on [[0m[1;32m/world/warehouse/wheel_slip/blocking[0m[1;32m] (blocking)[0m[1;32m[0m
[gazebo-1] [1;36m[Dbg] [SystemManager.cc:80] [0m[1;36mLoaded system [[0m[1;36mgz::sim::systems::UserCommands[0m[1;36m] for entity [[0m[1;36m1[0m[1;36m][0m[1;36m[0m
[gazebo-1] [1;36m[Dbg] [SystemManager.cc:80] [0m[1;36mLoaded system [[0m[1;36mgz::sim::systems::SceneBroadcaster[0m[1;36m] for entity [[0m[1;36m1[0m[1;36m][0m[1;36m[0m
[gazebo-1] [1;36m[Dbg] [SystemManager.cc:80] [0m[1;36mLoaded system [[0m[1;36mgz::sim::systems::Contact[0m[1;36m] for entity [[0m[1;36m1[0m[1;36m][0m[1;36m[0m
[gazebo-1] [1;32m[Msg] [0m[1;32mLoaded level [[0m[1;32mdefault[0m[1;32m][0m[1;32m[0m
[gazebo-1] [1;32m[Msg] [0m[1;32mServing world controls on [[0m[1;32m/world/warehouse[0m[1;32m/control], [[0m[1;32m/world/warehouse[0m[1;32m/control/state] and [[0m[1;32m/world/warehouse[0m[1;32m/playback/control][0m[1;32m[0m
[gazebo-1] [1;32m[Msg] [0m[1;32mServing GUI information on [[0m[1;32m/world/warehouse[0m[1;32m/[0m[1;32mgui/info[0m[1;32m][0m[1;32m[0m
[gazebo-1] [1;32m[Msg] [0m[1;32mWorld [[0m[1;32mwarehouse[0m[1;32m] initialized with [[0m[1;32mdefault_physics[0m[1;32m] physics profile.[0m[1;32m[0m
[gazebo-1] [1;32m[Msg] [0m[1;32mServing world SDF generation service on [[0m[1;32m/world/warehouse[0m[1;32m/[0m[1;32mgenerate_world_sdf[0m[1;32m][0m[1;32m[0m
[gazebo-1] [1;32m[Msg] [0m[1;32mServing world names on [[0m[1;32m/gazebo/worlds[0m[1;32m][0m[1;32m[0m
[gazebo-1] [1;32m[Msg] [0m[1;32mResource path add service on [[0m[1;32m/gazebo/resource_paths/add[0m[1;32m].[0m[1;32m[0m
[gazebo-1] [1;32m[Msg] [0m[1;32mResource path get service on [[0m[1;32m/gazebo/resource_paths/get[0m[1;32m].[0m[1;32m[0m
[gazebo-1] [1;36m[GUI] [Dbg] [GuiRunner.cc:149] [0m[1;36mRequesting initial state from [[0m[1;36m/world/warehouse/state[0m[1;36m]...[0m[1;36m[0m
[gazebo-1] [1;32m[Msg] [0m[1;32mResource path resolve service on [[0m[1;32m/gazebo/resource_paths/resolve[0m[1;32m].[0m[1;32m[0m
[create-7] [INFO] [1782058271.528049153] [ros_gz_sim]: Waiting messages on topic [robot_description].
[gazebo-1] [1;32m[GUI] [0m[1;32m[Msg] [0m[1;32mLoading config [[0m[1;32m/opt/ros/jazzy/share/turtlebot4_gz_bringup/gui/standard/gui.config[0m[1;32m][0m[1;32m[0m
[gazebo-1] [1;36m[GUI] [Dbg] [Application.cc:528] [0m[1;36mLoading plugin [[0m[1;36mMinimalScene[0m[1;36m][0m[1;36m[0m
[gazebo-1] [1;36m[GUI] [Dbg] [MinimalScene.cc:802] [0m[1;36mCreating gz-rendering interface for OpenGL[0m[1;36m[0m
[gazebo-1] [1;36m[GUI] [Dbg] [MinimalScene.cc:802] [0m[1;36mCreating gz-rendering interface for OpenGL[0m[1;36m[0m
[gazebo-1] [1;36m[GUI] [Dbg] [MinimalScene.cc:986] [0m[1;36mCreating render thread interface for OpenGL[0m[1;36m[0m
[gazebo-1] [1;36m[GUI] [Dbg] [MinimalScene.cc:802] [0m[1;36mCreating gz-rendering interface for OpenGL[0m[1;36m[0m
[gazebo-1] [1;36m[GUI] [Dbg] [MinimalScene.cc:986] [0m[1;36mCreating render thread interface for OpenGL[0m[1;36m[0m
[gazebo-1] [1;32m[GUI] [0m[1;32m[Msg] [0m[1;32mAdded plugin [[0m[1;32m3D View[0m[1;32m] to main window[0m[1;32m[0m
[gazebo-1] [1;32m[GUI] [0m[1;32m[Msg] [0m[1;32mLoaded plugin [[0m[1;32mMinimalScene[0m[1;32m] from path [[0m[1;32m/opt/ros/jazzy/opt/gz_gui_vendor/lib/gz-gui-8/plugins/libMinimalScene.so[0m[1;32m][0m[1;32m[0m
[gazebo-1] [1;36m[GUI] [Dbg] [Application.cc:528] [0m[1;36mLoading plugin [[0m[1;36mGzSceneManager[0m[1;36m][0m[1;36m[0m
[gazebo-1] [1;32m[Msg] [0m[1;32mResource paths published on [[0m[1;32m/gazebo/resource_paths[0m[1;32m].[0m[1;32m[0m
[create-8] [INFO] [1782058271.629738632] [ros_gz_sim]: Waiting messages on topic [standard_dock_description].
[gazebo-1] [1;32m[GUI] [0m[1;32m[Msg] [0m[1;32mAdded plugin [[0m[1;32mScene Manager[0m[1;32m] to main window[0m[1;32m[0m
[gazebo-1] [1;32m[GUI] [0m[1;32m[Msg] [0m[1;32mLoaded plugin [[0m[1;32mGzSceneManager[0m[1;32m] from path [[0m[1;32m/opt/ros/jazzy/opt/gz_sim_vendor/lib/gz-sim-8/plugins/gui/libGzSceneManager.so[0m[1;32m][0m[1;32m[0m
[gazebo-1] [1;36m[GUI] [Dbg] [Application.cc:528] [0m[1;36mLoading plugin [[0m[1;36mInteractiveViewControl[0m[1;36m][0m[1;36m[0m
[gazebo-1] [1;32m[GUI] [0m[1;32m[Msg] [0m[1;32mCamera view controller topic advertised on [[0m[1;32m/gui/camera/view_control[0m[1;32m][0m[1;32m[0m
[gazebo-1] [1;32m[GUI] [0m[1;32m[Msg] [0m[1;32mCamera reference visual topic advertised on [[0m[1;32m/gui/camera/view_control/reference_visual[0m[1;32m][0m[1;32m[0m
[gazebo-1] [1;32m[GUI] [0m[1;32m[Msg] [0m[1;32mCamera view control sensitivity advertised on [[0m[1;32m/gui/camera/view_control/sensitivity[0m[1;32m][0m[1;32m[0m
[gazebo-1] [1;32m[GUI] [0m[1;32m[Msg] [0m[1;32mAdded plugin [[0m[1;32mInteractive view control[0m[1;32m] to main window[0m[1;32m[0m
[gazebo-1] [1;32m[GUI] [0m[1;32m[Msg] [0m[1;32mLoaded plugin [[0m[1;32mInteractiveViewControl[0m[1;32m] from path [[0m[1;32m/opt/ros/jazzy/opt/gz_gui_vendor/lib/gz-gui-8/plugins/libInteractiveViewControl.so[0m[1;32m][0m[1;32m[0m
[gazebo-1] [1;36m[GUI] [Dbg] [Application.cc:528] [0m[1;36mLoading plugin [[0m[1;36mWorldControl[0m[1;36m][0m[1;36m[0m
[gazebo-1] [1;32m[GUI] [0m[1;32m[Msg] [0m[1;32mUsing world control service [[0m[1;32m/world/warehouse/control[0m[1;32m][0m[1;32m[0m
[gazebo-1] [1;32m[GUI] [0m[1;32m[Msg] [0m[1;32mListening to stats on [[0m[1;32m/world/warehouse/stats[0m[1;32m][0m[1;32m[0m
[gazebo-1] [1;36m[GUI] [Dbg] [WorldControl.cc:237] [0m[1;36mUsing an event to share WorldControl msgs with the server[0m
[gazebo-1] [1;36m[GUI] [Dbg] [PathManager.cc:57] [0m[1;36mReceived resource paths.[0m[1;36m[0m
[gazebo-1] [1;32m[Msg] [0m[1;32mServer control service on [[0m[1;32m/server_control[0m[1;32m].[0m[1;32m[0m
[create-7] [INFO] [1782058271.728281290] [ros_gz_sim]: Entity creation successful.
[create-8] [INFO] [1782058271.728372383] [ros_gz_sim]: Entity creation successful.
[gazebo-1] [1;32m[GUI] [0m[1;32m[Msg] [0m[1;32mAdded plugin [[0m[1;32mWorld control[0m[1;32m] to main window[0m[1;32m[0m
[gazebo-1] [1;32m[GUI] [0m[1;32m[Msg] [0m[1;32mLoaded plugin [[0m[1;32mWorldControl[0m[1;32m] from path [[0m[1;32m/opt/ros/jazzy/opt/gz_gui_vendor/lib/gz-gui-8/plugins/libWorldControl.so[0m[1;32m][0m[1;32m[0m
[gazebo-1] [1;36m[GUI] [Dbg] [Application.cc:528] [0m[1;36mLoading plugin [[0m[1;36mWorldStats[0m[1;36m][0m[1;36m[0m
[gazebo-1] [1;32m[GUI] [0m[1;32m[Msg] [0m[1;32mListening to stats on [[0m[1;32m/world/warehouse/stats[0m[1;32m][0m[1;32m[0m
[gazebo-1] [1;32m[GUI] [0m[1;32m[Msg] [0m[1;32mAdded plugin [[0m[1;32mWorld stats[0m[1;32m] to main window[0m[1;32m[0m
[gazebo-1] [1;32m[GUI] [0m[1;32m[Msg] [0m[1;32mLoaded plugin [[0m[1;32mWorldStats[0m[1;32m] from path [[0m[1;32m/opt/ros/jazzy/opt/gz_gui_vendor/lib/gz-gui-8/plugins/libWorldStats.so[0m[1;32m][0m[1;32m[0m
[gazebo-1] [1;36m[GUI] [Dbg] [Application.cc:528] [0m[1;36mLoading plugin [[0m[1;36mTransformControl[0m[1;36m][0m[1;36m[0m
[gazebo-1] [1;32m[GUI] [0m[1;32m[Msg] [0m[1;32mAdded plugin [[0m[1;32mTransform control[0m[1;32m] to main window[0m[1;32m[0m
[gazebo-1] [1;32m[GUI] [0m[1;32m[Msg] [0m[1;32mLoaded plugin [[0m[1;32mTransformControl[0m[1;32m] from path [[0m[1;32m/opt/ros/jazzy/opt/gz_sim_vendor/lib/gz-sim-8/plugins/gui/libTransformControl.so[0m[1;32m][0m[1;32m[0m
[gazebo-1] [1;36m[GUI] [Dbg] [Application.cc:528] [0m[1;36mLoading plugin [[0m[1;36mShapes[0m[1;36m][0m[1;36m[0m
[gazebo-1] [1;32m[Msg] [0m[1;32mFound no publishers on /stats, adding root stats topic[0m[1;32m[0m
[gazebo-1] [1;32m[Msg] [0m[1;32mFound no publishers on /clock, adding root clock topic[0m[1;32m[0m
[gazebo-1] [1;36m[Dbg] [SimulationRunner.cc:551] [0m[1;36mCreating PostUpdate worker threads: [0m[1;36m3[0m[1;36m[0m
[gazebo-1] [1;36m[Dbg] [SimulationRunner.cc:562] [0m[1;36mCreating postupdate worker thread ([0m[1;36m0[0m[1;36m)[0m[1;36m[0m
[gazebo-1] [1;36m[Dbg] [SimulationRunner.cc:562] [0m[1;36mCreating postupdate worker thread ([0m[1;36m1[0m[1;36m)[0m[1;36m[0m
[gazebo-1] [1;32m[GUI] [0m[1;32m[Msg] [0m[1;32mAdded plugin [[0m[1;32mShapes[0m[1;32m] to main window[0m[1;32m[0m
[gazebo-1] [1;32m[GUI] [0m[1;32m[Msg] [0m[1;32mLoaded plugin [[0m[1;32mShapes[0m[1;32m] from path [[0m[1;32m/opt/ros/jazzy/opt/gz_sim_vendor/lib/gz-sim-8/plugins/gui/libShapes.so[0m[1;32m][0m[1;32m[0m
[gazebo-1] [1;36m[GUI] [Dbg] [Application.cc:528] [0m[1;36mLoading plugin [[0m[1;36mTurtlebot4Hmi[0m[1;36m][0m[1;36m[0m
[INFO] [create-7]: process has finished cleanly [pid 3595]
[INFO] [create-8]: process has finished cleanly [pid 3596]
[gazebo-1] [1;33m[GUI] [Wrn] [Application.cc:908] [0m[1;33m[QT] file::/Turtlebot4Hmi/Turtlebot4Hmi.qml:102:7: Unable to assign [undefined] to QString[0m[1;33m[0m
[gazebo-1] [1;32m[GUI] [0m[1;32m[Msg] [0m[1;32mAdded plugin [[0m[1;32mTurtlebot4 HMI[0m[1;32m] to main window[0m[1;32m[0m
[gazebo-1] [1;32m[GUI] [0m[1;32m[Msg] [0m[1;32mLoaded plugin [[0m[1;32mTurtlebot4Hmi[0m[1;32m] from path [[0m[1;32m/opt/ros/jazzy/share/turtlebot4_gz_gui_plugins/lib/libTurtlebot4Hmi.so[0m[1;32m][0m[1;32m[0m
[gazebo-1] [1;36m[GUI] [Dbg] [Application.cc:528] [0m[1;36mLoading plugin [[0m[1;36mTeleop[0m[1;36m][0m[1;36m[0m
[gazebo-1] [1;32m[GUI] [0m[1;32m[Msg] [0m[1;32mA new topic has been entered: '[0m[1;32m/cmd_vel[0m[1;32m ' [0m[1;32m[0m
[gazebo-1] [1;32m[GUI] [0m[1;32m[Msg] [0m[1;32mAdded plugin [[0m[1;32mTeleop[0m[1;32m] to main window[0m[1;32m[0m
[gazebo-1] [1;32m[GUI] [0m[1;32m[Msg] [0m[1;32mLoaded plugin [[0m[1;32mTeleop[0m[1;32m] from path [[0m[1;32m/opt/ros/jazzy/opt/gz_gui_vendor/lib/gz-gui-8/plugins/libTeleop.so[0m[1;32m][0m[1;32m[0m
[gazebo-1] [1;36m[GUI] [Dbg] [Application.cc:671] [0m[1;36mApplying config[0m[1;36m[0m
[gazebo-1] [1;33m[GUI] [Wrn] [Application.cc:908] [0m[1;33m[QT] file::/WorldStats/WorldStats.qml:53:3: QML RowLayout: Binding loop detected for property "x"[0m[1;33m[0m
[gazebo-1] [1;33mWarning [Utils.cc:132][0m [/sdf/model[@name="turtlebot4"]/joint[@name="wheel_drop_left_joint"]/physics/ode/provide_feedback:<urdf-string>:L0]: XML Element[provide_feedback], child of element[ode], not defined in SDF. Copying[provide_feedback] as children of [ode].
[gazebo-1] [1;33mWarning [Utils.cc:132][0m [/sdf/model[@name="turtlebot4"]/joint[@name="wheel_drop_right_joint"]/physics/ode/provide_feedback:<urdf-string>:L0]: XML Element[provide_feedback], child of element[ode], not defined in SDF. Copying[provide_feedback] as children of [ode].
[gazebo-1] [1;33m[Wrn] [SdfEntityCreator.cc:933] [0m[1;33mGazebo does not support Ogre material scripts. See [0m[1;33mhttps://gazebosim.org/api/sim/8/migrationsdf.html#:~:text=Materials [0m[1;33mfor details.[0m[1;33m[0m
[gazebo-1] [1;33m[Wrn] [SdfEntityCreator.cc:949] [0m[1;33mUsing an internal gazebo.material to parse [0m[1;33mGazebo/DarkGrey[0m[1;33m[0m
[gazebo-1] [1;33m[Wrn] [SdfEntityCreator.cc:933] [0m[1;33mGazebo does not support Ogre material scripts. See [0m[1;33mhttps://gazebosim.org/api/sim/8/migrationsdf.html#:~:text=Materials [0m[1;33mfor details.[0m[1;33m[0m
[gazebo-1] [1;33m[Wrn] [SdfEntityCreator.cc:949] [0m[1;33mUsing an internal gazebo.material to parse [0m[1;33mGazebo/DarkGrey[0m[1;33m[0m
[gazebo-1] [1;33m[Wrn] [SdfEntityCreator.cc:933] [0m[1;33mGazebo does not support Ogre material scripts. See [0m[1;33mhttps://gazebosim.org/api/sim/8/migrationsdf.html#:~:text=Materials [0m[1;33mfor details.[0m[1;33m[0m
[gazebo-1] [1;33m[Wrn] [SdfEntityCreator.cc:949] [0m[1;33mUsing an internal gazebo.material to parse [0m[1;33mGazebo/DarkGrey[0m[1;33m[0m
[gazebo-1] [1;33m[Wrn] [SdfEntityCreator.cc:933] [0m[1;33mGazebo does not support Ogre material scripts. See [0m[1;33mhttps://gazebosim.org/api/sim/8/migrationsdf.html#:~:text=Materials [0m[1;33mfor details.[0m[1;33m[0m
[gazebo-1] [1;33m[Wrn] [SdfEntityCreator.cc:949] [0m[1;33mUsing an internal gazebo.material to parse [0m[1;33mGazebo/DarkGrey[0m[1;33m[0m
[gazebo-1] [1;36m[GUI] [Dbg] [MinimalScene.cc:802] [0m[1;36mCreating gz-rendering interface for OpenGL[0m[1;36m[0m
[gazebo-1] [1;36m[GUI] [Dbg] [MinimalScene.cc:986] [0m[1;36mCreating render thread interface for OpenGL[0m[1;36m[0m
[gazebo-1] [INFO] [1782058272.149329348] [gz_ros_control]: [gz_ros2_control] Fixed joint [bumper_joint] (Entity=215)] is skipped
[gazebo-1] [INFO] [1782058272.149439810] [gz_ros_control]: [gz_ros2_control] Fixed joint [front_caster_joint] (Entity=216)] is skipped
[gazebo-1] [INFO] [1782058272.149454711] [gz_ros_control]: [gz_ros2_control] Fixed joint [front_left_bottom_weight_block_joint] (Entity=217)] is skipped
[gazebo-1] [INFO] [1782058272.149467023] [gz_ros_control]: [gz_ros2_control] Fixed joint [front_left_top_weight_block_joint] (Entity=218)] is skipped
[gazebo-1] [INFO] [1782058272.149479126] [gz_ros_control]: [gz_ros2_control] Fixed joint [front_right_bottom_weight_block_joint] (Entity=219)] is skipped
[gazebo-1] [INFO] [1782058272.149491508] [gz_ros_control]: [gz_ros2_control] Fixed joint [front_right_top_weight_block_joint] (Entity=220)] is skipped
[gazebo-1] [INFO] [1782058272.149504310] [gz_ros_control]: [gz_ros2_control] Fixed joint [imu_joint] (Entity=221)] is skipped
[gazebo-1] [INFO] [1782058272.149515433] [gz_ros_control]: [gz_ros2_control] Fixed joint [ir_intensity_front_center_left_joint] (Entity=222)] is skipped
[gazebo-1] [INFO] [1782058272.149527746] [gz_ros_control]: [gz_ros2_control] Fixed joint [ir_intensity_front_center_right_joint] (Entity=223)] is skipped
[gazebo-1] [INFO] [1782058272.149540268] [gz_ros_control]: [gz_ros2_control] Fixed joint [ir_intensity_front_left_joint] (Entity=224)] is skipped
[gazebo-1] [INFO] [1782058272.149552091] [gz_ros_control]: [gz_ros2_control] Fixed joint [ir_intensity_front_right_joint] (Entity=225)] is skipped
[gazebo-1] [INFO] [1782058272.149564543] [gz_ros_control]: [gz_ros2_control] Fixed joint [ir_intensity_left_joint] (Entity=226)] is skipped
[gazebo-1] [INFO] [1782058272.149577555] [gz_ros_control]: [gz_ros2_control] Fixed joint [ir_intensity_right_joint] (Entity=227)] is skipped
[gazebo-1] [INFO] [1782058272.149588398] [gz_ros_control]: [gz_ros2_control] Fixed joint [ir_intensity_side_left_joint] (Entity=228)] is skipped
[gazebo-1] [INFO] [1782058272.149600851] [gz_ros_control]: [gz_ros2_control] Fixed joint [ir_omni_joint] (Entity=229)] is skipped
[gazebo-1] [INFO] [1782058272.149612393] [gz_ros_control]: [gz_ros2_control] Fixed joint [mouse_joint] (Entity=230)] is skipped
[gazebo-1] [INFO] [1782058272.149624146] [gz_ros_control]: [gz_ros2_control] Fixed joint [front_left_tower_standoff_joint] (Entity=231)] is skipped
[gazebo-1] [INFO] [1782058272.149636529] [gz_ros_control]: [gz_ros2_control] Fixed joint [front_right_tower_standoff_joint] (Entity=232)] is skipped
[gazebo-1] [INFO] [1782058272.149649331] [gz_ros_control]: [gz_ros2_control] Fixed joint [oakd_camera_bracket_joint] (Entity=233)] is skipped
[gazebo-1] [INFO] [1782058272.149661573] [gz_ros_control]: [gz_ros2_control] Fixed joint [oakd_joint] (Entity=234)] is skipped
[gazebo-1] [INFO] [1782058272.149674165] [gz_ros_control]: [gz_ros2_control] Fixed joint [oakd_imu_joint] (Entity=235)] is skipped
[gazebo-1] [INFO] [1782058272.149686478] [gz_ros_control]: [gz_ros2_control] Fixed joint [oakd_left_camera_joint] (Entity=236)] is skipped
[gazebo-1] [INFO] [1782058272.149698370] [gz_ros_control]: [gz_ros2_control] Fixed joint [oakd_left_camera_optical_joint] (Entity=237)] is skipped
[gazebo-1] [INFO] [1782058272.149710403] [gz_ros_control]: [gz_ros2_control] Fixed joint [oakd_rgb_camera_joint] (Entity=238)] is skipped
[gazebo-1] [INFO] [1782058272.149723625] [gz_ros_control]: [gz_ros2_control] Fixed joint [oakd_rgb_camera_optical_joint] (Entity=239)] is skipped
[gazebo-1] [INFO] [1782058272.149736707] [gz_ros_control]: [gz_ros2_control] Fixed joint [oakd_right_camera_joint] (Entity=240)] is skipped
[gazebo-1] [INFO] [1782058272.149749089] [gz_ros_control]: [gz_ros2_control] Fixed joint [oakd_right_camera_optical_joint] (Entity=241)] is skipped
[gazebo-1] [INFO] [1782058272.149761891] [gz_ros_control]: [gz_ros2_control] Fixed joint [rear_left_tower_standoff_joint] (Entity=242)] is skipped
[gazebo-1] [INFO] [1782058272.149773434] [gz_ros_control]: [gz_ros2_control] Fixed joint [rear_right_tower_standoff_joint] (Entity=243)] is skipped
[gazebo-1] [INFO] [1782058272.149786726] [gz_ros_control]: [gz_ros2_control] Fixed joint [rplidar_joint] (Entity=244)] is skipped
[gazebo-1] [INFO] [1782058272.149797849] [gz_ros_control]: [gz_ros2_control] Fixed joint [tower_sensor_plate_joint] (Entity=245)] is skipped
[gazebo-1] [INFO] [1782058272.152464044] [gz_ros_control]: Loading controller_manager
[gazebo-1] [INFO] [1782058272.171098239] [controller_manager]: Using ROS clock for triggering controller manager cycles.
[gazebo-1] [INFO] [1782058272.178034390] [controller_manager]: Subscribing to '/robot_description' topic for robot description.
[gazebo-1] [WARN] [1782058272.180688133] [gz_ros_control]: Waiting RM to load and initialize hardware...
[gazebo-1] [1;32m[GUI] [0m[1;32m[Msg] [0m[1;32mLoading plugin [[0m[1;32mgz-rendering-ogre2[0m[1;32m][0m[1;32m[0m
[gazebo-1] libEGL warning: pci id for fd 137: 10de:2560, driver (null)
[gazebo-1] 
[gazebo-1] pci id for fd 138: 10de:2560, driver (null)
[gazebo-1] pci id for fd 139: 10de:2560, driver (null)
[gazebo-1] libEGL warning: egl: failed to create dri2 screen
[gazebo-1] libEGL warning: pci id for fd 137: 10de:2560, driver (null)
[gazebo-1] 
[gazebo-1] pci id for fd 138: 10de:2560, driver (null)
[gazebo-1] pci id for fd 139: 10de:2560, driver (null)
[gazebo-1] libEGL warning: egl: failed to create dri2 screen
[gazebo-1] libEGL warning: pci id for fd 137: 10de:2560, driver (null)
[gazebo-1] 
[gazebo-1] [1;36m[GUI] [Dbg] [MinimalScene.cc:749] [0m[1;36mCreate scene [[0m[1;36mscene[0m[1;36m][0m[1;36m[0m
[gazebo-1] [1;36m[GUI] [Dbg] [MinimalScene.cc:1037] [0m[1;36mCreating texture node render interface for OpenGL[0m[1;36m[0m
[gazebo-1] [1;36m[GUI] [Dbg] [TransformControl.cc:453] [0m[1;36mTransformControl plugin is using camera [[0m[1;36mscene::Camera(65527)[0m[1;36m][0m[1;36m[0m
[gazebo-1] [1;36m[GUI] [Dbg] [InteractiveViewControl.cc:176] [0m[1;36mInteractiveViewControl plugin is moving camera [[0m[1;36mscene::Camera(65527)[0m[1;36m][0m[1;36m[0m
[gazebo-1] [WARN] [1782058273.183821163] [controller_manager]: Waiting for data on 'robot_description' topic to finish initialization
[gazebo-1] [INFO] [1782058273.401818137] [controller_manager]: Received robot description from topic.
[gazebo-1] [INFO] [1782058273.401889697] [controller_manager]: Enforcing command limits is disabled. Command limits from URDF will be ignored.
[joint_state_publisher-4] [INFO] [1782058273.402428526] [joint_state_publisher]: Got description, configuring robot
[gazebo-1] [INFO] [1782058273.415995510] [gz_ros_control]: The position_proportional_gain has been set to: 0.1
[gazebo-1] [INFO] [1782058273.416068958] [gz_ros_control]: Loading joint: left_wheel_joint
[gazebo-1] [INFO] [1782058273.416087215] [gz_ros_control]: 	State:
[gazebo-1] [INFO] [1782058273.416103863] [gz_ros_control]: 		 velocity
[gazebo-1] [INFO] [1782058273.416131074] [gz_ros_control]: 		 position
[gazebo-1] [INFO] [1782058273.416148422] [gz_ros_control]: 	Command:
[gazebo-1] [INFO] [1782058273.416161222] [gz_ros_control]: 		 velocity
[gazebo-1] [INFO] [1782058273.416269996] [gz_ros_control]: Loading sensor: imu
[gazebo-1] [INFO] [1782058273.416286434] [gz_ros_control]: 	State:
[gazebo-1] [INFO] [1782058273.416635767] [controller_manager]: Initialize hardware 'left_wheel_controller' 
[gazebo-1] [WARN] [1782058273.416674380] [controller_manager.hardware_component.system.left_wheel_controller]: Executor is not available during hardware component initialization for 'left_wheel_controller'. Skipping node creation!
[gazebo-1] [INFO] [1782058273.416741742] [controller_manager]: Successful initialization of hardware 'left_wheel_controller'
[gazebo-1] [INFO] [1782058273.416834497] [gz_ros_control]: The position_proportional_gain has been set to: 0.1
[gazebo-1] [INFO] [1782058273.416857021] [gz_ros_control]: Loading joint: right_wheel_joint
[gazebo-1] [INFO] [1782058273.416866464] [gz_ros_control]: 	State:
[gazebo-1] [INFO] [1782058273.416875628] [gz_ros_control]: 		 velocity
[gazebo-1] [INFO] [1782058273.416885701] [gz_ros_control]: 		 position
[gazebo-1] [INFO] [1782058273.416895214] [gz_ros_control]: 	Command:
[gazebo-1] [INFO] [1782058273.416903258] [gz_ros_control]: 		 velocity
[gazebo-1] [INFO] [1782058273.416919067] [gz_ros_control]: Loading sensor: imu
[gazebo-1] [INFO] [1782058273.416929979] [gz_ros_control]: 	State:
[gazebo-1] [INFO] [1782058273.416954812] [controller_manager]: Initialize hardware 'right_wheel_controller' 
[gazebo-1] [WARN] [1782058273.416965374] [controller_manager.hardware_component.system.right_wheel_controller]: Executor is not available during hardware component initialization for 'right_wheel_controller'. Skipping node creation!
[gazebo-1] [INFO] [1782058273.416984051] [controller_manager]: Successful initialization of hardware 'right_wheel_controller'
[gazebo-1] [INFO] [1782058273.417047566] [controller_manager]: Activating component 'right_wheel_controller'.
[gazebo-1] [INFO] [1782058273.417160117] [resource_manager]: 'configure' hardware 'right_wheel_controller' 
[gazebo-1] [INFO] [1782058273.417174526] [gz_ros_control]: System Successfully configured!
[gazebo-1] [INFO] [1782058273.417191594] [resource_manager]: Successful 'configure' of hardware 'right_wheel_controller'
[gazebo-1] [INFO] [1782058273.417202227] [resource_manager]: 'activate' hardware 'right_wheel_controller' 
[gazebo-1] [INFO] [1782058273.417219365] [resource_manager]: Successful 'activate' of hardware 'right_wheel_controller'
[gazebo-1] [INFO] [1782058273.417317575] [controller_manager]: Activating component 'left_wheel_controller'.
[gazebo-1] [INFO] [1782058273.417329117] [resource_manager]: 'configure' hardware 'left_wheel_controller' 
[gazebo-1] [INFO] [1782058273.417333384] [gz_ros_control]: System Successfully configured!
[gazebo-1] [INFO] [1782058273.417343177] [resource_manager]: Successful 'configure' of hardware 'left_wheel_controller'
[gazebo-1] [INFO] [1782058273.417347444] [resource_manager]: 'activate' hardware 'left_wheel_controller' 
[gazebo-1] [INFO] [1782058273.417353180] [resource_manager]: Successful 'activate' of hardware 'left_wheel_controller'
[gazebo-1] [WARN] [1782058273.417378013] [controller_manager]: Component 'right_wheel_controller' does not have read or write statistics initialized, skipping registration.
[gazebo-1] [WARN] [1782058273.417403335] [controller_manager]: Component 'left_wheel_controller' does not have read or write statistics initialized, skipping registration.
[gazebo-1] [INFO] [1782058273.417419074] [controller_manager]: Resource Manager has been successfully initialized. Starting Controller Manager services...
[gazebo-1] [INFO] [1782058274.130427913] [controller_manager]: Loading controller : 'joint_state_broadcaster' of type 'joint_state_broadcaster/JointStateBroadcaster'
[gazebo-1] [INFO] [1782058274.130504153] [controller_manager]: Loading controller 'joint_state_broadcaster'
[gazebo-1] [WARN] [1782058274.137371952] [controller_manager]: The use of remapping arguments to the controller_manager node is deprecated. Please use the '--controller-ros-args' argument of the spawner to pass remapping arguments to the controller node.
[gazebo-1] [INFO] [1782058274.137424061] [controller_manager]: Controller 'joint_state_broadcaster' node arguments: --ros-args --params-file /home/brookz/create3_ws/install/irobot_create_control/share/irobot_create_control/config/control.yaml --ros-args --remap ~/odom:=odom --remap /tf:=tf --remap /tf_static:=tf_static --remap /diagnostics:=diagnostics -p use_sim_time:=true --param use_sim_time:=true 
[gazebo-1] [1;36m[Dbg] [SystemManager.cc:80] [0m[1;36mLoaded system [[0m[1;36mgz_ros2_control::GazeboSimROS2ControlPlugin[0m[1;36m] for entity [[0m[1;36m132[0m[1;36m][0m[1;36m[0m
[gazebo-1] [1;36m[Dbg] [SystemManager.cc:80] [0m[1;36mLoaded system [[0m[1;36mgz::sim::systems::PosePublisher[0m[1;36m] for entity [[0m[1;36m132[0m[1;36m][0m[1;36m[0m
[gazebo-1] [1;36m[Dbg] [SystemManager.cc:80] [0m[1;36mLoaded system [[0m[1;36mgz::sim::systems::Contact[0m[1;36m] for entity [[0m[1;36m132[0m[1;36m][0m[1;36m[0m
[gazebo-1] [1;36m[Dbg] [Sensors.cc:697] [0m[1;36mConfiguring Sensors system[0m[1;36m[0m
[gazebo-1] [1;36m[Dbg] [Sensors.cc:557] [0m[1;36mSensorsPrivate::Run[0m[1;36m[0m
[gazebo-1] [1;36m[Dbg] [SystemManager.cc:80] [0m[1;36mLoaded system [[0m[1;36mgz::sim::systems::Sensors[0m[1;36m] for entity [[0m[1;36m132[0m[1;36m][0m[1;36m[0m
[gazebo-1] [1;36m[Dbg] [Sensors.cc:532] [0m[1;36mSensorsPrivate::RenderThread started[0m[1;36m[0m
[gazebo-1] [1;36m[Dbg] [Sensors.cc:337] [0m[1;36mWaiting for init[0m[1;36m[0m
[gazebo-1] [1;36m[Dbg] [UserCommands.cc:1094] [0m[1;36mCreated entity [[0m[1;36m132[0m[1;36m] named [[0m[1;36mturtlebot4[0m[1;36m][0m[1;36m[0m
[spawner-32] [INFO] [1782058274.214767854] [spawner_joint_state_broadcaster]: Loaded joint_state_broadcaster
[gazebo-1] [INFO] [1782058274.218153807] [controller_manager]: Configuring controller: 'joint_state_broadcaster'
[gazebo-1] [INFO] [1782058274.218587674] [joint_state_broadcaster]: 'joints' or 'interfaces' parameter is empty. All available state interfaces will be published
[gazebo-1] [INFO] [1782058274.236591998] [controller_manager]: Activating controllers: [ joint_state_broadcaster ]
[gazebo-1] [1;36m[Dbg] [SystemManager.cc:80] [0m[1;36mLoaded system [[0m[1;36mgz::sim::systems::PosePublisher[0m[1;36m] for entity [[0m[1;36m250[0m[1;36m][0m[1;36m[0m
[gazebo-1] [1;36m[Dbg] [UserCommands.cc:1094] [0m[1;36mCreated entity [[0m[1;36m250[0m[1;36m] named [[0m[1;36mstandard_dock[0m[1;36m][0m[1;36m[0m
[gazebo-1] [1;32m[Msg] [0m[1;32mContact system publishing on [0m[1;32m/bumper_contact[0m[1;32m[0m
[gazebo-1] [1;36m[Dbg] [SDFFeatures.cc:332] [0m[1;36mMesh construction from an SDF has not been implemented yet for [0m[1;36mdartsim. Use AttachMeshShapeFeature to use mesh shapes.[0m
[gazebo-1] [1;36m[Dbg] [SDFFeatures.cc:864] [0m[1;36mThe geometry element of collision [[0m[1;36mwarehouse_collision[0m[1;36m] [0m[1;36mcouldn't be created[0m
[gazebo-1] [1;36m[Dbg] [SDFFeatures.cc:332] [0m[1;36mMesh construction from an SDF has not been implemented yet for [0m[1;36mdartsim. Use AttachMeshShapeFeature to use mesh shapes.[0m
[gazebo-1] [1;36m[Dbg] [SDFFeatures.cc:864] [0m[1;36mThe geometry element of collision [[0m[1;36mcollision[0m[1;36m] [0m[1;36mcouldn't be created[0m
[gazebo-1] [1;36m[Dbg] [SDFFeatures.cc:332] [0m[1;36mMesh construction from an SDF has not been implemented yet for [0m[1;36mdartsim. Use AttachMeshShapeFeature to use mesh shapes.[0m
[gazebo-1] [1;36m[Dbg] [SDFFeatures.cc:864] [0m[1;36mThe geometry element of collision [[0m[1;36mcollision[0m[1;36m] [0m[1;36mcouldn't be created[0m
[gazebo-1] [1;36m[Dbg] [SDFFeatures.cc:332] [0m[1;36mMesh construction from an SDF has not been implemented yet for [0m[1;36mdartsim. Use AttachMeshShapeFeature to use mesh shapes.[0m
[gazebo-1] [1;36m[Dbg] [SDFFeatures.cc:864] [0m[1;36mThe geometry element of collision [[0m[1;36mcollision[0m[1;36m] [0m[1;36mcouldn't be created[0m
[gazebo-1] [1;36m[Dbg] [SDFFeatures.cc:332] [0m[1;36mMesh construction from an SDF has not been implemented yet for [0m[1;36mdartsim. Use AttachMeshShapeFeature to use mesh shapes.[0m
[gazebo-1] [1;36m[Dbg] [SDFFeatures.cc:864] [0m[1;36mThe geometry element of collision [[0m[1;36mcollision[0m[1;36m] [0m[1;36mcouldn't be created[0m
[gazebo-1] [1;36m[Dbg] [SDFFeatures.cc:332] [0m[1;36mMesh construction from an SDF has not been implemented yet for [0m[1;36mdartsim. Use AttachMeshShapeFeature to use mesh shapes.[0m
[gazebo-1] [1;36m[Dbg] [SDFFeatures.cc:864] [0m[1;36mThe geometry element of collision [[0m[1;36mcollision[0m[1;36m] [0m[1;36mcouldn't be created[0m
[gazebo-1] [1;36m[Dbg] [SDFFeatures.cc:332] [0m[1;36mMesh construction from an SDF has not been implemented yet for [0m[1;36mdartsim. Use AttachMeshShapeFeature to use mesh shapes.[0m
[gazebo-1] [1;36m[Dbg] [SDFFeatures.cc:864] [0m[1;36mThe geometry element of collision [[0m[1;36mbase_link_fixed_joint_lump__shell_collision_collision_1[0m[1;36m] [0m[1;36mcouldn't be created[0m
[gazebo-1] [1;36m[Dbg] [SDFFeatures.cc:332] [0m[1;36mMesh construction from an SDF has not been implemented yet for [0m[1;36mdartsim. Use AttachMeshShapeFeature to use mesh shapes.[0m
[gazebo-1] [1;36m[Dbg] [SDFFeatures.cc:864] [0m[1;36mThe geometry element of collision [[0m[1;36mbumper_collision[0m[1;36m] [0m[1;36mcouldn't be created[0m
[gazebo-1] [1;33m[Wrn] [OBJLoader.cc:91] [0m[1;33mBoth `d` and `Tr` parameters defined for "Chair". Use the value of `d` for dissolve (line 8 in .mtl.)[0m
[gazebo-1] [1;33m[0m
[gazebo-1] [1;33m[Wrn] [OBJLoader.cc:91] [0m[1;33mBoth `d` and `Tr` parameters defined for "CoffeeTable". Use the value of `d` for dissolve (line 8 in .mtl.)[0m
[gazebo-1] [1;33m[0m
[gazebo-1] [1;36m[Dbg] [SimulationFeatures.cc:90] [0m[1;36mSimulation timestep set to: [0m[1;36m0.003[0m[1;36m[0m
[gazebo-1] [1;32m[Msg] [0m[1;32mServing scene information on [[0m[1;32m/world/warehouse[0m[1;32m/[0m[1;32mscene/info[0m[1;32m][0m[1;32m[0m
[gazebo-1] [1;32m[Msg] [0m[1;32mServing graph information on [[0m[1;32m/world/warehouse[0m[1;32m/[0m[1;32mscene/graph[0m[1;32m][0m[1;32m[0m
[gazebo-1] [1;32m[Msg] [0m[1;32mServing full state on [[0m[1;32m/world/warehouse[0m[1;32m/[0m[1;32mstate[0m[1;32m][0m[1;32m[0m
[gazebo-1] [1;32m[Msg] [0m[1;32mServing full state (async) on [[0m[1;32m/world/warehouse[0m[1;32m/[0m[1;32mstate_async[0m[1;32m][0m[1;32m[0m
[gazebo-1] [1;32m[Msg] [0m[1;32mPublishing scene information on [[0m[1;32m/world/warehouse/scene/info[0m[1;32m][0m[1;32m[0m
[gazebo-1] [1;32m[Msg] [0m[1;32mPublishing entity deletions on [[0m[1;32m/world/warehouse/scene/deletion[0m[1;32m][0m[1;32m[0m
[gazebo-1] [1;32m[Msg] [0m[1;32mPublishing state changes on [[0m[1;32m/world/warehouse/state[0m[1;32m][0m[1;32m[0m
[gazebo-1] [1;32m[Msg] [0m[1;32mPublishing pose messages on [[0m[1;32m/world/warehouse[0m[1;32m/[0m[1;32mpose/info[0m[1;32m][0m[1;32m[0m
[gazebo-1] [1;32m[Msg] [0m[1;32mPublishing dynamic pose messages on [[0m[1;32m/world/warehouse[0m[1;32m/[0m[1;32mdynamic_pose/info[0m[1;32m][0m[1;32m[0m
[gazebo-1] [1;36m[Dbg] [EntityComponentManager.cc:1656] [0m[1;36mUpdated state thread iterators: [0m[1;36m16[0m[1;36m threads processing around [0m[1;36m17[0m[1;36m entities each.[0m[1;36m[0m
[gazebo-1] [1;33m[Wrn] [Component.hh:127] [0m[1;33mTrying to serialize component with data type [[0m[1;33mSt10shared_ptrIN3sdf3v147ElementEE[0m[1;33m], which doesn't have [0m[1;33m`operator<<`. Component will not be serialized.[0m[1;33m[0m
[gazebo-1] [1;36m[Dbg] [SimulationRunner.cc:578] [0m[1;36mExiting postupdate worker thread ([0m[1;36m0[0m[1;36m)[0m[1;36m[0m
[gazebo-1] [1;36mExiting postupdate worker thread ([0m[1;36m1[0m[1;36m)[0m[1;36m[0m
[gazebo-1] [1;36m[Dbg] [SimulationRunner.cc:551] [0m[1;36mCreating PostUpdate worker threads: [0m[1;36m8[0m[1;36m[0m
[gazebo-1] [1;36m[Dbg] [SimulationRunner.cc:562] [0m[1;36mCreating postupdate worker thread ([0m[1;36m0[0m[1;36m)[0m[1;36m[0m
[gazebo-1] [1;36m[Dbg] [SimulationRunner.cc:562] [0m[1;36mCreating postupdate worker thread ([0m[1;36m1[0m[1;36m)[0m[1;36m[0m
[gazebo-1] [1;36m[Dbg] [SimulationRunner.cc:562] [0m[1;36mCreating postupdate worker thread ([0m[1;36m2[0m[1;36m)[0m[1;36m[0m
[gazebo-1] [1;36m[Dbg] [SimulationRunner.cc:562] [0m[1;36mCreating postupdate worker thread ([0m[1;36m3[0m[1;36m)[0m[1;36m[0m
[gazebo-1] [1;36m[Dbg] [SimulationRunner.cc:562] [0m[1;36mCreating postupdate worker thread ([0m[1;36m4[0m[1;36m)[0m[1;36m[0m
[gazebo-1] [1;36m[Dbg] [SimulationRunner.cc:562] [0m[1;36mCreating postupdate worker thread ([0m[1;36m5[0m[1;36m)[0m[1;36m[0m
[gazebo-1] [1;36m[Dbg] [SimulationRunner.cc:562] [0m[1;36mCreating postupdate worker thread ([0m[1;36m6[0m[1;36m)[0m[1;36m[0m
[gazebo-1] [ERROR] [1782058274.461912813] [gz_ros_control]: Desired controller update period (0.001 s) is faster than the gazebo simulation period (0.003 s).
[gazebo-1] [1;36m[Dbg] [Sensors.cc:953] [0m[1;36mInitialization needed[0m[1;36m[0m
[gazebo-1] [1;36m[Dbg] [Sensors.cc:349] [0m[1;36mInitializing render context[0m[1;36m[0m
[gazebo-1] [1;32m[Msg] [0m[1;32mLoading plugin [[0m[1;32mgz-rendering-ogre[0m[1;32m][0m[1;32m[0m
[gazebo-1] [INFO] [1782058274.464220778] [controller_manager]: Successfully switched controllers!
[spawner-32] [INFO] [1782058274.468103898] [spawner_joint_state_broadcaster]: Configured and activated joint_state_broadcaster
[INFO] [spawner-32]: process has finished cleanly [pid 3622]
[INFO] [spawner-46]: process started with pid [4625]
[gazebo-1] [1;33mWarning [Utils.cc:132][0m [/sdf/model[@name="turtlebot4"]/joint[@name="wheel_drop_left_joint"]/physics/ode/provide_feedback:<data-string>:L2056]: XML Element[provide_feedback], child of element[ode], not defined in SDF. Copying[provide_feedback] as children of [ode].
[gazebo-1] [1;33mWarning [Utils.cc:132][0m [/sdf/model[@name="turtlebot4"]/joint[@name="wheel_drop_right_joint"]/physics/ode/provide_feedback:<data-string>:L2177]: XML Element[provide_feedback], child of element[ode], not defined in SDF. Copying[provide_feedback] as children of [ode].
[gazebo-1] [1;33m[GUI] [Wrn] [Component.hh:172] [0m[1;33mTrying to deserialize component with data type [[0m[1;33mSt10shared_ptrIN3sdf3v147ElementEE[0m[1;33m], which doesn't have [0m[1;33m`operator>>`. Component will not be deserialized.[0m[1;33m[0m
[gazebo-1] [1;36m[Dbg] [RenderUtil.cc:2646] [0m[1;36mCreate scene [[0m[1;36mscene[0m[1;36m][0m[1;36m[0m
[gazebo-1] [1;36m[Dbg] [Sensors.cc:953] [0m[1;36mInitialization needed[0m[1;36m[0m
[gazebo-1] [1;36m[Dbg] [Sensors.cc:391] [0m[1;36mRendering Thread initialized[0m[1;36m[0m
[spawner-46] [INFO] [1782058275.075430839] [spawner_diffdrive_controller]: waiting for service /controller_manager/list_controllers to become available...
[gazebo-1] [1;33m[GUI] [Wrn] [OBJLoader.cc:91] [0m[1;33mBoth `d` and `Tr` parameters defined for "Chair". Use the value of `d` for dissolve (line 8 in .mtl.)[0m
[gazebo-1] [1;33m[0m
[gazebo-1] [1;33m[GUI] [Wrn] [OBJLoader.cc:91] [0m[1;33mBoth `d` and `Tr` parameters defined for "CoffeeTable". Use the value of `d` for dissolve (line 8 in .mtl.)[0m
[gazebo-1] [1;33m[0m
[spawner-46] [INFO] [1782058276.086733275] [spawner_diffdrive_controller]: Setting controller param "params_file" to "['/home/brookz/create3_ws/install/irobot_create_control/share/irobot_create_control/config/control.yaml']" for diffdrive_controller
[gazebo-1] [INFO] [1782058276.094186003] [controller_manager]: Loading controller : 'diffdrive_controller' of type 'diff_drive_controller/DiffDriveController'
[gazebo-1] [INFO] [1782058276.094226984] [controller_manager]: Loading controller 'diffdrive_controller'
[gazebo-1] [WARN] [1782058276.102314853] [controller_manager]: The use of remapping arguments to the controller_manager node is deprecated. Please use the '--controller-ros-args' argument of the spawner to pass remapping arguments to the controller node.
[gazebo-1] [INFO] [1782058276.102370241] [controller_manager]: Controller 'diffdrive_controller' node arguments: --ros-args --params-file /home/brookz/create3_ws/install/irobot_create_control/share/irobot_create_control/config/control.yaml --ros-args --remap ~/odom:=odom --remap /tf:=tf --remap /tf_static:=tf_static --remap /diagnostics:=diagnostics -p use_sim_time:=true --params-file /home/brookz/create3_ws/install/irobot_create_control/share/irobot_create_control/config/control.yaml --param use_sim_time:=true 
[gazebo-1] [1;33m[Wrn] [ColladaLoader.cc:2395] [0m[1;33mTriangle input semantic: '[0m[1;33mCOLOR[0m[1;33m' is currently[0m[1;33m not supported[0m[1;33m[0m
[gazebo-1] [1;33m[Wrn] [ColladaLoader.cc:2395] [0m[1;33mTriangle input semantic: '[0m[1;33mCOLOR[0m[1;33m' is currently[0m[1;33m not supported[0m[1;33m[0m
[gazebo-1] [1;36m[Dbg] [RgbdCameraSensor.cc:210] [0m[1;36mRGB images for [[0m[1;36mturtlebot4::oakd_rgb_camera_frame::rgbd_camera[0m[1;36m] advertised on [[0m[1;36mworld/warehouse/model/turtlebot4/link/oakd_rgb_camera_frame/sensor/rgbd_camera[0m[1;36m/image][0m[1;36m[0m
[gazebo-1] [1;36m[Dbg] [RgbdCameraSensor.cc:224] [0m[1;36mDepth images for [[0m[1;36mturtlebot4::oakd_rgb_camera_frame::rgbd_camera[0m[1;36m] advertised on [[0m[1;36mworld/warehouse/model/turtlebot4/link/oakd_rgb_camera_frame/sensor/rgbd_camera[0m[1;36m/depth_image][0m[1;36m[0m
[gazebo-1] [1;36m[Dbg] [RgbdCameraSensor.cc:238] [0m[1;36mPoints for [[0m[1;36mturtlebot4::oakd_rgb_camera_frame::rgbd_camera[0m[1;36m] advertised on [[0m[1;36mworld/warehouse/model/turtlebot4/link/oakd_rgb_camera_frame/sensor/rgbd_camera[0m[1;36m/points][0m[1;36m[0m
[gazebo-1] [1;36m[Dbg] [CameraSensor.cc:695] [0m[1;36mCamera info for [[0m[1;36mturtlebot4::oakd_rgb_camera_frame::rgbd_camera[0m[1;36m] advertised on [[0m[1;36mworld/warehouse/model/turtlebot4/link/oakd_rgb_camera_frame/sensor/rgbd_camera/camera_info[0m[1;36m][0m[1;36m[0m
[gazebo-1] [1;36m[Dbg] [Lidar.cc:139] [0m[1;36mLaser scans for [[0m[1;36mturtlebot4::base_link::cliff_front_left[0m[1;36m] advertised on [[0m[1;36mworld/warehouse/model/turtlebot4/link/base_link/sensor/cliff_front_left/scan[0m[1;36m][0m[1;36m[0m
[gazebo-1] [1;36m[Dbg] [GpuLidarSensor.cc:164] [0m[1;36mLidar points for [[0m[1;36mturtlebot4::base_link::cliff_front_left[0m[1;36m] advertised on [[0m[1;36mworld/warehouse/model/turtlebot4/link/base_link/sensor/cliff_front_left/scan/points[0m[1;36m][0m[1;36m[0m
[gazebo-1] [1;36m[Dbg] [Lidar.cc:139] [0m[1;36mLaser scans for [[0m[1;36mturtlebot4::base_link::cliff_front_right[0m[1;36m] advertised on [[0m[1;36mworld/warehouse/model/turtlebot4/link/base_link/sensor/cliff_front_right/scan[0m[1;36m][0m[1;36m[0m
[gazebo-1] [1;36m[Dbg] [GpuLidarSensor.cc:164] [0m[1;36mLidar points for [[0m[1;36mturtlebot4::base_link::cliff_front_right[0m[1;36m] advertised on [[0m[1;36mworld/warehouse/model/turtlebot4/link/base_link/sensor/cliff_front_right/scan/points[0m[1;36m][0m[1;36m[0m
[gazebo-1] [1;36m[Dbg] [Lidar.cc:139] [0m[1;36mLaser scans for [[0m[1;36mturtlebot4::base_link::cliff_side_left[0m[1;36m] advertised on [[0m[1;36mworld/warehouse/model/turtlebot4/link/base_link/sensor/cliff_side_left/scan[0m[1;36m][0m[1;36m[0m
[gazebo-1] [1;36m[Dbg] [GpuLidarSensor.cc:164] [0m[1;36mLidar points for [[0m[1;36mturtlebot4::base_link::cliff_side_left[0m[1;36m] advertised on [[0m[1;36mworld/warehouse/model/turtlebot4/link/base_link/sensor/cliff_side_left/scan/points[0m[1;36m][0m[1;36m[0m
[gazebo-1] [1;36m[Dbg] [Lidar.cc:139] [0m[1;36mLaser scans for [[0m[1;36mturtlebot4::base_link::cliff_side_right[0m[1;36m] advertised on [[0m[1;36mworld/warehouse/model/turtlebot4/link/base_link/sensor/cliff_side_right/scan[0m[1;36m][0m[1;36m[0m
[gazebo-1] [1;36m[Dbg] [GpuLidarSensor.cc:164] [0m[1;36mLidar points for [[0m[1;36mturtlebot4::base_link::cliff_side_right[0m[1;36m] advertised on [[0m[1;36mworld/warehouse/model/turtlebot4/link/base_link/sensor/cliff_side_right/scan/points[0m[1;36m][0m[1;36m[0m
[gazebo-1] [1;36m[Dbg] [Lidar.cc:139] [0m[1;36mLaser scans for [[0m[1;36mturtlebot4::ir_intensity_front_center_left::ir_intensity_front_center_left[0m[1;36m] advertised on [[0m[1;36mworld/warehouse/model/turtlebot4/link/ir_intensity_front_center_left/sensor/ir_intensity_front_center_left/scan[0m[1;36m][0m[1;36m[0m
[gazebo-1] [1;36m[Dbg] [GpuLidarSensor.cc:164] [0m[1;36mLidar points for [[0m[1;36mturtlebot4::ir_intensity_front_center_left::ir_intensity_front_center_left[0m[1;36m] advertised on [[0m[1;36mworld/warehouse/model/turtlebot4/link/ir_intensity_front_center_left/sensor/ir_intensity_front_center_left/scan/points[0m[1;36m][0m[1;36m[0m
[gazebo-1] [1;36m[Dbg] [Lidar.cc:139] [0m[1;36mLaser scans for [[0m[1;36mturtlebot4::ir_intensity_front_center_right::ir_intensity_front_center_right[0m[1;36m] advertised on [[0m[1;36mworld/warehouse/model/turtlebot4/link/ir_intensity_front_center_right/sensor/ir_intensity_front_center_right/scan[0m[1;36m][0m[1;36m[0m
[gazebo-1] [1;36m[Dbg] [GpuLidarSensor.cc:164] [0m[1;36mLidar points for [[0m[1;36mturtlebot4::ir_intensity_front_center_right::ir_intensity_front_center_right[0m[1;36m] advertised on [[0m[1;36mworld/warehouse/model/turtlebot4/link/ir_intensity_front_center_right/sensor/ir_intensity_front_center_right/scan/points[0m[1;36m][0m[1;36m[0m
[gazebo-1] [1;36m[Dbg] [Lidar.cc:139] [0m[1;36mLaser scans for [[0m[1;36mturtlebot4::ir_intensity_front_left::ir_intensity_front_left[0m[1;36m] advertised on [[0m[1;36mworld/warehouse/model/turtlebot4/link/ir_intensity_front_left/sensor/ir_intensity_front_left/scan[0m[1;36m][0m[1;36m[0m
[gazebo-1] [1;36m[Dbg] [GpuLidarSensor.cc:164] [0m[1;36mLidar points for [[0m[1;36mturtlebot4::ir_intensity_front_left::ir_intensity_front_left[0m[1;36m] advertised on [[0m[1;36mworld/warehouse/model/turtlebot4/link/ir_intensity_front_left/sensor/ir_intensity_front_left/scan/points[0m[1;36m][0m[1;36m[0m
[gazebo-1] [1;36m[Dbg] [Lidar.cc:139] [0m[1;36mLaser scans for [[0m[1;36mturtlebot4::ir_intensity_front_right::ir_intensity_front_right[0m[1;36m] advertised on [[0m[1;36mworld/warehouse/model/turtlebot4/link/ir_intensity_front_right/sensor/ir_intensity_front_right/scan[0m[1;36m][0m[1;36m[0m
[gazebo-1] [1;36m[Dbg] [GpuLidarSensor.cc:164] [0m[1;36mLidar points for [[0m[1;36mturtlebot4::ir_intensity_front_right::ir_intensity_front_right[0m[1;36m] advertised on [[0m[1;36mworld/warehouse/model/turtlebot4/link/ir_intensity_front_right/sensor/ir_intensity_front_right/scan/points[0m[1;36m][0m[1;36m[0m
[gazebo-1] [1;36m[Dbg] [Lidar.cc:139] [0m[1;36mLaser scans for [[0m[1;36mturtlebot4::ir_intensity_left::ir_intensity_left[0m[1;36m] advertised on [[0m[1;36mworld/warehouse/model/turtlebot4/link/ir_intensity_left/sensor/ir_intensity_left/scan[0m[1;36m][0m[1;36m[0m
[gazebo-1] [1;36m[Dbg] [GpuLidarSensor.cc:164] [0m[1;36mLidar points for [[0m[1;36mturtlebot4::ir_intensity_left::ir_intensity_left[0m[1;36m] advertised on [[0m[1;36mworld/warehouse/model/turtlebot4/link/ir_intensity_left/sensor/ir_intensity_left/scan/points[0m[1;36m][0m[1;36m[0m
[gazebo-1] [1;36m[Dbg] [Lidar.cc:139] [0m[1;36mLaser scans for [[0m[1;36mturtlebot4::ir_intensity_right::ir_intensity_right[0m[1;36m] advertised on [[0m[1;36mworld/warehouse/model/turtlebot4/link/ir_intensity_right/sensor/ir_intensity_right/scan[0m[1;36m][0m[1;36m[0m
[gazebo-1] [1;36m[Dbg] [GpuLidarSensor.cc:164] [0m[1;36mLidar points for [[0m[1;36mturtlebot4::ir_intensity_right::ir_intensity_right[0m[1;36m] advertised on [[0m[1;36mworld/warehouse/model/turtlebot4/link/ir_intensity_right/sensor/ir_intensity_right/scan/points[0m[1;36m][0m[1;36m[0m
[gazebo-1] [1;36m[Dbg] [Lidar.cc:139] [0m[1;36mLaser scans for [[0m[1;36mturtlebot4::ir_intensity_side_left::ir_intensity_side_left[0m[1;36m] advertised on [[0m[1;36mworld/warehouse/model/turtlebot4/link/ir_intensity_side_left/sensor/ir_intensity_side_left/scan[0m[1;36m][0m[1;36m[0m
[gazebo-1] [1;36m[Dbg] [GpuLidarSensor.cc:164] [0m[1;36mLidar points for [[0m[1;36mturtlebot4::ir_intensity_side_left::ir_intensity_side_left[0m[1;36m] advertised on [[0m[1;36mworld/warehouse/model/turtlebot4/link/ir_intensity_side_left/sensor/ir_intensity_side_left/scan/points[0m[1;36m][0m[1;36m[0m
[gazebo-1] [1;36m[Dbg] [Lidar.cc:139] [0m[1;36mLaser scans for [[0m[1;36mturtlebot4::rplidar_link::rplidar[0m[1;36m] advertised on [[0m[1;36mworld/warehouse/model/turtlebot4/link/rplidar_link/sensor/rplidar/scan[0m[1;36m][0m[1;36m[0m
[gazebo-1] [1;36m[Dbg] [GpuLidarSensor.cc:164] [0m[1;36mLidar points for [[0m[1;36mturtlebot4::rplidar_link::rplidar[0m[1;36m] advertised on [[0m[1;36mworld/warehouse/model/turtlebot4/link/rplidar_link/sensor/rplidar/scan/points[0m[1;36m][0m[1;36m[0m
[gazebo-1] [1;36m[Dbg] [Lidar.cc:139] [0m[1;36mLaser scans for [[0m[1;36mstandard_dock::green_buoy_link::green_buoy[0m[1;36m] advertised on [[0m[1;36mworld/warehouse/model/standard_dock/link/green_buoy_link/sensor/green_buoy/scan[0m[1;36m][0m[1;36m[0m
[gazebo-1] [1;36m[Dbg] [GpuLidarSensor.cc:164] [0m[1;36mLidar points for [[0m[1;36mstandard_dock::green_buoy_link::green_buoy[0m[1;36m] advertised on [[0m[1;36mworld/warehouse/model/standard_dock/link/green_buoy_link/sensor/green_buoy/scan/points[0m[1;36m][0m[1;36m[0m
[gazebo-1] [1;36m[Dbg] [Lidar.cc:139] [0m[1;36mLaser scans for [[0m[1;36mstandard_dock::halo_link::halo[0m[1;36m] advertised on [[0m[1;36mworld/warehouse/model/standard_dock/link/halo_link/sensor/halo/scan[0m[1;36m][0m[1;36m[0m
[gazebo-1] [1;36m[Dbg] [GpuLidarSensor.cc:164] [0m[1;36mLidar points for [[0m[1;36mstandard_dock::halo_link::halo[0m[1;36m] advertised on [[0m[1;36mworld/warehouse/model/standard_dock/link/halo_link/sensor/halo/scan/points[0m[1;36m][0m[1;36m[0m
[gazebo-1] [1;36m[Dbg] [Lidar.cc:139] [0m[1;36mLaser scans for [[0m[1;36mstandard_dock::red_buoy_link::red_buoy[0m[1;36m] advertised on [[0m[1;36mworld/warehouse/model/standard_dock/link/red_buoy_link/sensor/red_buoy/scan[0m[1;36m][0m[1;36m[0m
[gazebo-1] [1;36m[Dbg] [GpuLidarSensor.cc:164] [0m[1;36mLidar points for [[0m[1;36mstandard_dock::red_buoy_link::red_buoy[0m[1;36m] advertised on [[0m[1;36mworld/warehouse/model/standard_dock/link/red_buoy_link/sensor/red_buoy/scan/points[0m[1;36m][0m[1;36m[0m
[gazebo-1] [1;36m[Dbg] [Lidar.cc:139] [0m[1;36mLaser scans for [[0m[1;36mstandard_dock::yellow_buoy_link::yellow_buoy[0m[1;36m] advertised on [[0m[1;36mworld/warehouse/model/standard_dock/link/yellow_buoy_link/sensor/yellow_buoy/scan[0m[1;36m][0m[1;36m[0m
[gazebo-1] [1;36m[Dbg] [GpuLidarSensor.cc:164] [0m[1;36mLidar points for [[0m[1;36mstandard_dock::yellow_buoy_link::yellow_buoy[0m[1;36m] advertised on [[0m[1;36mworld/warehouse/model/standard_dock/link/yellow_buoy_link/sensor/yellow_buoy/scan/points[0m[1;36m][0m[1;36m[0m
[gazebo-1] [1;33m[Wrn] [OgreGpuRays.cc:292] [0m[1;33mHorizontal FOV for GPU rays is capped at 180 degrees.[0m
[gazebo-1] [1;33m[GUI] [Wrn] [ColladaLoader.cc:2395] [0m[1;33mTriangle input semantic: '[0m[1;33mCOLOR[0m[1;33m' is currently[0m[1;33m not supported[0m[1;33m[0m
[spawner-46] [INFO] [1782058277.018358762] [spawner_diffdrive_controller]: Loaded diffdrive_controller
[gazebo-1] [INFO] [1782058277.021904451] [controller_manager]: Configuring controller: 'diffdrive_controller'
[gazebo-1] [WARN] [1782058277.022078644] [diffdrive_controller]: [deprecated] has_jerk_limits parameter is deprecated, instead set the respective limits to NAN
[gazebo-1] [WARN] [1782058277.022101511] [diffdrive_controller]: [deprecated] has_jerk_limits parameter is deprecated, instead set the respective limits to NAN
[gazebo-1] [WARN] [1782058277.027953744] [diffdrive_controller]: Can't accept new commands. subscriber is inactive
[parameter_bridge-9] [INFO] [1782058277.028076959] [cmd_vel_bridge]: Passing message from ROS geometry_msgs/msg/TwistStamped to Gazebo gz.msgs.Twist (showing msg only once per type)
[gazebo-1] [INFO] [1782058277.050162409] [controller_manager]: Activating controllers: [ diffdrive_controller ]
[gazebo-1] [INFO] [1782058277.052148048] [controller_manager]: Successfully switched controllers!
[gazebo-1] [WARN] [1782058277.053423276] [diffdrive_controller]: Received TwistStamped with zero timestamp, setting it to current time, this message will only be shown once
[turtlebot4_node-30] [INFO] [1782058277.053661105] [turtlebot4_node]: OAKD stopped
[turtlebot4_node-30] [INFO] [1782058277.053706419] [turtlebot4_node]: RPLIDAR stopped
[spawner-46] [INFO] [1782058277.056212331] [spawner_diffdrive_controller]: Configured and activated diffdrive_controller
[gazebo-1] [1;33m[GUI] [Wrn] [ColladaLoader.cc:2395] [0m[1;33mTriangle input semantic: '[0m[1;33mCOLOR[0m[1;33m' is currently[0m[1;33m not supported[0m[1;33m[0m
[INFO] [spawner-46]: process has finished cleanly [pid 4625]
[gazebo-1] [WARN] [1782058294.577777595] [diffdrive_controller]: Ignoring the received message (timestamp 16.2270000000) because it is older than the current time by 0.5670000000 seconds, which exceeds the allowed timeout (0.5000)
[gazebo-1] [WARN] [1782058299.059753474] [diffdrive_controller]: Ignoring the received message (timestamp 20.4270000000) because it is older than the current time by 0.5010000000 seconds, which exceeds the allowed timeout (0.5000)
[turtlebot4_node-30] [ERROR] [1782058307.064216319] [turtlebot4_node]: Service stop_motor unavailable.
[turtlebot4_node-30] [ERROR] [1782058307.074574099] [turtlebot4_node]: Service oakd/stop_camera unavailable.
[gazebo-1] [WARN] [1782058336.589889660] [diffdrive_controller]: Ignoring the received message (timestamp 54.5520000000) because it is older than the current time by 0.7620000000 seconds, which exceeds the allowed timeout (0.5000)
[gazebo-1] [WARN] [1782059101.371409798] [diffdrive_controller]: Ignoring the received message (timestamp 787.3770000000) because it is older than the current time by 0.5010000000 seconds, which exceeds the allowed timeout (0.5000)
[motion_control-35] [INFO] [1782059335.889392248] [motion_control]: Received new undock goal
[turtlebot4_node-30] [INFO] [1782059336.138291529] [turtlebot4_node]: OAKD started
[turtlebot4_node-30] [INFO] [1782059336.138371201] [turtlebot4_node]: RPLIDAR started
[motion_control-35] [INFO] [1782059345.784569819] [motion_control]: Undock Goal Succeeded
[turtlebot4_node-30] [ERROR] [1782059366.148731238] [turtlebot4_node]: Service start_motor unavailable.
[turtlebot4_node-30] [ERROR] [1782059366.159040141] [turtlebot4_node]: Service oakd/start_camera unavailable.
[sensors_node-42] [INFO] [1782059623.413898016] [rclcpp]: signal_handler(SIGINT/SIGTERM)
[static_transform_publisher-44] [INFO] [1782059623.414058440] [rclcpp]: signal_handler(SIGINT/SIGTERM)
[ir_intensity_vector_publisher-34] [INFO] [1782059623.414076180] [rclcpp]: signal_handler(SIGINT/SIGTERM)
[parameter_bridge-19] [INFO] [1782059623.414087494] [rclcpp]: signal_handler(SIGINT/SIGTERM)
[parameter_bridge-22] [INFO] [1782059623.414133868] [rclcpp]: signal_handler(SIGINT/SIGTERM)
[parameter_bridge-18] [INFO] [1782059623.414196865] [rclcpp]: signal_handler(SIGINT/SIGTERM)
[robot_state_publisher-5] [INFO] [1782059623.414580360] [rclcpp]: signal_handler(SIGINT/SIGTERM)
[wheel_status_publisher-36] [INFO] [1782059623.414710892] [rclcpp]: signal_handler(SIGINT/SIGTERM)
[parameter_bridge-20] [INFO] [1782059623.414867755] [rclcpp]: signal_handler(SIGINT/SIGTERM)
[parameter_bridge-25] [INFO] [1782059623.415088172] [rclcpp]: signal_handler(SIGINT/SIGTERM)
[parameter_bridge-27] [INFO] [1782059623.415141600] [rclcpp]: signal_handler(SIGINT/SIGTERM)
[ui_mgr-40] [INFO] [1782059623.415694040] [rclcpp]: signal_handler(SIGINT/SIGTERM)
[motion_control-35] [INFO] [1782059623.415917111] [rclcpp]: signal_handler(SIGINT/SIGTERM)
[parameter_bridge-17] [INFO] [1782059623.415923327] [rclcpp]: signal_handler(SIGINT/SIGTERM)
[pose_republisher_node-41] [INFO] [1782059623.416059866] [rclcpp]: signal_handler(SIGINT/SIGTERM)
[parameter_bridge-26] [INFO] [1782059623.416159040] [rclcpp]: signal_handler(SIGINT/SIGTERM)
[parameter_bridge-15] [INFO] [1782059623.416362695] [rclcpp]: signal_handler(SIGINT/SIGTERM)
[parameter_bridge-23] [INFO] [1782059623.416419965] [rclcpp]: signal_handler(SIGINT/SIGTERM)
[parameter_bridge-29] [INFO] [1782059623.416446714] [rclcpp]: signal_handler(SIGINT/SIGTERM)
[interface_buttons_node-43] [INFO] [1782059623.416576547] [rclcpp]: signal_handler(SIGINT/SIGTERM)
[mock_publisher-37] [INFO] [1782059623.416874348] [rclcpp]: signal_handler(SIGINT/SIGTERM)
[parameter_bridge-10] [INFO] [1782059623.417034074] [rclcpp]: signal_handler(SIGINT/SIGTERM)
[robot_state_publisher-3] [INFO] [1782059623.417163000] [rclcpp]: signal_handler(SIGINT/SIGTERM)
[parameter_bridge-2] [INFO] [1782059623.417713484] [rclcpp]: signal_handler(SIGINT/SIGTERM)
[parameter_bridge-16] [INFO] [1782059623.417757484] [rclcpp]: signal_handler(SIGINT/SIGTERM)
[static_transform_publisher-6] [INFO] [1782059623.418463294] [rclcpp]: signal_handler(SIGINT/SIGTERM)
[turtlebot4_gz_hmi_node-31] [INFO] [1782059623.418884434] [rclcpp]: signal_handler(SIGINT/SIGTERM)
[parameter_bridge-12] [INFO] [1782059623.419147943] [rclcpp]: signal_handler(SIGINT/SIGTERM)
[parameter_bridge-11] [INFO] [1782059623.419185098] [rclcpp]: signal_handler(SIGINT/SIGTERM)
[parameter_bridge-14] [INFO] [1782059623.419281618] [rclcpp]: signal_handler(SIGINT/SIGTERM)
[hazards_vector_publisher-33] [INFO] [1782059623.419358094] [rclcpp]: signal_handler(SIGINT/SIGTERM)
[kidnap_estimator_publisher-39] [INFO] [1782059623.419645279] [rclcpp]: signal_handler(SIGINT/SIGTERM)
[robot_state-38] [INFO] [1782059623.420235363] [rclcpp]: signal_handler(SIGINT/SIGTERM)
[turtlebot4_node-30] [INFO] [1782059623.420470307] [rclcpp]: signal_handler(SIGINT/SIGTERM)
[parameter_bridge-28] [INFO] [1782059623.420856806] [rclcpp]: signal_handler(SIGINT/SIGTERM)
[parameter_bridge-13] [INFO] [1782059623.421171298] [rclcpp]: signal_handler(SIGINT/SIGTERM)
[parameter_bridge-9] [INFO] [1782059623.421202797] [rclcpp]: signal_handler(SIGINT/SIGTERM)
[parameter_bridge-21] [INFO] [1782059623.421602216] [rclcpp]: signal_handler(SIGINT/SIGTERM)
[parameter_bridge-24] [INFO] [1782059623.425782462] [rclcpp]: signal_handler(SIGINT/SIGTERM)
[static_transform_publisher-45] [INFO] [1782059623.425883940] [rclcpp]: signal_handler(SIGINT/SIGTERM)
[gazebo-1] [1;36m[GUI] [Dbg] [SignalHandler.cc:142] [0m[1;36mReceived signal[[0m[1;36m2[0m[1;36m].[0m
[gazebo-1] [1;36m[GUI] [Dbg] [Gui.cc:535] [0m[1;36mShutting down gz-sim-gui[0m[1;36m[0m
[gazebo-1] [1;36m[GUI] [Dbg] [Application.cc:237] [0m[1;36mTerminating application.[0m[1;36m[0m
[parameter_bridge-18] Failed to delete datawriter, at ./src/publisher.cpp:45 during '__function__'
[gazebo-1] [1;36m[GUI] [Dbg] [MinimalScene.cc:841] [0m[1;36mDestroy scene [[0m[1;36mscene[0m[1;36m][0m[1;36m[0m
[INFO] [parameter_bridge-2]: process has finished cleanly [pid 3589]
[INFO] [parameter_bridge-25]: process has finished cleanly [pid 3613]
[INFO] [parameter_bridge-26]: process has finished cleanly [pid 3614]
[INFO] [parameter_bridge-20]: process has finished cleanly [pid 3608]
[INFO] [parameter_bridge-22]: process has finished cleanly [pid 3610]
[INFO] [parameter_bridge-18]: process has finished cleanly [pid 3606]
[INFO] [parameter_bridge-15]: process has finished cleanly [pid 3603]
[INFO] [parameter_bridge-19]: process has finished cleanly [pid 3607]
[INFO] [parameter_bridge-16]: process has finished cleanly [pid 3604]
[INFO] [parameter_bridge-21]: process has finished cleanly [pid 3609]
[INFO] [parameter_bridge-9]: process has finished cleanly [pid 3597]
[INFO] [parameter_bridge-28]: process has finished cleanly [pid 3616]
[INFO] [parameter_bridge-27]: process has finished cleanly [pid 3615]
[INFO] [parameter_bridge-14]: process has finished cleanly [pid 3602]
[INFO] [parameter_bridge-10]: process has finished cleanly [pid 3598]
[INFO] [parameter_bridge-29]: process has finished cleanly [pid 3617]
[INFO] [parameter_bridge-17]: process has finished cleanly [pid 3605]
[INFO] [parameter_bridge-13]: process has finished cleanly [pid 3601]
[INFO] [parameter_bridge-12]: process has finished cleanly [pid 3600]
[INFO] [parameter_bridge-23]: process has finished cleanly [pid 3611]
[INFO] [static_transform_publisher-45]: process has finished cleanly [pid 3653]
[INFO] [parameter_bridge-11]: process has finished cleanly [pid 3599]
[INFO] [static_transform_publisher-44]: process has finished cleanly [pid 3652]
[INFO] [interface_buttons_node-43]: process has finished cleanly [pid 3649]
[INFO] [wheel_status_publisher-36]: process has finished cleanly [pid 3628]
[INFO] [turtlebot4_gz_hmi_node-31]: process has finished cleanly [pid 3619]
[INFO] [ui_mgr-40]: process has finished cleanly [pid 3636]
[INFO] [static_transform_publisher-6]: process has finished cleanly [pid 3594]
[INFO] [hazards_vector_publisher-33]: process has finished cleanly [pid 3623]
[INFO] [robot_state_publisher-3]: process has finished cleanly [pid 3590]
[INFO] [mock_publisher-37]: process has finished cleanly [pid 3629]
[INFO] [robot_state-38]: process has finished cleanly [pid 3630]
[INFO] [ir_intensity_vector_publisher-34]: process has finished cleanly [pid 3624]
[INFO] [pose_republisher_node-41]: process has finished cleanly [pid 3637]
[INFO] [kidnap_estimator_publisher-39]: process has finished cleanly [pid 3631]
[INFO] [robot_state_publisher-5]: process has finished cleanly [pid 3593]
[INFO] [sensors_node-42]: process has finished cleanly [pid 3646]
[INFO] [motion_control-35]: process has finished cleanly [pid 3625]
[INFO] [turtlebot4_node-30]: process has finished cleanly [pid 3618]
[gazebo-1] [1;36m[Dbg] [SignalHandler.cc:142] [0m[1;36mReceived signal[[0m[1;36m2[0m[1;36m].[0m
[gazebo-1] [1;36m[Dbg] [ServerPrivate.cc:122] [0m[1;36mServer received signal[[0m[1;36m2[0m[1;36m][0m
[gazebo-1] [1;36m[Dbg] [Sensors.cc:565] [0m[1;36mSensorsPrivate::Stop[0m[1;36m[0m
[gazebo-1] Stack trace (most recent call last) in thread 4597:
[gazebo-1] #25   Object "[0xffffffffffffffff]", at 0xffffffffffffffff, in 
[gazebo-1] #24   Object "/lib/x86_64-linux-gnu/libc.so.6", at 0x741a51d29c6b, in 
[gazebo-1] #23   Object "/lib/x86_64-linux-gnu/libc.so.6", at 0x741a51c9caa3, in 
[gazebo-1] #22   Object "/lib/x86_64-linux-gnu/libstdc++.so.6", at 0x741a4c2ecdb3, in 
[gazebo-1] #21   Object "/opt/ros/jazzy/opt/gz_sim_vendor/lib/gz-sim-8/plugins/libgz-sim-sensors-system.so", at 0x7419dd5e20e4, in gz::sim::v8::systems::SensorsPrivate::RenderThread()
[gazebo-1] #20   Object "/opt/ros/jazzy/opt/gz_sim_vendor/lib/libgz-sim8-rendering.so.8", at 0x7419dd53aa2f, in gz::sim::v8::RenderUtil::Destroy()
[gazebo-1] #19   Object "/opt/ros/jazzy/opt/gz_rendering_vendor/lib/libgz-rendering8.so.8", at 0x7419dd3a45bb, in gz::rendering::v8::BaseRenderEngine::DestroyScene(std::shared_ptr<gz::rendering::v8::Scene>)
[gazebo-1] #18   Object "/opt/ros/jazzy/opt/gz_rendering_vendor/lib/gz-rendering-8/engine-plugins/libgz-rendering-ogre.so", at 0x741991da788c, in 
[gazebo-1] #17   Object "/opt/ros/jazzy/opt/gz_rendering_vendor/lib/libgz-rendering8.so.8", at 0x7419dd3b49e8, in gz::rendering::v8::BaseScene::Destroy()
[gazebo-1] #16   Object "/opt/ros/jazzy/opt/gz_rendering_vendor/lib/libgz-rendering8.so.8", at 0x7419dd3b5a54, in gz::rendering::v8::BaseScene::Clear()
[gazebo-1] #15   Object "/opt/ros/jazzy/opt/gz_rendering_vendor/lib/libgz-rendering8.so.8", at 0x7419dd3a5631, in gz::rendering::v8::BaseScene::DestroyMaterials()
[gazebo-1] #14   Object "/opt/ros/jazzy/opt/gz_rendering_vendor/lib/libgz-rendering8.so.8", at 0x7419dd390215, in 
[gazebo-1] #13   Object "/opt/ros/jazzy/opt/gz_rendering_vendor/lib/gz-rendering-8/engine-plugins/libgz-rendering-ogre.so", at 0x741991dcdf80, in 
[gazebo-1] #12   Object "/opt/ros/jazzy/opt/gz_rendering_vendor/lib/gz-rendering-8/engine-plugins/libgz-rendering-ogre.so", at 0x741991d8ecb0, in gz::rendering::v8::OgreMaterial::~OgreMaterial()
[gazebo-1] #11   Object "/opt/ros/jazzy/opt/gz_rendering_vendor/lib/gz-rendering-8/engine-plugins/libgz-rendering-ogre.so", at 0x741991d8e7ed, in gz::rendering::v8::OgreMaterial::Destroy()
[gazebo-1] #10   Object "/opt/ros/jazzy/opt/gz_rendering_vendor/lib/gz-rendering-8/engine-plugins/libgz-rendering-ogre.so", at 0x741991da9a2f, in gz::rendering::v8::OgreMeshFactory::ClearMaterialsCache(std::__cxx11::basic_string<char, std::char_traits<char>, std::allocator<char> > const&)
[gazebo-1] #9    Object "/opt/ros/jazzy/opt/gz_rendering_vendor/lib/gz-rendering-8/engine-plugins/libgz-rendering-ogre.so", at 0x741991d32755, in 
[gazebo-1] #8    Object "/opt/ros/jazzy/opt/gz_rendering_vendor/lib/gz-rendering-8/engine-plugins/libgz-rendering-ogre.so", at 0x741991dcdf80, in 
[gazebo-1] #7    Object "/opt/ros/jazzy/opt/gz_rendering_vendor/lib/gz-rendering-8/engine-plugins/libgz-rendering-ogre.so", at 0x741991d8ecb0, in gz::rendering::v8::OgreMaterial::~OgreMaterial()
[gazebo-1] #6    Object "/opt/ros/jazzy/opt/gz_rendering_vendor/lib/gz-rendering-8/engine-plugins/libgz-rendering-ogre.so", at 0x741991d8e7ed, in gz::rendering::v8::OgreMaterial::Destroy()
[gazebo-1] #5    Object "/opt/ros/jazzy/opt/gz_rendering_vendor/lib/gz-rendering-8/engine-plugins/libgz-rendering-ogre.so", at 0x741991da9a2f, in gz::rendering::v8::OgreMeshFactory::ClearMaterialsCache(std::__cxx11::basic_string<char, std::char_traits<char>, std::allocator<char> > const&)
[gazebo-1] #4    Object "/opt/ros/jazzy/opt/gz_rendering_vendor/lib/gz-rendering-8/engine-plugins/libgz-rendering-ogre.so", at 0x741991d32755, in 
[gazebo-1] #3    Object "/opt/ros/jazzy/opt/gz_rendering_vendor/lib/gz-rendering-8/engine-plugins/libgz-rendering-ogre.so", at 0x741991dcdf80, in 
[gazebo-1] #2    Object "/opt/ros/jazzy/opt/gz_rendering_vendor/lib/gz-rendering-8/engine-plugins/libgz-rendering-ogre.so", at 0x741991d8ecb0, in gz::rendering::v8::OgreMaterial::~OgreMaterial()
[gazebo-1] #1    Object "/opt/ros/jazzy/opt/gz_rendering_vendor/lib/gz-rendering-8/engine-plugins/libgz-rendering-ogre.so", at 0x741991d8e7ed, in gz::rendering::v8::OgreMaterial::Destroy()
[gazebo-1] #0    Object "/opt/ros/jazzy/opt/gz_rendering_vendor/lib/gz-rendering-8/engine-plugins/libgz-rendering-ogre.so", at 0x741991da97fb, in gz::rendering::v8::OgreMeshFactory::ClearMaterialsCache(std::__cxx11::basic_string<char, std::char_traits<char>, std::allocator<char> > const&)
[gazebo-1] Segmentation fault (Address not mapped to object [(nil)])
[ERROR] [parameter_bridge-24]: process has died [pid 3612, exit code -11, cmd '/opt/ros/jazzy/lib/ros_gz_bridge/parameter_bridge /create3_buttons@std_msgs/msg/Int32[gz.msgs.Int32 --ros-args -r __node:=buttons_msg_bridge -r __ns:=/ --params-file /tmp/launch_params_xinh1l10 -r /create3_buttons:=_internal/create3_buttons'].
[INFO] [gazebo-1]: process has finished cleanly [pid 3588]
[joint_state_publisher-4] Traceback (most recent call last):
[joint_state_publisher-4]   File "/opt/ros/jazzy/lib/joint_state_publisher/joint_state_publisher", line 33, in <module>
[joint_state_publisher-4]     sys.exit(load_entry_point('joint-state-publisher==2.4.1', 'console_scripts', 'joint_state_publisher')())
[joint_state_publisher-4]              ^^^^^^^^^^^^^^^^^^^^^^^^^^^^^^^^^^^^^^^^^^^^^^^^^^^^^^^^^^^^^^^^^^^^^^^^^^^^^^^^^^^^^^^^^^^^^^
[joint_state_publisher-4]   File "/opt/ros/jazzy/lib/python3.12/site-packages/joint_state_publisher/joint_state_publisher.py", line 568, in main
[joint_state_publisher-4]     rclpy.spin(jsp)
[joint_state_publisher-4]   File "/opt/ros/jazzy/lib/python3.12/site-packages/rclpy/__init__.py", line 247, in spin
[joint_state_publisher-4]     executor.spin_once()
[joint_state_publisher-4]   File "/opt/ros/jazzy/lib/python3.12/site-packages/rclpy/executors.py", line 926, in spin_once
[joint_state_publisher-4]     self._spin_once_impl(timeout_sec)
[joint_state_publisher-4]   File "/opt/ros/jazzy/lib/python3.12/site-packages/rclpy/executors.py", line 907, in _spin_once_impl
[joint_state_publisher-4]     handler, entity, node = self.wait_for_ready_callbacks(
[joint_state_publisher-4]                             ^^^^^^^^^^^^^^^^^^^^^^^^^^^^^^
[joint_state_publisher-4]   File "/opt/ros/jazzy/lib/python3.12/site-packages/rclpy/executors.py", line 877, in wait_for_ready_callbacks
[joint_state_publisher-4]     return next(self._cb_iter)
[joint_state_publisher-4]            ^^^^^^^^^^^^^^^^^^^
[joint_state_publisher-4]   File "/opt/ros/jazzy/lib/python3.12/site-packages/rclpy/executors.py", line 757, in _wait_for_ready_callbacks
[joint_state_publisher-4]     wait_set = _rclpy.WaitSet(
[joint_state_publisher-4]                ^^^^^^^^^^^^^^^
[joint_state_publisher-4] rclpy._rclpy_pybind11.RCLError: failed to initialize wait set: the given context is not valid, either rcl_init() was not called or rcl_shutdown() was called., at ./src/rcl/wait.c:130
[ERROR] [joint_state_publisher-4]: process has died [pid 3591, exit code 1, cmd '/opt/ros/jazzy/lib/joint_state_publisher/joint_state_publisher --ros-args -r __node:=joint_state_publisher -r __ns:=/ --params-file /tmp/launch_params_8b3sgy9w -r /tf:=tf -r /tf_static:=tf_static'].
