[INFO] [launch]: All log files can be found below /home/brookz/.ros/log/2026-06-21-17-11-19-176379-brookz-Lenovo-Legion-R9000P2021H-4691
[INFO] [launch]: Default logging verbosity is set to INFO
[INFO] [map_server-1]: process started with pid [4695]
[INFO] [amcl-2]: process started with pid [4696]
[INFO] [lifecycle_manager-3]: process started with pid [4697]
[lifecycle_manager-3] [INFO] [1782058279.395326843] [lifecycle_manager_localization]: Creating
[lifecycle_manager-3] [INFO] [1782058279.408291058] [lifecycle_manager_localization]: [34m[1mCreating and initializing lifecycle service clients[0m[0m
[amcl-2] [INFO] [1782058279.429945816] [amcl]: 
[amcl-2] 	amcl lifecycle node launched. 
[amcl-2] 	Waiting on external lifecycle transitions to activate
[amcl-2] 	See https://design.ros2.org/articles/node_lifecycle.html for more information.
[amcl-2] [INFO] [1782058279.431376177] [amcl]: Creating
[map_server-1] [INFO] [1782058279.442519527] [map_server]: 
[map_server-1] 	map_server lifecycle node launched. 
[map_server-1] 	Waiting on external lifecycle transitions to activate
[map_server-1] 	See https://design.ros2.org/articles/node_lifecycle.html for more information.
[map_server-1] [INFO] [1782058279.442647481] [map_server]: Creating
[lifecycle_manager-3] [INFO] [1782058279.589949493] [lifecycle_manager_localization]: [34m[1mStarting managed nodes bringup...[0m[0m
[lifecycle_manager-3] [INFO] [1782058279.590018575] [lifecycle_manager_localization]: [34m[1mConfiguring map_server[0m[0m
[map_server-1] [INFO] [1782058280.306361021] [map_server]: Configuring
[map_server-1] [INFO] [1782058280.306432057] [map_io]: Loading yaml file: /home/brookz/create3_ws/house_sitter_v2/maps/minimal_slam_map.yaml
[map_server-1] [INFO] [1782058280.312928756] [map_io]: resolution: 0.05
[map_server-1] [INFO] [1782058280.312954695] [map_io]: origin[0]: -11.276
[map_server-1] [INFO] [1782058280.312961267] [map_io]: origin[1]: -10.741
[map_server-1] [INFO] [1782058280.312965952] [map_io]: origin[2]: 0
[map_server-1] [INFO] [1782058280.312971755] [map_io]: free_thresh: 0.196
[map_server-1] [INFO] [1782058280.312977488] [map_io]: occupied_thresh: 0.65
[map_server-1] [INFO] [1782058280.312983780] [map_io]: mode: trinary
[map_server-1] [INFO] [1782058280.312990003] [map_io]: negate: 0
[map_server-1] [INFO] [1782058280.316325154] [map_io]: Loading image_file: /home/brookz/create3_ws/house_sitter_v2/maps/minimal_slam_map.pgm
[map_server-1] [INFO] [1782058280.321217832] [map_io]: Read map /home/brookz/create3_ws/house_sitter_v2/maps/minimal_slam_map.pgm: 449 X 441 map @ 0.05 m/cell
[lifecycle_manager-3] [INFO] [1782058280.333463127] [lifecycle_manager_localization]: [34m[1mConfiguring amcl[0m[0m
[amcl-2] [INFO] [1782058280.333760131] [amcl]: Configuring
[amcl-2] [INFO] [1782058280.334035742] [amcl]: initTransforms
[amcl-2] [INFO] [1782058280.349988772] [amcl]: initPubSub
[amcl-2] [INFO] [1782058280.369278351] [amcl]: Subscribed to map topic.
[lifecycle_manager-3] [INFO] [1782058280.381879449] [lifecycle_manager_localization]: [34m[1mActivating map_server[0m[0m
[map_server-1] [INFO] [1782058280.382117654] [map_server]: Activating
[map_server-1] [INFO] [1782058280.382533587] [map_server]: Creating bond (map_server) to lifecycle manager.
[lifecycle_manager-3] [INFO] [1782058280.496262015] [lifecycle_manager_localization]: Server map_server connected with bond.
[lifecycle_manager-3] [INFO] [1782058280.496342139] [lifecycle_manager_localization]: [34m[1mActivating amcl[0m[0m
[amcl-2] [INFO] [1782058280.497883166] [amcl]: Activating
[amcl-2] [INFO] [1782058280.497936582] [amcl]: Creating bond (amcl) to lifecycle manager.
[amcl-2] [INFO] [1782058280.533801936] [amcl]: Received a 449 X 441 map @ 0.050 m/pix
[lifecycle_manager-3] [INFO] [1782058280.627724592] [lifecycle_manager_localization]: Server amcl connected with bond.
[lifecycle_manager-3] [INFO] [1782058280.627798913] [lifecycle_manager_localization]: [34m[1mManaged nodes are active[0m[0m
[lifecycle_manager-3] [INFO] [1782058280.627822755] [lifecycle_manager_localization]: [34m[1mCreating bond timer...[0m[0m
[amcl-2] [INFO] [1782058280.980557594] [amcl]: Message Filter dropping message: frame 'turtlebot4/rplidar_link/rplidar' at time 3.408 for reason 'discarding message because the queue is full'
[amcl-2] [INFO] [1782058282.123490322] [amcl]: createLaserObject
[amcl-2] [WARN] [1782058282.152220596] [amcl]: AMCL cannot publish a pose or update the transform. Please set the initial pose...
[amcl-2] [WARN] [1782058284.336132802] [amcl]: AMCL cannot publish a pose or update the transform. Please set the initial pose...
[amcl-2] [WARN] [1782058286.363180009] [amcl]: AMCL cannot publish a pose or update the transform. Please set the initial pose...
[amcl-2] [INFO] [1782058287.624509368] [amcl]: initialPoseReceived
[amcl-2] [WARN] [1782058287.624793000] [amcl]: Failed to transform initial pose in time (Lookup would require extrapolation into the future.  Requested time 10.059000 but the latest data is at time 10.053000, when looking up transform from frame [base_link] to frame [odom])
[amcl-2] [INFO] [1782058287.624818372] [amcl]: Setting pose (10.059000): 0.000 0.000 0.000
[amcl-2] [INFO] [1782058348.631553312] [amcl]: Message Filter dropping message: frame 'turtlebot4/rplidar_link/rplidar' at time 65.682 for reason 'discarding message because the queue is full'
[amcl-2] [INFO] [1782058372.507687310] [amcl]: Message Filter dropping message: frame 'turtlebot4/rplidar_link/rplidar' at time 87.315 for reason 'discarding message because the queue is full'
[amcl-2] [INFO] [1782058620.967666835] [amcl]: Message Filter dropping message: frame 'turtlebot4/rplidar_link/rplidar' at time 326.529 for reason 'discarding message because the queue is full'
[amcl-2] [INFO] [1782059101.086121511] [amcl]: Message Filter dropping message: frame 'turtlebot4/rplidar_link/rplidar' at time 787.458 for reason 'discarding message because the queue is full'
[amcl-2] [INFO] [1782059584.530076928] [amcl]: Message Filter dropping message: frame 'turtlebot4/rplidar_link/rplidar' at time 1248.690 for reason 'the timestamp on the message is earlier than all the data in the transform cache'
[lifecycle_manager-3] [INFO] [1782059623.414126605] [rclcpp]: signal_handler(SIGINT/SIGTERM)
[lifecycle_manager-3] [INFO] [1782059623.414210274] [lifecycle_manager_localization]: Running Nav2 LifecycleManager rcl preshutdown (lifecycle_manager_localization)
[lifecycle_manager-3] [INFO] [1782059623.414268032] [lifecycle_manager_localization]: [34m[1mTerminating bond timer...[0m[0m
[map_server-1] [INFO] [1782059623.414394374] [rclcpp]: signal_handler(SIGINT/SIGTERM)
[map_server-1] [INFO] [1782059623.414472177] [map_server]: Running Nav2 LifecycleNode rcl preshutdown (map_server)
[map_server-1] [INFO] [1782059623.414543624] [map_server]: Deactivating
[map_server-1] [INFO] [1782059623.414570373] [map_server]: Destroying bond (map_server) to lifecycle manager.
[map_server-1] [INFO] [1782059623.425226041] [map_server]: Cleaning up
[map_server-1] [INFO] [1782059623.425360414] [map_server]: Destroying bond (map_server) to lifecycle manager.
[amcl-2] [INFO] [1782059623.428740845] [rclcpp]: signal_handler(SIGINT/SIGTERM)
[amcl-2] [INFO] [1782059623.428878082] [amcl]: Running Nav2 LifecycleNode rcl preshutdown (amcl)
[amcl-2] [INFO] [1782059623.428972157] [amcl]: Deactivating
[amcl-2] [INFO] [1782059623.429015109] [amcl]: Destroying bond (amcl) to lifecycle manager.
[amcl-2] [INFO] [1782059623.519584692] [amcl]: Cleaning up
[map_server-1] [INFO] [1782059623.644811333] [map_server]: Destroying
[amcl-2] [INFO] [1782059623.695010815] [amcl]: Destroying bond (amcl) to lifecycle manager.
[amcl-2] [INFO] [1782059623.724103106] [amcl]: Destroying
[lifecycle_manager-3] [INFO] [1782059623.932677799] [lifecycle_manager_localization]: Destroying lifecycle_manager_localization
[INFO] [map_server-1]: process has finished cleanly [pid 4695]
[INFO] [amcl-2]: process has finished cleanly [pid 4696]
[INFO] [lifecycle_manager-3]: process has finished cleanly [pid 4697]
