[INFO] [launch]: All log files can be found below /home/brookz/.ros/log/2026-06-21-17-11-38-067955-brookz-Lenovo-Legion-R9000P2021H-4877
[INFO] [launch]: Default logging verbosity is set to INFO
[INFO] [controller_server-1]: process started with pid [4881]
[INFO] [smoother_server-2]: process started with pid [4882]
[INFO] [planner_server-3]: process started with pid [4883]
[INFO] [route_server-4]: process started with pid [4884]
[INFO] [behavior_server-5]: process started with pid [4885]
[INFO] [bt_navigator-6]: process started with pid [4886]
[INFO] [waypoint_follower-7]: process started with pid [4887]
[INFO] [velocity_smoother-8]: process started with pid [4888]
[INFO] [collision_monitor-9]: process started with pid [4889]
[INFO] [opennav_docking-10]: process started with pid [4890]
[INFO] [lifecycle_manager-11]: process started with pid [4891]
[planner_server-3] [INFO] [1782058298.488387830] [planner_server]: 
[planner_server-3] 	planner_server lifecycle node launched. 
[planner_server-3] 	Waiting on external lifecycle transitions to activate
[planner_server-3] 	See https://design.ros2.org/articles/node_lifecycle.html for more information.
[planner_server-3] [INFO] [1782058298.521783933] [planner_server]: Creating
[lifecycle_manager-11] [INFO] [1782058298.554981519] [lifecycle_manager_navigation]: Creating
[lifecycle_manager-11] [INFO] [1782058298.583589281] [lifecycle_manager_navigation]: [34m[1mCreating and initializing lifecycle service clients[0m[0m
[bt_navigator-6] [INFO] [1782058298.961070211] [bt_navigator]: 
[bt_navigator-6] 	bt_navigator lifecycle node launched. 
[bt_navigator-6] 	Waiting on external lifecycle transitions to activate
[bt_navigator-6] 	See https://design.ros2.org/articles/node_lifecycle.html for more information.
[bt_navigator-6] [INFO] [1782058298.969694493] [bt_navigator]: Creating
[smoother_server-2] [INFO] [1782058298.992470956] [smoother_server]: 
[smoother_server-2] 	smoother_server lifecycle node launched. 
[smoother_server-2] 	Waiting on external lifecycle transitions to activate
[smoother_server-2] 	See https://design.ros2.org/articles/node_lifecycle.html for more information.
[smoother_server-2] [INFO] [1782058298.995294195] [smoother_server]: Creating smoother server
[controller_server-1] [INFO] [1782058299.133849194] [controller_server]: 
[controller_server-1] 	controller_server lifecycle node launched. 
[controller_server-1] 	Waiting on external lifecycle transitions to activate
[controller_server-1] 	See https://design.ros2.org/articles/node_lifecycle.html for more information.
[controller_server-1] [INFO] [1782058299.147703196] [controller_server]: Creating controller server
[collision_monitor-9] [INFO] [1782058299.198531690] [collision_monitor]: 
[collision_monitor-9] 	collision_monitor lifecycle node launched. 
[collision_monitor-9] 	Waiting on external lifecycle transitions to activate
[collision_monitor-9] 	See https://design.ros2.org/articles/node_lifecycle.html for more information.
[route_server-4] [INFO] [1782058299.238021649] [route_server]: 
[route_server-4] 	route_server lifecycle node launched. 
[route_server-4] 	Waiting on external lifecycle transitions to activate
[route_server-4] 	See https://design.ros2.org/articles/node_lifecycle.html for more information.
[velocity_smoother-8] [INFO] [1782058299.264961875] [velocity_smoother]: 
[velocity_smoother-8] 	velocity_smoother lifecycle node launched. 
[velocity_smoother-8] 	Waiting on external lifecycle transitions to activate
[velocity_smoother-8] 	See https://design.ros2.org/articles/node_lifecycle.html for more information.
[behavior_server-5] [INFO] [1782058299.301730449] [behavior_server]: 
[behavior_server-5] 	behavior_server lifecycle node launched. 
[behavior_server-5] 	Waiting on external lifecycle transitions to activate
[behavior_server-5] 	See https://design.ros2.org/articles/node_lifecycle.html for more information.
[planner_server-3] [INFO] [1782058299.315618549] [global_costmap.global_costmap]: 
[planner_server-3] 	global_costmap lifecycle node launched. 
[planner_server-3] 	Waiting on external lifecycle transitions to activate
[planner_server-3] 	See https://design.ros2.org/articles/node_lifecycle.html for more information.
[planner_server-3] [INFO] [1782058299.317956326] [global_costmap.global_costmap]: Creating Costmap
[waypoint_follower-7] [INFO] [1782058299.430426745] [waypoint_follower]: 
[waypoint_follower-7] 	waypoint_follower lifecycle node launched. 
[waypoint_follower-7] 	Waiting on external lifecycle transitions to activate
[waypoint_follower-7] 	See https://design.ros2.org/articles/node_lifecycle.html for more information.
[waypoint_follower-7] [INFO] [1782058299.444517619] [waypoint_follower]: Creating
[opennav_docking-10] [INFO] [1782058299.516214773] [docking_server]: 
[opennav_docking-10] 	docking_server lifecycle node launched. 
[opennav_docking-10] 	Waiting on external lifecycle transitions to activate
[opennav_docking-10] 	See https://design.ros2.org/articles/node_lifecycle.html for more information.
[opennav_docking-10] [INFO] [1782058299.516391344] [docking_server]: Creating docking_server
[controller_server-1] [INFO] [1782058299.528786655] [local_costmap.local_costmap]: 
[controller_server-1] 	local_costmap lifecycle node launched. 
[controller_server-1] 	Waiting on external lifecycle transitions to activate
[controller_server-1] 	See https://design.ros2.org/articles/node_lifecycle.html for more information.
[controller_server-1] [INFO] [1782058299.541645719] [local_costmap.local_costmap]: Creating Costmap
[lifecycle_manager-11] [INFO] [1782058300.206194979] [lifecycle_manager_navigation]: [34m[1mStarting managed nodes bringup...[0m[0m
[lifecycle_manager-11] [INFO] [1782058300.206265690] [lifecycle_manager_navigation]: [34m[1mConfiguring controller_server[0m[0m
[controller_server-1] [INFO] [1782058300.207472466] [controller_server]: Configuring controller interface
[controller_server-1] [INFO] [1782058300.207507752] [controller_server]: getting progress checker plugins..
[controller_server-1] [INFO] [1782058300.207942921] [controller_server]: getting goal checker plugins..
[controller_server-1] [INFO] [1782058300.210975897] [controller_server]: Controller frequency set to 20.0000Hz
[controller_server-1] [INFO] [1782058300.211093703] [local_costmap.local_costmap]: Configuring
[controller_server-1] [INFO] [1782058300.325559114] [local_costmap.local_costmap]: Using plugin "static_layer"
[controller_server-1] [INFO] [1782058300.375575235] [local_costmap.local_costmap]: Subscribing to the map topic (/map) with transient local durability
[controller_server-1] [INFO] [1782058300.395716049] [local_costmap.local_costmap]: Initialized plugin "static_layer"
[controller_server-1] [INFO] [1782058300.395776699] [local_costmap.local_costmap]: Using plugin "voxel_layer"
[controller_server-1] [INFO] [1782058300.441938487] [local_costmap.local_costmap]: Subscribed to Topics: scan
[controller_server-1] [INFO] [1782058300.979510660] [local_costmap.local_costmap]: Initialized plugin "voxel_layer"
[controller_server-1] [INFO] [1782058300.979570751] [local_costmap.local_costmap]: Using plugin "inflation_layer"
[controller_server-1] [INFO] [1782058300.985016440] [local_costmap.local_costmap]: Initialized plugin "inflation_layer"
[controller_server-1] [INFO] [1782058301.181144355] [controller_server]: Created progress_checker : progress_checker of type nav2_controller::SimpleProgressChecker
[controller_server-1] [INFO] [1782058301.183142693] [controller_server]: Controller Server has progress_checker  progress checkers available.
[controller_server-1] [INFO] [1782058301.185951405] [controller_server]: Created goal checker : general_goal_checker of type nav2_controller::SimpleGoalChecker
[controller_server-1] [INFO] [1782058301.190482042] [controller_server]: Controller Server has general_goal_checker  goal checkers available.
[controller_server-1] [INFO] [1782058301.194739409] [controller_server]: Created controller : FollowPath of type nav2_mppi_controller::MPPIController
[controller_server-1] [INFO] [1782058301.205438690] [controller_server]: Controller period is equal to model dt. Control sequence shifting is ON
[controller_server-1] [INFO] [1782058301.216559228] [controller_server]: ConstraintCritic instantiated with 1 power and 4.000000 weight.
[controller_server-1] [INFO] [1782058301.216619807] [controller_server]: Critic loaded : mppi::critics::ConstraintCritic
[controller_server-1] [INFO] [1782058301.234471529] [controller_server]: InflationCostCritic instantiated with 1 power and 300.000000 / 0.015000 weights. Critic will collision check based on footprint cost.
[controller_server-1] [INFO] [1782058301.234539096] [controller_server]: Critic loaded : mppi::critics::CostCritic
[controller_server-1] [INFO] [1782058301.236663552] [controller_server]: GoalCritic instantiated with 1 power and 5.000000 weight.
[controller_server-1] [INFO] [1782058301.236710646] [controller_server]: Critic loaded : mppi::critics::GoalCritic
[controller_server-1] [INFO] [1782058301.238107945] [controller_server]: GoalAngleCritic instantiated with 1 power, 3.000000 weight, 0.500000 angular threshold and symmetric_yaw_tolerance disabled
[controller_server-1] [INFO] [1782058301.238149379] [controller_server]: Critic loaded : mppi::critics::GoalAngleCritic
[controller_server-1] [INFO] [1782058301.243276652] [controller_server]: ReferenceTrajectoryCritic instantiated with 1 power and 14.000000 weight
[controller_server-1] [INFO] [1782058301.243347851] [controller_server]: Critic loaded : mppi::critics::PathAlignCritic
[controller_server-1] [INFO] [1782058301.250832743] [controller_server]: Critic loaded : mppi::critics::PathFollowCritic
[controller_server-1] [INFO] [1782058301.261072756] [controller_server]: PathAngleCritic instantiated with 1 power and 2.000000 weight. Mode set to: Forward Preference
[controller_server-1] [INFO] [1782058301.261123762] [controller_server]: Critic loaded : mppi::critics::PathAngleCritic
[controller_server-1] [INFO] [1782058301.272777354] [controller_server]: PreferForwardCritic instantiated with 1 power and 5.000000 weight.
[controller_server-1] [INFO] [1782058301.272834998] [controller_server]: Critic loaded : mppi::critics::PreferForwardCritic
[controller_server-1] [INFO] [1782058301.277823785] [controller_server]: Optimizer reset
[controller_server-1] [INFO] [1782058301.332923401] [MPPIController]: Configured MPPI Controller: FollowPath
[controller_server-1] [INFO] [1782058301.332967141] [controller_server]: Controller Server has FollowPath  controllers available.
[lifecycle_manager-11] [INFO] [1782058301.378645643] [lifecycle_manager_navigation]: [34m[1mConfiguring smoother_server[0m[0m
[smoother_server-2] [INFO] [1782058301.379527287] [smoother_server]: Configuring smoother server
[controller_server-1] [INFO] [1782058301.434254206] [local_costmap.local_costmap]: StaticLayer: Resizing static layer to 449 X 441 at 0.050000 m/pix
[smoother_server-2] [INFO] [1782058301.438120430] [smoother_server]: Created smoother : simple_smoother of type nav2_smoother::SimpleSmoother
[smoother_server-2] [INFO] [1782058301.444153103] [smoother_server]: Smoother Server has simple_smoother  smoothers available.
[lifecycle_manager-11] [INFO] [1782058301.478793446] [lifecycle_manager_navigation]: [34m[1mConfiguring planner_server[0m[0m
[planner_server-3] [INFO] [1782058301.479440740] [planner_server]: Configuring
[planner_server-3] [INFO] [1782058301.479489440] [global_costmap.global_costmap]: Configuring
[planner_server-3] [INFO] [1782058301.520149391] [global_costmap.global_costmap]: Using plugin "static_layer"
[planner_server-3] [INFO] [1782058301.538855437] [global_costmap.global_costmap]: Subscribing to the map topic (/map) with transient local durability
[planner_server-3] [INFO] [1782058301.545885323] [global_costmap.global_costmap]: Initialized plugin "static_layer"
[planner_server-3] [INFO] [1782058301.545939823] [global_costmap.global_costmap]: Using plugin "obstacle_layer"
[planner_server-3] [INFO] [1782058301.557258588] [global_costmap.global_costmap]: Subscribed to Topics: scan
[planner_server-3] [INFO] [1782058301.578667002] [global_costmap.global_costmap]: Initialized plugin "obstacle_layer"
[planner_server-3] [INFO] [1782058301.578726044] [global_costmap.global_costmap]: Using plugin "inflation_layer"
[planner_server-3] [INFO] [1782058301.587193894] [global_costmap.global_costmap]: Initialized plugin "inflation_layer"
[planner_server-3] [INFO] [1782058301.678231095] [global_costmap.global_costmap]: StaticLayer: Resizing costmap to 449 X 441 at 0.050000 m/pix
[planner_server-3] [INFO] [1782058301.685237015] [planner_server]: Created global planner plugin GridBased of type nav2_navfn_planner::NavfnPlanner
[planner_server-3] [INFO] [1782058301.685313594] [planner_server]: Configuring plugin GridBased of type NavfnPlanner
[planner_server-3] [INFO] [1782058301.688158081] [planner_server]: Planner Server has GridBased  planners available.
[lifecycle_manager-11] [INFO] [1782058301.731416778] [lifecycle_manager_navigation]: [34m[1mConfiguring route_server[0m[0m
[route_server-4] [INFO] [1782058301.732154486] [route_server]: Configuring
[route_server-4] [INFO] [1782058301.831475495] [route_server]: Created GraphFileLoader GeoJsonGraphFileLoader of type nav2_route::GeoJsonGraphFileLoader
[route_server-4] [INFO] [1782058301.831520772] [route_server]: Configuring geojson graph file loader
[route_server-4] [INFO] [1782058301.831539916] [route_server]: No graph file provided to load yet.
[route_server-4] [INFO] [1782058301.841735351] [route_server]: Created edge cost function plugin DistanceScorer of type nav2_route::DistanceScorer
[route_server-4] [INFO] [1782058301.841812699] [route_server]: Configuring distance scorer.
[route_server-4] [INFO] [1782058301.843708464] [route_server]: Created edge cost function plugin DynamicEdgesScorer of type nav2_route::DynamicEdgesScorer
[route_server-4] [INFO] [1782058301.843762336] [route_server]: Configuring adjust edges scorer.
[route_server-4] [INFO] [1782058301.857783678] [route_server]: Created route operation AdjustSpeedLimit of type nav2_route::AdjustSpeedLimit
[route_server-4] [INFO] [1782058301.857829444] [route_server]: Configuring Adjust speed limit operation.
[route_server-4] [INFO] [1782058301.863073194] [route_server]: Created route operation ReroutingService of type nav2_route::ReroutingService
[route_server-4] [INFO] [1782058301.863123501] [route_server]: Configuring Rerouting service operation.
[lifecycle_manager-11] [INFO] [1782058301.874314890] [lifecycle_manager_navigation]: [34m[1mConfiguring behavior_server[0m[0m
[behavior_server-5] [INFO] [1782058301.874826283] [behavior_server]: Configuring
[behavior_server-5] [INFO] [1782058301.892193583] [behavior_server]: Creating behavior plugin spin of type nav2_behaviors::Spin
[behavior_server-5] [INFO] [1782058301.896280043] [behavior_server]: Creating behavior plugin backup of type nav2_behaviors::BackUp
[behavior_server-5] [INFO] [1782058301.901803350] [behavior_server]: Creating behavior plugin drive_on_heading of type nav2_behaviors::DriveOnHeading
[behavior_server-5] [INFO] [1782058301.904884144] [behavior_server]: Creating behavior plugin assisted_teleop of type nav2_behaviors::AssistedTeleop
[behavior_server-5] [INFO] [1782058301.909417645] [behavior_server]: Creating behavior plugin wait of type nav2_behaviors::Wait
[behavior_server-5] [INFO] [1782058301.929191335] [behavior_server]: Configuring spin
[behavior_server-5] [INFO] [1782058301.959939391] [behavior_server]: Configuring backup
[behavior_server-5] [INFO] [1782058301.981907619] [behavior_server]: Configuring drive_on_heading
[behavior_server-5] [INFO] [1782058302.005027061] [behavior_server]: Configuring assisted_teleop
[behavior_server-5] [INFO] [1782058302.036422676] [behavior_server]: Configuring wait
[lifecycle_manager-11] [INFO] [1782058302.058128723] [lifecycle_manager_navigation]: [34m[1mConfiguring velocity_smoother[0m[0m
[velocity_smoother-8] [INFO] [1782058302.058875015] [velocity_smoother]: Configuring velocity smoother
[lifecycle_manager-11] [INFO] [1782058302.087447703] [lifecycle_manager_navigation]: [34m[1mConfiguring collision_monitor[0m[0m
[collision_monitor-9] [INFO] [1782058302.088319972] [collision_monitor]: Configuring
[collision_monitor-9] [INFO] [1782058302.114422092] [collision_monitor]: [scan]: Creating Scan
[collision_monitor-9] [INFO] [1782058302.124977641] [collision_monitor]: [FootprintApproach]: Creating Polygon
[collision_monitor-9] [INFO] [1782058302.126420895] [collision_monitor]: [FootprintApproach]: Polygon points are not defined. Using dynamic subscription instead.
[collision_monitor-9] [INFO] [1782058302.135598308] [collision_monitor]: [FootprintApproach]: Making footprint subscriber on local_costmap/published_footprint topic
[lifecycle_manager-11] [INFO] [1782058302.168992373] [lifecycle_manager_navigation]: [34m[1mConfiguring bt_navigator[0m[0m
[bt_navigator-6] [INFO] [1782058302.169624496] [bt_navigator]: Configuring
[bt_navigator-6] [INFO] [1782058302.196933916] [bt_navigator]: Creating navigator id navigate_to_pose of type nav2_bt_navigator::NavigateToPoseNavigator
[bt_navigator-6] [INFO] [1782058302.432941376] [bt_navigator]: Creating navigator id navigate_through_poses of type nav2_bt_navigator::NavigateThroughPosesNavigator
[lifecycle_manager-11] [INFO] [1782058302.528851518] [lifecycle_manager_navigation]: [34m[1mConfiguring waypoint_follower[0m[0m
[waypoint_follower-7] [INFO] [1782058302.529451850] [waypoint_follower]: Configuring
[waypoint_follower-7] [INFO] [1782058302.612288714] [waypoint_follower]: Created waypoint_task_executor : wait_at_waypoint of type nav2_waypoint_follower::WaitAtWaypoint
[lifecycle_manager-11] [INFO] [1782058302.615242020] [lifecycle_manager_navigation]: [34m[1mConfiguring docking_server[0m[0m
[opennav_docking-10] [INFO] [1782058302.615736217] [docking_server]: Configuring docking_server
[opennav_docking-10] [INFO] [1782058302.615783520] [docking_server]: Controller frequency set to 50.0000Hz
[opennav_docking-10] [INFO] [1782058302.721890843] [docking_server]: Created charging dock plugin simple_charging_dock of type opennav_docking::SimpleChargingDock
[opennav_docking-10] [WARN] [1782058302.748296901] [docking_server]: Dock database filepath nor dock parameters set. Docking actions can only be executed specifying the dock pose via the action request. Or update the dock database via the reload_database service.
[opennav_docking-10] [INFO] [1782058302.748375227] [docking_server]: Docking Server has 1 dock types and 0 dock instances available.
[lifecycle_manager-11] [INFO] [1782058302.754889717] [lifecycle_manager_navigation]: [34m[1mActivating controller_server[0m[0m
[controller_server-1] [INFO] [1782058302.755534836] [controller_server]: Activating
[controller_server-1] [INFO] [1782058302.755589964] [local_costmap.local_costmap]: Activating
[controller_server-1] [INFO] [1782058302.755609947] [local_costmap.local_costmap]: Checking transform
[controller_server-1] [INFO] [1782058302.755772746] [local_costmap.local_costmap]: start
[controller_server-1] [WARN] [1782058302.958415277] [controller_server]: Parameter controller_server.verbose not found
[controller_server-1] [INFO] [1782058302.965471967] [controller_server]: Optimizer reset
[controller_server-1] [INFO] [1782058302.966196319] [MPPIController]: Activated MPPI Controller: FollowPath
[controller_server-1] [INFO] [1782058302.966242923] [controller_server]: Creating bond (controller_server) to lifecycle manager.
[lifecycle_manager-11] [INFO] [1782058303.080666659] [lifecycle_manager_navigation]: Server controller_server connected with bond.
[lifecycle_manager-11] [INFO] [1782058303.080745752] [lifecycle_manager_navigation]: [34m[1mActivating smoother_server[0m[0m
[smoother_server-2] [INFO] [1782058303.081665521] [smoother_server]: Activating
[smoother_server-2] [INFO] [1782058303.081725959] [smoother_server]: Creating bond (smoother_server) to lifecycle manager.
[lifecycle_manager-11] [INFO] [1782058303.196793234] [lifecycle_manager_navigation]: Server smoother_server connected with bond.
[lifecycle_manager-11] [INFO] [1782058303.196838370] [lifecycle_manager_navigation]: [34m[1mActivating planner_server[0m[0m
[planner_server-3] [INFO] [1782058303.197563272] [planner_server]: Activating
[planner_server-3] [INFO] [1782058303.197606102] [global_costmap.global_costmap]: Activating
[planner_server-3] [INFO] [1782058303.197619587] [global_costmap.global_costmap]: Checking transform
[planner_server-3] [INFO] [1782058303.197876848] [global_costmap.global_costmap]: start
[planner_server-3] [INFO] [1782058304.201323867] [planner_server]: Activating plugin GridBased of type NavfnPlanner
[planner_server-3] [INFO] [1782058304.205967236] [planner_server]: Creating bond (planner_server) to lifecycle manager.
[lifecycle_manager-11] [INFO] [1782058304.325619259] [lifecycle_manager_navigation]: Server planner_server connected with bond.
[lifecycle_manager-11] [INFO] [1782058304.325668517] [lifecycle_manager_navigation]: [34m[1mActivating route_server[0m[0m
[route_server-4] [INFO] [1782058304.326536013] [route_server]: Activating
[route_server-4] [INFO] [1782058304.326744224] [route_server]: Creating bond (route_server) to lifecycle manager.
[lifecycle_manager-11] [INFO] [1782058304.442924166] [lifecycle_manager_navigation]: Server route_server connected with bond.
[lifecycle_manager-11] [INFO] [1782058304.442980341] [lifecycle_manager_navigation]: [34m[1mActivating behavior_server[0m[0m
[behavior_server-5] [INFO] [1782058304.443818842] [behavior_server]: Activating
[behavior_server-5] [INFO] [1782058304.443864257] [behavior_server]: Activating spin
[behavior_server-5] [INFO] [1782058304.443887593] [behavior_server]: Activating backup
[behavior_server-5] [INFO] [1782058304.443904222] [behavior_server]: Activating drive_on_heading
[behavior_server-5] [INFO] [1782058304.443921969] [behavior_server]: Activating assisted_teleop
[behavior_server-5] [INFO] [1782058304.443939087] [behavior_server]: Activating wait
[behavior_server-5] [INFO] [1782058304.443967663] [behavior_server]: Creating bond (behavior_server) to lifecycle manager.
[lifecycle_manager-11] [INFO] [1782058304.560902333] [lifecycle_manager_navigation]: Server behavior_server connected with bond.
[lifecycle_manager-11] [INFO] [1782058304.560952359] [lifecycle_manager_navigation]: [34m[1mActivating velocity_smoother[0m[0m
[velocity_smoother-8] [INFO] [1782058304.561724344] [velocity_smoother]: Activating
[velocity_smoother-8] [INFO] [1782058304.561794353] [velocity_smoother]: Creating bond (velocity_smoother) to lifecycle manager.
[lifecycle_manager-11] [INFO] [1782058304.679024570] [lifecycle_manager_navigation]: Server velocity_smoother connected with bond.
[lifecycle_manager-11] [INFO] [1782058304.679078020] [lifecycle_manager_navigation]: [34m[1mActivating collision_monitor[0m[0m
[collision_monitor-9] [INFO] [1782058304.680147438] [collision_monitor]: Activating
[collision_monitor-9] [INFO] [1782058304.686307318] [collision_monitor]: Creating bond (collision_monitor) to lifecycle manager.
[lifecycle_manager-11] [INFO] [1782058304.805197488] [lifecycle_manager_navigation]: Server collision_monitor connected with bond.
[lifecycle_manager-11] [INFO] [1782058304.805264213] [lifecycle_manager_navigation]: [34m[1mActivating bt_navigator[0m[0m
[bt_navigator-6] [INFO] [1782058304.805895621] [bt_navigator]: Activating
[bt_navigator-6] [INFO] [1782058305.096274597] [bt_navigator]: Creating bond (bt_navigator) to lifecycle manager.
[lifecycle_manager-11] [INFO] [1782058305.216338950] [lifecycle_manager_navigation]: Server bt_navigator connected with bond.
[lifecycle_manager-11] [INFO] [1782058305.216413779] [lifecycle_manager_navigation]: [34m[1mActivating waypoint_follower[0m[0m
[waypoint_follower-7] [INFO] [1782058305.217196096] [waypoint_follower]: Activating
[waypoint_follower-7] [INFO] [1782058305.217251013] [waypoint_follower]: Creating bond (waypoint_follower) to lifecycle manager.
[lifecycle_manager-11] [INFO] [1782058305.327726902] [lifecycle_manager_navigation]: Server waypoint_follower connected with bond.
[lifecycle_manager-11] [INFO] [1782058305.327794255] [lifecycle_manager_navigation]: [34m[1mActivating docking_server[0m[0m
[opennav_docking-10] [INFO] [1782058305.329617332] [docking_server]: Activating docking_server
[opennav_docking-10] [INFO] [1782058305.367769686] [docking_server]: Creating bond (docking_server) to lifecycle manager.
[lifecycle_manager-11] [INFO] [1782058305.486569281] [lifecycle_manager_navigation]: Server docking_server connected with bond.
[lifecycle_manager-11] [INFO] [1782058305.486613717] [lifecycle_manager_navigation]: [34m[1mManaged nodes are active[0m[0m
[lifecycle_manager-11] [INFO] [1782058305.486626503] [lifecycle_manager_navigation]: [34m[1mCreating bond timer...[0m[0m
[planner_server-3] [INFO] [1782058349.018078379] [global_costmap.global_costmap]: Message Filter dropping message: frame 'turtlebot4/rplidar_link/rplidar' at time 65.745 for reason 'the timestamp on the message is earlier than all the data in the transform cache'
[controller_server-1] [INFO] [1782058349.019162306] [local_costmap.local_costmap]: Message Filter dropping message: frame 'turtlebot4/rplidar_link/rplidar' at time 65.745 for reason 'the timestamp on the message is earlier than all the data in the transform cache'
[controller_server-1] [INFO] [1782058372.765646871] [local_costmap.local_costmap]: Message Filter dropping message: frame 'turtlebot4/rplidar_link/rplidar' at time 87.552 for reason 'the timestamp on the message is earlier than all the data in the transform cache'
[planner_server-3] [INFO] [1782058372.766130390] [global_costmap.global_costmap]: Message Filter dropping message: frame 'turtlebot4/rplidar_link/rplidar' at time 87.552 for reason 'the timestamp on the message is earlier than all the data in the transform cache'
[planner_server-3] [INFO] [1782058621.056331622] [global_costmap.global_costmap]: Message Filter dropping message: frame 'turtlebot4/rplidar_link/rplidar' at time 326.481 for reason 'the timestamp on the message is earlier than all the data in the transform cache'
[controller_server-1] [INFO] [1782058621.056445537] [local_costmap.local_costmap]: Message Filter dropping message: frame 'turtlebot4/rplidar_link/rplidar' at time 326.481 for reason 'the timestamp on the message is earlier than all the data in the transform cache'
[planner_server-3] [INFO] [1782059101.171175826] [global_costmap.global_costmap]: Message Filter dropping message: frame 'turtlebot4/rplidar_link/rplidar' at time 787.410 for reason 'the timestamp on the message is earlier than all the data in the transform cache'
[controller_server-1] [INFO] [1782059101.176868283] [local_costmap.local_costmap]: Message Filter dropping message: frame 'turtlebot4/rplidar_link/rplidar' at time 787.410 for reason 'the timestamp on the message is earlier than all the data in the transform cache'
[lifecycle_manager-11] [INFO] [1782059623.413820493] [rclcpp]: signal_handler(SIGINT/SIGTERM)
[lifecycle_manager-11] [INFO] [1782059623.413938733] [lifecycle_manager_navigation]: Running Nav2 LifecycleManager rcl preshutdown (lifecycle_manager_navigation)
[lifecycle_manager-11] [INFO] [1782059623.413993558] [lifecycle_manager_navigation]: [34m[1mTerminating bond timer...[0m[0m
[bt_navigator-6] [INFO] [1782059623.413867496] [rclcpp]: signal_handler(SIGINT/SIGTERM)
[bt_navigator-6] [INFO] [1782059623.413954517] [bt_navigator]: Running Nav2 LifecycleNode rcl preshutdown (bt_navigator)
[bt_navigator-6] [INFO] [1782059623.414043774] [bt_navigator]: Deactivating
[bt_navigator-6] [INFO] [1782059623.414089450] [bt_navigator]: Destroying bond (bt_navigator) to lifecycle manager.
[velocity_smoother-8] [INFO] [1782059623.413887261] [rclcpp]: signal_handler(SIGINT/SIGTERM)
[velocity_smoother-8] [INFO] [1782059623.413972606] [velocity_smoother]: Running Nav2 LifecycleNode rcl preshutdown (velocity_smoother)
[velocity_smoother-8] [INFO] [1782059623.414067031] [velocity_smoother]: Deactivating
[velocity_smoother-8] [INFO] [1782059623.414107189] [velocity_smoother]: Destroying bond (velocity_smoother) to lifecycle manager.
[waypoint_follower-7] [INFO] [1782059623.414089450] [rclcpp]: signal_handler(SIGINT/SIGTERM)
[waypoint_follower-7] [INFO] [1782059623.414156078] [waypoint_follower]: Running Nav2 LifecycleNode rcl preshutdown (waypoint_follower)
[waypoint_follower-7] [INFO] [1782059623.414240306] [waypoint_follower]: Deactivating
[waypoint_follower-7] [INFO] [1782059623.414281721] [waypoint_follower]: Destroying bond (waypoint_follower) to lifecycle manager.
[planner_server-3] [INFO] [1782059623.414177030] [rclcpp]: signal_handler(SIGINT/SIGTERM)
[planner_server-3] [INFO] [1782059623.414246033] [planner_server]: Running Nav2 LifecycleNode rcl preshutdown (planner_server)
[controller_server-1] [INFO] [1782059623.414378451] [rclcpp]: signal_handler(SIGINT/SIGTERM)
[controller_server-1] [INFO] [1782059623.414460793] [controller_server]: Running Nav2 LifecycleNode rcl preshutdown (controller_server)
[controller_server-1] [INFO] [1782059623.414534125] [controller_server]: Deactivating
[controller_server-1] [INFO] [1782059623.414569465] [MPPIController]: Deactivated MPPI Controller: FollowPath
[controller_server-1] [INFO] [1782059623.414593281] [local_costmap.local_costmap]: Deactivating
[collision_monitor-9] [INFO] [1782059623.414438793] [rclcpp]: signal_handler(SIGINT/SIGTERM)
[collision_monitor-9] [INFO] [1782059623.414506888] [collision_monitor]: Running Nav2 LifecycleNode rcl preshutdown (collision_monitor)
[collision_monitor-9] [INFO] [1782059623.414582316] [collision_monitor]: Deactivating
[collision_monitor-9] [INFO] [1782059623.414613814] [collision_monitor]: Destroying bond (collision_monitor) to lifecycle manager.
[planner_server-3] [INFO] [1782059623.415868083] [planner_server]: Deactivating
[planner_server-3] [INFO] [1782059623.415932965] [global_costmap.global_costmap]: Deactivating
[route_server-4] [INFO] [1782059623.416442942] [rclcpp]: signal_handler(SIGINT/SIGTERM)
[route_server-4] [INFO] [1782059623.416523329] [route_server]: Running Nav2 LifecycleNode rcl preshutdown (route_server)
[route_server-4] [INFO] [1782059623.416603296] [route_server]: Deactivating
[route_server-4] [INFO] [1782059623.416637099] [route_server]: Destroying bond (route_server) to lifecycle manager.
[smoother_server-2] [INFO] [1782059623.422513008] [rclcpp]: signal_handler(SIGINT/SIGTERM)
[smoother_server-2] [INFO] [1782059623.422600239] [smoother_server]: Running Nav2 LifecycleNode rcl preshutdown (smoother_server)
[smoother_server-2] [INFO] [1782059623.422715477] [smoother_server]: Deactivating
[smoother_server-2] [INFO] [1782059623.422754029] [smoother_server]: Destroying bond (smoother_server) to lifecycle manager.
[behavior_server-5] [INFO] [1782059623.423488055] [rclcpp]: signal_handler(SIGINT/SIGTERM)
[behavior_server-5] [INFO] [1782059623.423562854] [behavior_server]: Running Nav2 LifecycleNode rcl preshutdown (behavior_server)
[behavior_server-5] [INFO] [1782059623.423648269] [behavior_server]: Deactivating
[behavior_server-5] [INFO] [1782059623.423699323] [behavior_server]: Destroying bond (behavior_server) to lifecycle manager.
[opennav_docking-10] [INFO] [1782059623.424007600] [rclcpp]: signal_handler(SIGINT/SIGTERM)
[opennav_docking-10] [INFO] [1782059623.424121091] [docking_server]: Running Nav2 LifecycleNode rcl preshutdown (docking_server)
[opennav_docking-10] [INFO] [1782059623.424212862] [docking_server]: Deactivating docking_server
[waypoint_follower-7] [INFO] [1782059623.424770191] [waypoint_follower]: Cleaning up
[velocity_smoother-8] [INFO] [1782059623.425262218] [velocity_smoother]: Cleaning up
[velocity_smoother-8] [INFO] [1782059623.425326053] [velocity_smoother]: Destroying bond (velocity_smoother) to lifecycle manager.
[bt_navigator-6] [INFO] [1782059623.434515415] [bt_navigator]: Cleaning up
[collision_monitor-9] [INFO] [1782059623.459793774] [collision_monitor]: Cleaning up
[collision_monitor-9] [INFO] [1782059623.459858726] [collision_monitor]: [FootprintApproach]: Destroying Polygon
[collision_monitor-9] [INFO] [1782059623.459887360] [collision_monitor]: [scan]: Destroying Scan
[smoother_server-2] [INFO] [1782059623.473945738] [smoother_server]: Cleaning up
[collision_monitor-9] [INFO] [1782059623.480081385] [collision_monitor]: Destroying bond (collision_monitor) to lifecycle manager.
[route_server-4] [INFO] [1782059623.521587863] [route_server]: Cleaning up
[behavior_server-5] [INFO] [1782059623.526157192] [behavior_server]: Cleaning up
[controller_server-1] [INFO] [1782059623.563230530] [controller_server]: Destroying bond (controller_server) to lifecycle manager.
[controller_server-1] [INFO] [1782059623.615385134] [controller_server]: Cleaning up
[controller_server-1] [INFO] [1782059623.630071449] [MPPIController]: Cleaned up MPPI Controller: FollowPath
[collision_monitor-9] [INFO] [1782059623.633582133] [collision_monitor]: Destroying
[controller_server-1] [INFO] [1782059623.638102434] [local_costmap.local_costmap]: Cleaning up
[velocity_smoother-8] [INFO] [1782059623.660971497] [velocity_smoother]: Destroying
[opennav_docking-10] [INFO] [1782059623.704128940] [docking_server]: Destroying bond (docking_server) to lifecycle manager.
[smoother_server-2] [INFO] [1782059623.731355506] [smoother_server]: Destroying bond (smoother_server) to lifecycle manager.
[opennav_docking-10] [INFO] [1782059623.744596817] [docking_server]: Cleaning up docking_server
[behavior_server-5] [INFO] [1782059623.752525345] [behavior_server]: Destroying bond (behavior_server) to lifecycle manager.
[smoother_server-2] [INFO] [1782059623.766037708] [smoother_server]: Destroying
[route_server-4] [INFO] [1782059623.774428860] [route_server]: Destroying bond (route_server) to lifecycle manager.
[opennav_docking-10] [INFO] [1782059623.813517103] [docking_server]: Destroying bond (docking_server) to lifecycle manager.
[route_server-4] [INFO] [1782059623.840256111] [route_server]: Destroying
[opennav_docking-10] [INFO] [1782059623.884310169] [docking_server]: Destroying
[waypoint_follower-7] [INFO] [1782059623.895491458] [waypoint_follower]: Destroying bond (waypoint_follower) to lifecycle manager.
[waypoint_follower-7] [INFO] [1782059623.897316257] [waypoint_follower]: Destroying
[behavior_server-5] [INFO] [1782059623.938043662] [behavior_server]: Destroying
[INFO] [collision_monitor-9]: process has finished cleanly [pid 4889]
[INFO] [velocity_smoother-8]: process has finished cleanly [pid 4888]
[controller_server-1] [INFO] [1782059623.996882441] [controller_server]: Destroying bond (controller_server) to lifecycle manager.
[controller_server-1] [INFO] [1782059623.999951102] [local_costmap.local_costmap]: Destroying
[controller_server-1] [INFO] [1782059624.009391543] [controller_server]: Destroying
[INFO] [route_server-4]: process has finished cleanly [pid 4884]
[INFO] [smoother_server-2]: process has finished cleanly [pid 4882]
[bt_navigator-6] [INFO] [1782059624.030752331] [bt_navigator]: Completed Cleaning up
[bt_navigator-6] [INFO] [1782059624.030821892] [bt_navigator]: Destroying bond (bt_navigator) to lifecycle manager.
[lifecycle_manager-11] [INFO] [1782059624.032115622] [lifecycle_manager_navigation]: Destroying lifecycle_manager_navigation
[bt_navigator-6] [INFO] [1782059624.043222044] [bt_navigator]: Destroying
[INFO] [opennav_docking-10]: process has finished cleanly [pid 4890]
[INFO] [waypoint_follower-7]: process has finished cleanly [pid 4887]
[INFO] [behavior_server-5]: process has finished cleanly [pid 4885]
[INFO] [controller_server-1]: process has finished cleanly [pid 4881]
[INFO] [lifecycle_manager-11]: process has finished cleanly [pid 4891]
[INFO] [bt_navigator-6]: process has finished cleanly [pid 4886]
[planner_server-3] [INFO] [1782059624.198901293] [planner_server]: Deactivating plugin GridBased of type NavfnPlanner
[planner_server-3] [INFO] [1782059624.198945991] [planner_server]: Destroying bond (planner_server) to lifecycle manager.
[planner_server-3] [INFO] [1782059624.209113474] [planner_server]: Cleaning up
[planner_server-3] [INFO] [1782059624.213387867] [global_costmap.global_costmap]: Cleaning up
[planner_server-3] [INFO] [1782059624.216047541] [planner_server]: Cleaning up plugin GridBased of type NavfnPlanner
[planner_server-3] [INFO] [1782059624.216314962] [planner_server]: Destroying plugin GridBased of type NavfnPlanner
[planner_server-3] [INFO] [1782059624.222816086] [planner_server]: Destroying bond (planner_server) to lifecycle manager.
[planner_server-3] [INFO] [1782059624.224904813] [global_costmap.global_costmap]: Destroying
[planner_server-3] [INFO] [1782059624.229389286] [planner_server]: Destroying
[INFO] [planner_server-3]: process has finished cleanly [pid 4883]
