[INFO] [launch]: All log files can be found below /home/brookz/.ros/log/2026-06-21-17-48-12-188728-brookz-Lenovo-Legion-R9000P2021H-11351
[INFO] [launch]: Default logging verbosity is set to INFO
[INFO] [map_server-1]: process started with pid [11355]
[INFO] [amcl-2]: process started with pid [11356]
[INFO] [lifecycle_manager-3]: process started with pid [11357]
[lifecycle_manager-3] [INFO] [1782060492.462122986] [lifecycle_manager_localization]: Creating
[lifecycle_manager-3] [INFO] [1782060492.475120236] [lifecycle_manager_localization]: [34m[1mCreating and initializing lifecycle service clients[0m[0m
[amcl-2] [INFO] [1782060492.493177009] [amcl]: 
[amcl-2] 	amcl lifecycle node launched. 
[amcl-2] 	Waiting on external lifecycle transitions to activate
[amcl-2] 	See https://design.ros2.org/articles/node_lifecycle.html for more information.
[amcl-2] [INFO] [1782060492.493960152] [amcl]: Creating
[map_server-1] [INFO] [1782060492.506978774] [map_server]: 
[map_server-1] 	map_server lifecycle node launched. 
[map_server-1] 	Waiting on external lifecycle transitions to activate
[map_server-1] 	See https://design.ros2.org/articles/node_lifecycle.html for more information.
[map_server-1] [INFO] [1782060492.507095551] [map_server]: Creating
[lifecycle_manager-3] [INFO] [1782060493.382397167] [lifecycle_manager_localization]: [34m[1mStarting managed nodes bringup...[0m[0m
[lifecycle_manager-3] [INFO] [1782060493.382465264] [lifecycle_manager_localization]: [34m[1mConfiguring map_server[0m[0m
[map_server-1] [INFO] [1782060493.386108871] [map_server]: Configuring
[map_server-1] [INFO] [1782060493.386198759] [map_io]: Loading yaml file: /home/brookz/create3_ws/house_sitter_v2/maps/minimal_slam_map.yaml
[map_server-1] [INFO] [1782060493.386547831] [map_io]: resolution: 0.05
[map_server-1] [INFO] [1782060493.386566409] [map_io]: origin[0]: -11.276
[map_server-1] [INFO] [1782060493.386576955] [map_io]: origin[1]: -10.741
[map_server-1] [INFO] [1782060493.386585057] [map_io]: origin[2]: 0
[map_server-1] [INFO] [1782060493.386592600] [map_io]: free_thresh: 0.196
[map_server-1] [INFO] [1782060493.386600841] [map_io]: occupied_thresh: 0.65
[map_server-1] [INFO] [1782060493.386609851] [map_io]: mode: trinary
[map_server-1] [INFO] [1782060493.386618372] [map_io]: negate: 0
[map_server-1] [INFO] [1782060493.386859398] [map_io]: Loading image_file: /home/brookz/create3_ws/house_sitter_v2/maps/minimal_slam_map.pgm
[map_server-1] [INFO] [1782060493.400642375] [map_io]: Read map /home/brookz/create3_ws/house_sitter_v2/maps/minimal_slam_map.pgm: 449 X 441 map @ 0.05 m/cell
[lifecycle_manager-3] [INFO] [1782060493.759166221] [lifecycle_manager_localization]: [34m[1mConfiguring amcl[0m[0m
[amcl-2] [INFO] [1782060493.759617124] [amcl]: Configuring
[amcl-2] [INFO] [1782060493.759717697] [amcl]: initTransforms
[amcl-2] [INFO] [1782060493.779998880] [amcl]: initPubSub
[amcl-2] [INFO] [1782060493.796105374] [amcl]: Subscribed to map topic.
[lifecycle_manager-3] [INFO] [1782060493.806561549] [lifecycle_manager_localization]: [34m[1mActivating map_server[0m[0m
[map_server-1] [INFO] [1782060493.806988845] [map_server]: Activating
[map_server-1] [INFO] [1782060493.808121479] [map_server]: Creating bond (map_server) to lifecycle manager.
[amcl-2] [INFO] [1782060494.393918970] [amcl]: Received a 449 X 441 map @ 0.050 m/pix
[lifecycle_manager-3] [INFO] [1782060494.457688777] [lifecycle_manager_localization]: Server map_server connected with bond.
[lifecycle_manager-3] [INFO] [1782060494.457749261] [lifecycle_manager_localization]: [34m[1mActivating amcl[0m[0m
[amcl-2] [INFO] [1782060494.469911755] [amcl]: Activating
[amcl-2] [INFO] [1782060494.470516660] [amcl]: Creating bond (amcl) to lifecycle manager.
[lifecycle_manager-3] [INFO] [1782060494.614088875] [lifecycle_manager_localization]: Server amcl connected with bond.
[lifecycle_manager-3] [INFO] [1782060494.614154108] [lifecycle_manager_localization]: [34m[1mManaged nodes are active[0m[0m
[lifecycle_manager-3] [INFO] [1782060494.614174711] [lifecycle_manager_localization]: [34m[1mCreating bond timer...[0m[0m
[amcl-2] [INFO] [1782060496.161471905] [amcl]: createLaserObject
[amcl-2] [INFO] [1782060496.545939267] [amcl]: Message Filter dropping message: frame 'turtlebot4/rplidar_link/rplidar' at time 191.040 for reason 'the timestamp on the message is earlier than all the data in the transform cache'
[amcl-2] [WARN] [1782060496.546177011] [amcl]: AMCL cannot publish a pose or update the transform. Please set the initial pose...
[amcl-2] [WARN] [1782060498.717323020] [amcl]: AMCL cannot publish a pose or update the transform. Please set the initial pose...
[amcl-2] [WARN] [1782060501.019821272] [amcl]: AMCL cannot publish a pose or update the transform. Please set the initial pose...
[amcl-2] [INFO] [1782060502.731121818] [amcl]: initialPoseReceived
[amcl-2] [WARN] [1782060502.731315142] [amcl]: Failed to transform initial pose in time (Lookup would require extrapolation into the future.  Requested time 196.953000 but the latest data is at time 196.944000, when looking up transform from frame [base_link] to frame [odom])
[amcl-2] [INFO] [1782060502.731357676] [amcl]: Setting pose (196.953000): 0.000 0.000 0.000
[amcl-2] [INFO] [1782061303.392000736] [amcl]: initialPoseReceived
[amcl-2] [INFO] [1782061303.392075465] [amcl]: Setting pose (866.412000): 0.000 0.000 0.000
