[INFO] [launch]: All log files can be found below /home/brookz/.ros/log/2026-06-21-17-48-40-395011-brookz-Lenovo-Legion-R9000P2021H-11528
[INFO] [launch]: Default logging verbosity is set to INFO
[INFO] [controller_server-1]: process started with pid [11534]
[INFO] [smoother_server-2]: process started with pid [11535]
[INFO] [planner_server-3]: process started with pid [11536]
[INFO] [route_server-4]: process started with pid [11537]
[INFO] [behavior_server-5]: process started with pid [11538]
[INFO] [bt_navigator-6]: process started with pid [11539]
[INFO] [waypoint_follower-7]: process started with pid [11540]
[INFO] [velocity_smoother-8]: process started with pid [11541]
[INFO] [collision_monitor-9]: process started with pid [11542]
[INFO] [opennav_docking-10]: process started with pid [11543]
[INFO] [lifecycle_manager-11]: process started with pid [11544]
[controller_server-1] [INFO] [1782060521.849088174] [controller_server]: 
[controller_server-1] 	controller_server lifecycle node launched. 
[controller_server-1] 	Waiting on external lifecycle transitions to activate
[controller_server-1] 	See https://design.ros2.org/articles/node_lifecycle.html for more information.
[controller_server-1] [INFO] [1782060521.903331410] [controller_server]: Creating controller server
[route_server-4] [INFO] [1782060521.948234412] [route_server]: 
[route_server-4] 	route_server lifecycle node launched. 
[route_server-4] 	Waiting on external lifecycle transitions to activate
[route_server-4] 	See https://design.ros2.org/articles/node_lifecycle.html for more information.
[collision_monitor-9] [INFO] [1782060522.503943733] [collision_monitor]: 
[collision_monitor-9] 	collision_monitor lifecycle node launched. 
[collision_monitor-9] 	Waiting on external lifecycle transitions to activate
[collision_monitor-9] 	See https://design.ros2.org/articles/node_lifecycle.html for more information.
[bt_navigator-6] [INFO] [1782060522.729133421] [bt_navigator]: 
[bt_navigator-6] 	bt_navigator lifecycle node launched. 
[bt_navigator-6] 	Waiting on external lifecycle transitions to activate
[bt_navigator-6] 	See https://design.ros2.org/articles/node_lifecycle.html for more information.
[bt_navigator-6] [INFO] [1782060522.772123301] [bt_navigator]: Creating
[lifecycle_manager-11] [INFO] [1782060523.070538060] [lifecycle_manager_navigation]: Creating
[lifecycle_manager-11] [INFO] [1782060523.302907338] [lifecycle_manager_navigation]: [34m[1mCreating and initializing lifecycle service clients[0m[0m
[opennav_docking-10] [INFO] [1782060523.450999893] [docking_server]: 
[opennav_docking-10] 	docking_server lifecycle node launched. 
[opennav_docking-10] 	Waiting on external lifecycle transitions to activate
[opennav_docking-10] 	See https://design.ros2.org/articles/node_lifecycle.html for more information.
[opennav_docking-10] [INFO] [1782060523.451176106] [docking_server]: Creating docking_server
[waypoint_follower-7] [INFO] [1782060523.457521916] [waypoint_follower]: 
[waypoint_follower-7] 	waypoint_follower lifecycle node launched. 
[waypoint_follower-7] 	Waiting on external lifecycle transitions to activate
[waypoint_follower-7] 	See https://design.ros2.org/articles/node_lifecycle.html for more information.
[waypoint_follower-7] [INFO] [1782060523.458407517] [waypoint_follower]: Creating
[velocity_smoother-8] [INFO] [1782060523.600393543] [velocity_smoother]: 
[velocity_smoother-8] 	velocity_smoother lifecycle node launched. 
[velocity_smoother-8] 	Waiting on external lifecycle transitions to activate
[velocity_smoother-8] 	See https://design.ros2.org/articles/node_lifecycle.html for more information.
[smoother_server-2] [INFO] [1782060523.673134885] [smoother_server]: 
[smoother_server-2] 	smoother_server lifecycle node launched. 
[smoother_server-2] 	Waiting on external lifecycle transitions to activate
[smoother_server-2] 	See https://design.ros2.org/articles/node_lifecycle.html for more information.
[smoother_server-2] [INFO] [1782060523.700521136] [smoother_server]: Creating smoother server
[planner_server-3] [INFO] [1782060523.921982079] [planner_server]: 
[planner_server-3] 	planner_server lifecycle node launched. 
[planner_server-3] 	Waiting on external lifecycle transitions to activate
[planner_server-3] 	See https://design.ros2.org/articles/node_lifecycle.html for more information.
[planner_server-3] [INFO] [1782060523.924910850] [planner_server]: Creating
[behavior_server-5] [INFO] [1782060524.077148621] [behavior_server]: 
[behavior_server-5] 	behavior_server lifecycle node launched. 
[behavior_server-5] 	Waiting on external lifecycle transitions to activate
[behavior_server-5] 	See https://design.ros2.org/articles/node_lifecycle.html for more information.
[lifecycle_manager-11] [INFO] [1782060525.528036709] [lifecycle_manager_navigation]: Waiting for service controller_server/get_state...
[lifecycle_manager-11] [INFO] [1782060527.528619571] [lifecycle_manager_navigation]: Waiting for service controller_server/get_state...
[controller_server-1] [INFO] [1782060528.024198293] [local_costmap.local_costmap]: 
[controller_server-1] 	local_costmap lifecycle node launched. 
[controller_server-1] 	Waiting on external lifecycle transitions to activate
[controller_server-1] 	See https://design.ros2.org/articles/node_lifecycle.html for more information.
[controller_server-1] [INFO] [1782060528.025193686] [local_costmap.local_costmap]: Creating Costmap
[planner_server-3] [INFO] [1782060529.359993589] [global_costmap.global_costmap]: 
[planner_server-3] 	global_costmap lifecycle node launched. 
[planner_server-3] 	Waiting on external lifecycle transitions to activate
[planner_server-3] 	See https://design.ros2.org/articles/node_lifecycle.html for more information.
[planner_server-3] [INFO] [1782060529.362271359] [global_costmap.global_costmap]: Creating Costmap
[lifecycle_manager-11] [INFO] [1782060530.490867390] [lifecycle_manager_navigation]: [34m[1mStarting managed nodes bringup...[0m[0m
[lifecycle_manager-11] [INFO] [1782060530.490940026] [lifecycle_manager_navigation]: [34m[1mConfiguring controller_server[0m[0m
[controller_server-1] [INFO] [1782060530.493039209] [controller_server]: Configuring controller interface
[controller_server-1] [INFO] [1782060530.493084467] [controller_server]: getting progress checker plugins..
[controller_server-1] [INFO] [1782060530.495649079] [controller_server]: getting goal checker plugins..
[controller_server-1] [INFO] [1782060530.497635187] [controller_server]: Controller frequency set to 20.0000Hz
[controller_server-1] [INFO] [1782060530.497743234] [local_costmap.local_costmap]: Configuring
[controller_server-1] [INFO] [1782060530.576925093] [local_costmap.local_costmap]: Using plugin "static_layer"
[controller_server-1] [INFO] [1782060530.588677333] [local_costmap.local_costmap]: Subscribing to the map topic (/map) with transient local durability
[controller_server-1] [INFO] [1782060530.595733510] [local_costmap.local_costmap]: Initialized plugin "static_layer"
[controller_server-1] [INFO] [1782060530.595779396] [local_costmap.local_costmap]: Using plugin "voxel_layer"
[controller_server-1] [INFO] [1782060530.604373852] [local_costmap.local_costmap]: Subscribed to Topics: scan
[controller_server-1] [INFO] [1782060530.662438234] [local_costmap.local_costmap]: Initialized plugin "voxel_layer"
[controller_server-1] [INFO] [1782060530.662498299] [local_costmap.local_costmap]: Using plugin "inflation_layer"
[controller_server-1] [INFO] [1782060530.666967444] [local_costmap.local_costmap]: Initialized plugin "inflation_layer"
[controller_server-1] [INFO] [1782060530.811913390] [local_costmap.local_costmap]: StaticLayer: Resizing static layer to 449 X 441 at 0.050000 m/pix
[controller_server-1] [INFO] [1782060530.812119425] [controller_server]: Created progress_checker : progress_checker of type nav2_controller::SimpleProgressChecker
[controller_server-1] [INFO] [1782060530.813995811] [controller_server]: Controller Server has progress_checker  progress checkers available.
[controller_server-1] [INFO] [1782060530.815422202] [controller_server]: Created goal checker : general_goal_checker of type nav2_controller::SimpleGoalChecker
[controller_server-1] [INFO] [1782060530.818457902] [controller_server]: Controller Server has general_goal_checker  goal checkers available.
[controller_server-1] [INFO] [1782060530.820998209] [controller_server]: Created controller : FollowPath of type nav2_mppi_controller::MPPIController
[controller_server-1] [INFO] [1782060530.840551356] [controller_server]: Controller period is equal to model dt. Control sequence shifting is ON
[controller_server-1] [INFO] [1782060530.846494175] [controller_server]: ConstraintCritic instantiated with 1 power and 4.000000 weight.
[controller_server-1] [INFO] [1782060530.847179609] [controller_server]: Critic loaded : mppi::critics::ConstraintCritic
[controller_server-1] [INFO] [1782060530.857096251] [controller_server]: InflationCostCritic instantiated with 1 power and 300.000000 / 0.015000 weights. Critic will collision check based on footprint cost.
[controller_server-1] [INFO] [1782060530.857174614] [controller_server]: Critic loaded : mppi::critics::CostCritic
[controller_server-1] [INFO] [1782060530.860966567] [controller_server]: GoalCritic instantiated with 1 power and 5.000000 weight.
[controller_server-1] [INFO] [1782060530.861951415] [controller_server]: Critic loaded : mppi::critics::GoalCritic
[controller_server-1] [INFO] [1782060530.866031119] [controller_server]: GoalAngleCritic instantiated with 1 power, 3.000000 weight, 0.500000 angular threshold and symmetric_yaw_tolerance disabled
[controller_server-1] [INFO] [1782060530.866096421] [controller_server]: Critic loaded : mppi::critics::GoalAngleCritic
[controller_server-1] [INFO] [1782060530.869547823] [controller_server]: ReferenceTrajectoryCritic instantiated with 1 power and 14.000000 weight
[controller_server-1] [INFO] [1782060530.869600205] [controller_server]: Critic loaded : mppi::critics::PathAlignCritic
[controller_server-1] [INFO] [1782060530.871247787] [controller_server]: Critic loaded : mppi::critics::PathFollowCritic
[controller_server-1] [INFO] [1782060530.874152113] [controller_server]: PathAngleCritic instantiated with 1 power and 2.000000 weight. Mode set to: Forward Preference
[controller_server-1] [INFO] [1782060530.874204425] [controller_server]: Critic loaded : mppi::critics::PathAngleCritic
[controller_server-1] [INFO] [1782060530.876042746] [controller_server]: PreferForwardCritic instantiated with 1 power and 5.000000 weight.
[controller_server-1] [INFO] [1782060530.876090658] [controller_server]: Critic loaded : mppi::critics::PreferForwardCritic
[controller_server-1] [INFO] [1782060530.879852230] [controller_server]: Optimizer reset
[controller_server-1] [INFO] [1782060530.901822622] [MPPIController]: Configured MPPI Controller: FollowPath
[controller_server-1] [INFO] [1782060530.901867111] [controller_server]: Controller Server has FollowPath  controllers available.
[lifecycle_manager-11] [INFO] [1782060530.958333709] [lifecycle_manager_navigation]: [34m[1mConfiguring smoother_server[0m[0m
[smoother_server-2] [INFO] [1782060530.960169656] [smoother_server]: Configuring smoother server
[smoother_server-2] [INFO] [1782060531.036764763] [smoother_server]: Created smoother : simple_smoother of type nav2_smoother::SimpleSmoother
[smoother_server-2] [INFO] [1782060531.050016379] [smoother_server]: Smoother Server has simple_smoother  smoothers available.
[lifecycle_manager-11] [INFO] [1782060531.104369476] [lifecycle_manager_navigation]: [34m[1mConfiguring planner_server[0m[0m
[planner_server-3] [INFO] [1782060531.105085710] [planner_server]: Configuring
[planner_server-3] [INFO] [1782060531.105137324] [global_costmap.global_costmap]: Configuring
[planner_server-3] [INFO] [1782060531.164357737] [global_costmap.global_costmap]: Using plugin "static_layer"
[planner_server-3] [INFO] [1782060531.185034439] [global_costmap.global_costmap]: Subscribing to the map topic (/map) with transient local durability
[planner_server-3] [INFO] [1782060531.194573024] [global_costmap.global_costmap]: Initialized plugin "static_layer"
[planner_server-3] [INFO] [1782060531.194625825] [global_costmap.global_costmap]: Using plugin "obstacle_layer"
[planner_server-3] [INFO] [1782060531.203175651] [global_costmap.global_costmap]: Subscribed to Topics: scan
[planner_server-3] [INFO] [1782060531.232052129] [global_costmap.global_costmap]: Initialized plugin "obstacle_layer"
[planner_server-3] [INFO] [1782060531.232114149] [global_costmap.global_costmap]: Using plugin "inflation_layer"
[planner_server-3] [INFO] [1782060531.242773495] [global_costmap.global_costmap]: Initialized plugin "inflation_layer"
[planner_server-3] [INFO] [1782060531.404344585] [global_costmap.global_costmap]: StaticLayer: Resizing costmap to 449 X 441 at 0.050000 m/pix
[planner_server-3] [INFO] [1782060531.405251698] [planner_server]: Created global planner plugin GridBased of type nav2_navfn_planner::NavfnPlanner
[planner_server-3] [INFO] [1782060531.405313230] [planner_server]: Configuring plugin GridBased of type NavfnPlanner
[planner_server-3] [INFO] [1782060531.412068526] [planner_server]: Planner Server has GridBased  planners available.
[lifecycle_manager-11] [INFO] [1782060531.490042251] [lifecycle_manager_navigation]: [34m[1mConfiguring route_server[0m[0m
[route_server-4] [INFO] [1782060531.491620410] [route_server]: Configuring
[route_server-4] [INFO] [1782060531.666238199] [route_server]: Created GraphFileLoader GeoJsonGraphFileLoader of type nav2_route::GeoJsonGraphFileLoader
[route_server-4] [INFO] [1782060531.666296098] [route_server]: Configuring geojson graph file loader
[route_server-4] [INFO] [1782060531.666524413] [route_server]: No graph file provided to load yet.
[route_server-4] [INFO] [1782060531.680984373] [route_server]: Created edge cost function plugin DistanceScorer of type nav2_route::DistanceScorer
[route_server-4] [INFO] [1782060531.681057358] [route_server]: Configuring distance scorer.
[route_server-4] [INFO] [1782060531.682366065] [route_server]: Created edge cost function plugin DynamicEdgesScorer of type nav2_route::DynamicEdgesScorer
[route_server-4] [INFO] [1782060531.683743566] [route_server]: Configuring adjust edges scorer.
[route_server-4] [INFO] [1782060531.701236223] [route_server]: Created route operation AdjustSpeedLimit of type nav2_route::AdjustSpeedLimit
[route_server-4] [INFO] [1782060531.701293354] [route_server]: Configuring Adjust speed limit operation.
[route_server-4] [INFO] [1782060531.708652996] [route_server]: Created route operation ReroutingService of type nav2_route::ReroutingService
[route_server-4] [INFO] [1782060531.708705448] [route_server]: Configuring Rerouting service operation.
[lifecycle_manager-11] [INFO] [1782060531.727889687] [lifecycle_manager_navigation]: [34m[1mConfiguring behavior_server[0m[0m
[behavior_server-5] [INFO] [1782060531.728814190] [behavior_server]: Configuring
[behavior_server-5] [INFO] [1782060531.767973424] [behavior_server]: Creating behavior plugin spin of type nav2_behaviors::Spin
[behavior_server-5] [INFO] [1782060531.772540977] [behavior_server]: Creating behavior plugin backup of type nav2_behaviors::BackUp
[behavior_server-5] [INFO] [1782060531.775005575] [behavior_server]: Creating behavior plugin drive_on_heading of type nav2_behaviors::DriveOnHeading
[behavior_server-5] [INFO] [1782060531.777381334] [behavior_server]: Creating behavior plugin assisted_teleop of type nav2_behaviors::AssistedTeleop
[behavior_server-5] [INFO] [1782060531.782835047] [behavior_server]: Creating behavior plugin wait of type nav2_behaviors::Wait
[behavior_server-5] [INFO] [1782060531.815951517] [behavior_server]: Configuring spin
[behavior_server-5] [INFO] [1782060531.879477924] [behavior_server]: Configuring backup
[behavior_server-5] [INFO] [1782060531.921508937] [behavior_server]: Configuring drive_on_heading
[behavior_server-5] [INFO] [1782060531.966570901] [behavior_server]: Configuring assisted_teleop
[behavior_server-5] [INFO] [1782060532.029267440] [behavior_server]: Configuring wait
[lifecycle_manager-11] [INFO] [1782060532.070766255] [lifecycle_manager_navigation]: [34m[1mConfiguring velocity_smoother[0m[0m
[velocity_smoother-8] [INFO] [1782060532.071666174] [velocity_smoother]: Configuring velocity smoother
[lifecycle_manager-11] [INFO] [1782060532.129426043] [lifecycle_manager_navigation]: [34m[1mConfiguring collision_monitor[0m[0m
[collision_monitor-9] [INFO] [1782060532.131934643] [collision_monitor]: Configuring
[collision_monitor-9] [INFO] [1782060532.208768680] [collision_monitor]: [scan]: Creating Scan
[collision_monitor-9] [INFO] [1782060532.225575623] [collision_monitor]: [FootprintApproach]: Creating Polygon
[collision_monitor-9] [INFO] [1782060532.226289063] [collision_monitor]: [FootprintApproach]: Polygon points are not defined. Using dynamic subscription instead.
[collision_monitor-9] [INFO] [1782060532.236970410] [collision_monitor]: [FootprintApproach]: Making footprint subscriber on local_costmap/published_footprint topic
[lifecycle_manager-11] [INFO] [1782060532.303684214] [lifecycle_manager_navigation]: [34m[1mConfiguring bt_navigator[0m[0m
[bt_navigator-6] [INFO] [1782060532.305132676] [bt_navigator]: Configuring
[bt_navigator-6] [INFO] [1782060532.345046766] [bt_navigator]: Creating navigator id navigate_to_pose of type nav2_bt_navigator::NavigateToPoseNavigator
[bt_navigator-6] [INFO] [1782060532.636692471] [bt_navigator]: Creating navigator id navigate_through_poses of type nav2_bt_navigator::NavigateThroughPosesNavigator
[lifecycle_manager-11] [INFO] [1782060532.843579332] [lifecycle_manager_navigation]: [34m[1mConfiguring waypoint_follower[0m[0m
[waypoint_follower-7] [INFO] [1782060532.844755967] [waypoint_follower]: Configuring
[waypoint_follower-7] [INFO] [1782060533.008782995] [waypoint_follower]: Created waypoint_task_executor : wait_at_waypoint of type nav2_waypoint_follower::WaitAtWaypoint
[lifecycle_manager-11] [INFO] [1782060533.014011047] [lifecycle_manager_navigation]: [34m[1mConfiguring docking_server[0m[0m
[opennav_docking-10] [INFO] [1782060533.014871226] [docking_server]: Configuring docking_server
[opennav_docking-10] [INFO] [1782060533.014914598] [docking_server]: Controller frequency set to 50.0000Hz
[opennav_docking-10] [INFO] [1782060533.206982091] [docking_server]: Created charging dock plugin simple_charging_dock of type opennav_docking::SimpleChargingDock
[opennav_docking-10] [WARN] [1782060533.241147733] [docking_server]: Dock database filepath nor dock parameters set. Docking actions can only be executed specifying the dock pose via the action request. Or update the dock database via the reload_database service.
[opennav_docking-10] [INFO] [1782060533.241215899] [docking_server]: Docking Server has 1 dock types and 0 dock instances available.
[lifecycle_manager-11] [INFO] [1782060533.250222774] [lifecycle_manager_navigation]: [34m[1mActivating controller_server[0m[0m
[controller_server-1] [INFO] [1782060533.251235768] [controller_server]: Activating
[controller_server-1] [INFO] [1782060533.251290595] [local_costmap.local_costmap]: Activating
[controller_server-1] [INFO] [1782060533.251323909] [local_costmap.local_costmap]: Checking transform
[controller_server-1] [INFO] [1782060533.251522471] [local_costmap.local_costmap]: start
[controller_server-1] [WARN] [1782060533.457788015] [controller_server]: Parameter controller_server.verbose not found
[controller_server-1] [INFO] [1782060533.460871207] [controller_server]: Optimizer reset
[controller_server-1] [INFO] [1782060533.462297738] [MPPIController]: Activated MPPI Controller: FollowPath
[controller_server-1] [INFO] [1782060533.462364857] [controller_server]: Creating bond (controller_server) to lifecycle manager.
[lifecycle_manager-11] [INFO] [1782060533.579856596] [lifecycle_manager_navigation]: Server controller_server connected with bond.
[lifecycle_manager-11] [INFO] [1782060533.579915613] [lifecycle_manager_navigation]: [34m[1mActivating smoother_server[0m[0m
[smoother_server-2] [INFO] [1782060533.580936778] [smoother_server]: Activating
[smoother_server-2] [INFO] [1782060533.580977496] [smoother_server]: Creating bond (smoother_server) to lifecycle manager.
[lifecycle_manager-11] [INFO] [1782060533.695455955] [lifecycle_manager_navigation]: Server smoother_server connected with bond.
[lifecycle_manager-11] [INFO] [1782060533.695501702] [lifecycle_manager_navigation]: [34m[1mActivating planner_server[0m[0m
[planner_server-3] [INFO] [1782060533.696591104] [planner_server]: Activating
[planner_server-3] [INFO] [1782060533.696666045] [global_costmap.global_costmap]: Activating
[planner_server-3] [INFO] [1782060533.696685531] [global_costmap.global_costmap]: Checking transform
[planner_server-3] [INFO] [1782060533.698796098] [global_costmap.global_costmap]: start
[planner_server-3] [INFO] [1782060534.704635251] [planner_server]: Activating plugin GridBased of type NavfnPlanner
[planner_server-3] [INFO] [1782060534.716123138] [planner_server]: Creating bond (planner_server) to lifecycle manager.
[lifecycle_manager-11] [INFO] [1782060534.833063541] [lifecycle_manager_navigation]: Server planner_server connected with bond.
[lifecycle_manager-11] [INFO] [1782060534.833118228] [lifecycle_manager_navigation]: [34m[1mActivating route_server[0m[0m
[route_server-4] [INFO] [1782060534.834116136] [route_server]: Activating
[route_server-4] [INFO] [1782060534.834284037] [route_server]: Creating bond (route_server) to lifecycle manager.
[lifecycle_manager-11] [INFO] [1782060534.954615498] [lifecycle_manager_navigation]: Server route_server connected with bond.
[lifecycle_manager-11] [INFO] [1782060534.954674655] [lifecycle_manager_navigation]: [34m[1mActivating behavior_server[0m[0m
[behavior_server-5] [INFO] [1782060534.955603349] [behavior_server]: Activating
[behavior_server-5] [INFO] [1782060534.955641483] [behavior_server]: Activating spin
[behavior_server-5] [INFO] [1782060534.955663972] [behavior_server]: Activating backup
[behavior_server-5] [INFO] [1782060534.955680595] [behavior_server]: Activating drive_on_heading
[behavior_server-5] [INFO] [1782060534.955697776] [behavior_server]: Activating assisted_teleop
[behavior_server-5] [INFO] [1782060534.955713002] [behavior_server]: Activating wait
[behavior_server-5] [INFO] [1782060534.955735351] [behavior_server]: Creating bond (behavior_server) to lifecycle manager.
[lifecycle_manager-11] [INFO] [1782060535.071596899] [lifecycle_manager_navigation]: Server behavior_server connected with bond.
[lifecycle_manager-11] [INFO] [1782060535.071660107] [lifecycle_manager_navigation]: [34m[1mActivating velocity_smoother[0m[0m
[velocity_smoother-8] [INFO] [1782060535.073175617] [velocity_smoother]: Activating
[velocity_smoother-8] [INFO] [1782060535.073278076] [velocity_smoother]: Creating bond (velocity_smoother) to lifecycle manager.
[lifecycle_manager-11] [INFO] [1782060535.199348137] [lifecycle_manager_navigation]: Server velocity_smoother connected with bond.
[lifecycle_manager-11] [INFO] [1782060535.199404011] [lifecycle_manager_navigation]: [34m[1mActivating collision_monitor[0m[0m
[collision_monitor-9] [INFO] [1782060535.200636031] [collision_monitor]: Activating
[collision_monitor-9] [INFO] [1782060535.200908975] [collision_monitor]: Creating bond (collision_monitor) to lifecycle manager.
[lifecycle_manager-11] [INFO] [1782060535.329091769] [lifecycle_manager_navigation]: Server collision_monitor connected with bond.
[lifecycle_manager-11] [INFO] [1782060535.329136747] [lifecycle_manager_navigation]: [34m[1mActivating bt_navigator[0m[0m
[bt_navigator-6] [INFO] [1782060535.332206949] [bt_navigator]: Activating
[bt_navigator-6] [INFO] [1782060535.843747522] [bt_navigator]: Creating bond (bt_navigator) to lifecycle manager.
[lifecycle_manager-11] [INFO] [1782060535.962186534] [lifecycle_manager_navigation]: Server bt_navigator connected with bond.
[lifecycle_manager-11] [INFO] [1782060535.962255608] [lifecycle_manager_navigation]: [34m[1mActivating waypoint_follower[0m[0m
[waypoint_follower-7] [INFO] [1782060535.963331739] [waypoint_follower]: Activating
[waypoint_follower-7] [INFO] [1782060535.963377486] [waypoint_follower]: Creating bond (waypoint_follower) to lifecycle manager.
[lifecycle_manager-11] [INFO] [1782060536.088347809] [lifecycle_manager_navigation]: Server waypoint_follower connected with bond.
[lifecycle_manager-11] [INFO] [1782060536.088406686] [lifecycle_manager_navigation]: [34m[1mActivating docking_server[0m[0m
[opennav_docking-10] [INFO] [1782060536.089618103] [docking_server]: Activating docking_server
[opennav_docking-10] [INFO] [1782060536.167103490] [docking_server]: Creating bond (docking_server) to lifecycle manager.
[lifecycle_manager-11] [INFO] [1782060536.299340565] [lifecycle_manager_navigation]: Server docking_server connected with bond.
[lifecycle_manager-11] [INFO] [1782060536.299402515] [lifecycle_manager_navigation]: [34m[1mManaged nodes are active[0m[0m
[lifecycle_manager-11] [INFO] [1782060536.299424516] [lifecycle_manager_navigation]: [34m[1mCreating bond timer...[0m[0m
[controller_server-1] [INFO] [1782061153.783996409] [local_costmap.local_costmap]: Message Filter dropping message: frame 'turtlebot4/rplidar_link/rplidar' at time 738.480 for reason 'the timestamp on the message is earlier than all the data in the transform cache'
