[INFO] [launch]: All log files can be found below /home/brookz/.ros/log/2026-06-20-17-16-14-397237-brookz-Lenovo-Legion-R9000P2021H-4996
[INFO] [launch]: Default logging verbosity is set to INFO
[INFO] [map_server-1]: process started with pid [5000]
[INFO] [amcl-2]: process started with pid [5001]
[INFO] [lifecycle_manager-3]: process started with pid [5002]
[lifecycle_manager-3] [INFO] [1781972174.603232817] [lifecycle_manager_localization]: Creating
[amcl-2] [INFO] [1781972174.614815316] [amcl]: 
[amcl-2] 	amcl lifecycle node launched. 
[amcl-2] 	Waiting on external lifecycle transitions to activate
[amcl-2] 	See https://design.ros2.org/articles/node_lifecycle.html for more information.
[lifecycle_manager-3] [INFO] [1781972174.615367522] [lifecycle_manager_localization]: [34m[1mCreating and initializing lifecycle service clients[0m[0m
[amcl-2] [INFO] [1781972174.617052145] [amcl]: Creating
[map_server-1] [INFO] [1781972174.639137314] [map_server]: 
[map_server-1] 	map_server lifecycle node launched. 
[map_server-1] 	Waiting on external lifecycle transitions to activate
[map_server-1] 	See https://design.ros2.org/articles/node_lifecycle.html for more information.
[map_server-1] [INFO] [1781972174.639293261] [map_server]: Creating
[lifecycle_manager-3] [INFO] [1781972174.797441874] [lifecycle_manager_localization]: [34m[1mStarting managed nodes bringup...[0m[0m
[lifecycle_manager-3] [INFO] [1781972174.797511013] [lifecycle_manager_localization]: [34m[1mConfiguring map_server[0m[0m
[map_server-1] [INFO] [1781972174.948892290] [map_server]: Configuring
[map_server-1] [INFO] [1781972174.948983358] [map_io]: Loading yaml file: /opt/ros/jazzy/share/turtlebot4_navigation/maps/warehouse.yaml
[map_server-1] [INFO] [1781972174.955365539] [map_io]: resolution: 0.03
[map_server-1] [INFO] [1781972174.955391309] [map_io]: origin[0]: -15.1
[map_server-1] [INFO] [1781972174.955398432] [map_io]: origin[1]: -25
[map_server-1] [INFO] [1781972174.955404089] [map_io]: origin[2]: 0
[map_server-1] [INFO] [1781972174.955409816] [map_io]: free_thresh: 0.1
[map_server-1] [INFO] [1781972174.955414705] [map_io]: occupied_thresh: 0.65
[map_server-1] [INFO] [1781972174.955420920] [map_io]: mode: trinary
[map_server-1] [INFO] [1781972174.955426577] [map_io]: negate: 0
[map_server-1] [INFO] [1781972174.959087116] [map_io]: Loading image_file: /opt/ros/jazzy/share/turtlebot4_navigation/maps/warehouse.pgm
[map_server-1] [INFO] [1781972174.989244954] [map_io]: Read map /opt/ros/jazzy/share/turtlebot4_navigation/maps/warehouse.pgm: 1006 X 1674 map @ 0.03 m/cell
[lifecycle_manager-3] [INFO] [1781972175.002107158] [lifecycle_manager_localization]: [34m[1mConfiguring amcl[0m[0m
[amcl-2] [INFO] [1781972175.002448664] [amcl]: Configuring
[amcl-2] [INFO] [1781972175.002671935] [amcl]: initTransforms
[amcl-2] [INFO] [1781972175.009378860] [amcl]: initPubSub
[amcl-2] [INFO] [1781972175.019387708] [amcl]: Subscribed to map topic.
[lifecycle_manager-3] [INFO] [1781972175.022509171] [lifecycle_manager_localization]: [34m[1mActivating map_server[0m[0m
[map_server-1] [INFO] [1781972175.022675803] [map_server]: Activating
[map_server-1] [INFO] [1781972175.024964941] [map_server]: Creating bond (map_server) to lifecycle manager.
[amcl-2] [INFO] [1781972175.037741593] [amcl]: Received a 1006 X 1674 map @ 0.030 m/pix
[lifecycle_manager-3] [INFO] [1781972175.132874885] [lifecycle_manager_localization]: Server map_server connected with bond.
[lifecycle_manager-3] [INFO] [1781972175.132932082] [lifecycle_manager_localization]: [34m[1mActivating amcl[0m[0m
[amcl-2] [INFO] [1781972175.133176863] [amcl]: Activating
[amcl-2] [INFO] [1781972175.133218277] [amcl]: Creating bond (amcl) to lifecycle manager.
[lifecycle_manager-3] [INFO] [1781972175.236649535] [lifecycle_manager_localization]: Server amcl connected with bond.
[lifecycle_manager-3] [INFO] [1781972175.236711481] [lifecycle_manager_localization]: [34m[1mManaged nodes are active[0m[0m
[lifecycle_manager-3] [INFO] [1781972175.236731314] [lifecycle_manager_localization]: [34m[1mCreating bond timer...[0m[0m
[amcl-2] [INFO] [1781972177.877025224] [amcl]: createLaserObject
[amcl-2] [WARN] [1781972178.286942782] [amcl]: AMCL cannot publish a pose or update the transform. Please set the initial pose...
[amcl-2] [INFO] [1781972178.765997628] [amcl]: Message Filter dropping message: frame 'turtlebot4/rplidar_link/rplidar' at time 5.952 for reason 'the timestamp on the message is earlier than all the data in the transform cache'
[amcl-2] [WARN] [1781972180.316687267] [amcl]: AMCL cannot publish a pose or update the transform. Please set the initial pose...
[amcl-2] [WARN] [1781972182.357784006] [amcl]: AMCL cannot publish a pose or update the transform. Please set the initial pose...
[amcl-2] [WARN] [1781972184.534918712] [amcl]: AMCL cannot publish a pose or update the transform. Please set the initial pose...
[amcl-2] [INFO] [1781972184.572934610] [amcl]: initialPoseReceived
[amcl-2] [WARN] [1781972184.573298953] [amcl]: Failed to transform initial pose in time (Lookup would require extrapolation into the future.  Requested time 12.675000 but the latest data is at time 12.666000, when looking up transform from frame [base_link] to frame [odom])
[amcl-2] [INFO] [1781972184.573359013] [amcl]: Setting pose (12.675000): 0.000 0.000 0.000
[amcl-2] [INFO] [1781973212.034181330] [amcl]: Message Filter dropping message: frame 'turtlebot4/rplidar_link/rplidar' at time 1003.281 for reason 'discarding message because the queue is full'
[lifecycle_manager-3] [INFO] [1781989343.491662541] [rclcpp]: signal_handler(SIGINT/SIGTERM)
[amcl-2] [INFO] [1781989343.492290549] [rclcpp]: signal_handler(SIGINT/SIGTERM)
[amcl-2] [INFO] [1781989343.492376453] [amcl]: Running Nav2 LifecycleNode rcl preshutdown (amcl)
[amcl-2] [INFO] [1781989343.492446014] [amcl]: Deactivating
[amcl-2] [INFO] [1781989343.492478281] [amcl]: Destroying bond (amcl) to lifecycle manager.
[lifecycle_manager-3] [INFO] [1781989343.493183114] [lifecycle_manager_localization]: Running Nav2 LifecycleManager rcl preshutdown (lifecycle_manager_localization)
[lifecycle_manager-3] [INFO] [1781989343.493240802] [lifecycle_manager_localization]: [34m[1mTerminating bond timer...[0m[0m
[map_server-1] [INFO] [1781989343.493361836] [rclcpp]: signal_handler(SIGINT/SIGTERM)
[map_server-1] [INFO] [1781989343.493440966] [map_server]: Running Nav2 LifecycleNode rcl preshutdown (map_server)
[map_server-1] [INFO] [1781989343.493513600] [map_server]: Deactivating
[map_server-1] [INFO] [1781989343.493543911] [map_server]: Destroying bond (map_server) to lifecycle manager.
[amcl-2] [INFO] [1781989343.596201025] [amcl]: Cleaning up
[map_server-1] [INFO] [1781989343.596201025] [map_server]: Cleaning up
[map_server-1] [INFO] [1781989343.596305018] [map_server]: Destroying bond (map_server) to lifecycle manager.
[map_server-1] [INFO] [1781989343.726420095] [map_server]: Destroying
[INFO] [map_server-1]: process has finished cleanly [pid 5000]
[amcl-2] [INFO] [1781989344.099665376] [amcl]: Destroying bond (amcl) to lifecycle manager.
[amcl-2] [INFO] [1781989344.105077615] [amcl]: Destroying
[lifecycle_manager-3] [INFO] [1781989344.232017103] [lifecycle_manager_localization]: Destroying lifecycle_manager_localization
[INFO] [amcl-2]: process has finished cleanly [pid 5001]
[INFO] [lifecycle_manager-3]: process has finished cleanly [pid 5002]
