[INFO] [launch]: All log files can be found below /home/brookz/.ros/log/2026-06-20-17-16-34-707352-brookz-Lenovo-Legion-R9000P2021H-5125
[INFO] [launch]: Default logging verbosity is set to INFO
[INFO] [controller_server-1]: process started with pid [5129]
[INFO] [smoother_server-2]: process started with pid [5130]
[INFO] [planner_server-3]: process started with pid [5131]
[INFO] [route_server-4]: process started with pid [5132]
[INFO] [behavior_server-5]: process started with pid [5133]
[INFO] [bt_navigator-6]: process started with pid [5134]
[INFO] [waypoint_follower-7]: process started with pid [5135]
[INFO] [velocity_smoother-8]: process started with pid [5136]
[INFO] [collision_monitor-9]: process started with pid [5137]
[INFO] [opennav_docking-10]: process started with pid [5138]
[INFO] [lifecycle_manager-11]: process started with pid [5139]
[lifecycle_manager-11] [INFO] [1781972195.137218547] [lifecycle_manager_navigation]: Creating
[lifecycle_manager-11] [INFO] [1781972195.150219938] [lifecycle_manager_navigation]: [34m[1mCreating and initializing lifecycle service clients[0m[0m
[velocity_smoother-8] [INFO] [1781972195.175922138] [velocity_smoother]: 
[velocity_smoother-8] 	velocity_smoother lifecycle node launched. 
[velocity_smoother-8] 	Waiting on external lifecycle transitions to activate
[velocity_smoother-8] 	See https://design.ros2.org/articles/node_lifecycle.html for more information.
[controller_server-1] [INFO] [1781972195.535665989] [controller_server]: 
[controller_server-1] 	controller_server lifecycle node launched. 
[controller_server-1] 	Waiting on external lifecycle transitions to activate
[controller_server-1] 	See https://design.ros2.org/articles/node_lifecycle.html for more information.
[smoother_server-2] [INFO] [1781972195.557661557] [smoother_server]: 
[smoother_server-2] 	smoother_server lifecycle node launched. 
[smoother_server-2] 	Waiting on external lifecycle transitions to activate
[smoother_server-2] 	See https://design.ros2.org/articles/node_lifecycle.html for more information.
[smoother_server-2] [INFO] [1781972195.559731055] [smoother_server]: Creating smoother server
[controller_server-1] [INFO] [1781972195.560997351] [controller_server]: Creating controller server
[behavior_server-5] [INFO] [1781972195.601722601] [behavior_server]: 
[behavior_server-5] 	behavior_server lifecycle node launched. 
[behavior_server-5] 	Waiting on external lifecycle transitions to activate
[behavior_server-5] 	See https://design.ros2.org/articles/node_lifecycle.html for more information.
[collision_monitor-9] [INFO] [1781972195.681799814] [collision_monitor]: 
[collision_monitor-9] 	collision_monitor lifecycle node launched. 
[collision_monitor-9] 	Waiting on external lifecycle transitions to activate
[collision_monitor-9] 	See https://design.ros2.org/articles/node_lifecycle.html for more information.
[controller_server-1] [INFO] [1781972195.688418884] [local_costmap.local_costmap]: 
[controller_server-1] 	local_costmap lifecycle node launched. 
[controller_server-1] 	Waiting on external lifecycle transitions to activate
[controller_server-1] 	See https://design.ros2.org/articles/node_lifecycle.html for more information.
[controller_server-1] [INFO] [1781972195.690676245] [local_costmap.local_costmap]: Creating Costmap
[route_server-4] [INFO] [1781972195.702734549] [route_server]: 
[route_server-4] 	route_server lifecycle node launched. 
[route_server-4] 	Waiting on external lifecycle transitions to activate
[route_server-4] 	See https://design.ros2.org/articles/node_lifecycle.html for more information.
[opennav_docking-10] [INFO] [1781972195.778992063] [docking_server]: 
[opennav_docking-10] 	docking_server lifecycle node launched. 
[opennav_docking-10] 	Waiting on external lifecycle transitions to activate
[opennav_docking-10] 	See https://design.ros2.org/articles/node_lifecycle.html for more information.
[opennav_docking-10] [INFO] [1781972195.779145216] [docking_server]: Creating docking_server
[waypoint_follower-7] [INFO] [1781972195.783023998] [waypoint_follower]: 
[waypoint_follower-7] 	waypoint_follower lifecycle node launched. 
[waypoint_follower-7] 	Waiting on external lifecycle transitions to activate
[waypoint_follower-7] 	See https://design.ros2.org/articles/node_lifecycle.html for more information.
[waypoint_follower-7] [INFO] [1781972195.786044615] [waypoint_follower]: Creating
[planner_server-3] [INFO] [1781972195.802364619] [planner_server]: 
[planner_server-3] 	planner_server lifecycle node launched. 
[planner_server-3] 	Waiting on external lifecycle transitions to activate
[planner_server-3] 	See https://design.ros2.org/articles/node_lifecycle.html for more information.
[planner_server-3] [INFO] [1781972195.810713427] [planner_server]: Creating
[bt_navigator-6] [INFO] [1781972195.812563426] [bt_navigator]: 
[bt_navigator-6] 	bt_navigator lifecycle node launched. 
[bt_navigator-6] 	Waiting on external lifecycle transitions to activate
[bt_navigator-6] 	See https://design.ros2.org/articles/node_lifecycle.html for more information.
[bt_navigator-6] [INFO] [1781972195.825007861] [bt_navigator]: Creating
[planner_server-3] [INFO] [1781972196.045471822] [global_costmap.global_costmap]: 
[planner_server-3] 	global_costmap lifecycle node launched. 
[planner_server-3] 	Waiting on external lifecycle transitions to activate
[planner_server-3] 	See https://design.ros2.org/articles/node_lifecycle.html for more information.
[planner_server-3] [INFO] [1781972196.046305404] [global_costmap.global_costmap]: Creating Costmap
[lifecycle_manager-11] [INFO] [1781972197.287910615] [lifecycle_manager_navigation]: [34m[1mStarting managed nodes bringup...[0m[0m
[lifecycle_manager-11] [INFO] [1781972197.287971094] [lifecycle_manager_navigation]: [34m[1mConfiguring controller_server[0m[0m
[controller_server-1] [INFO] [1781972197.288607245] [controller_server]: Configuring controller interface
[controller_server-1] [INFO] [1781972197.288640139] [controller_server]: getting progress checker plugins..
[controller_server-1] [INFO] [1781972197.289752862] [controller_server]: getting goal checker plugins..
[controller_server-1] [INFO] [1781972197.290128797] [controller_server]: Controller frequency set to 20.0000Hz
[controller_server-1] [INFO] [1781972197.290202267] [local_costmap.local_costmap]: Configuring
[controller_server-1] [INFO] [1781972197.335510471] [local_costmap.local_costmap]: Using plugin "static_layer"
[controller_server-1] [INFO] [1781972197.347041570] [local_costmap.local_costmap]: Subscribing to the map topic (/map) with transient local durability
[controller_server-1] [INFO] [1781972197.351264372] [local_costmap.local_costmap]: Initialized plugin "static_layer"
[controller_server-1] [INFO] [1781972197.351311582] [local_costmap.local_costmap]: Using plugin "voxel_layer"
[controller_server-1] [INFO] [1781972197.355014722] [local_costmap.local_costmap]: Subscribed to Topics: scan
[controller_server-1] [INFO] [1781972197.387154135] [local_costmap.local_costmap]: Initialized plugin "voxel_layer"
[controller_server-1] [INFO] [1781972197.387195548] [local_costmap.local_costmap]: Using plugin "inflation_layer"
[controller_server-1] [INFO] [1781972197.390798122] [local_costmap.local_costmap]: Initialized plugin "inflation_layer"
[controller_server-1] [INFO] [1781972197.461873266] [controller_server]: Created progress_checker : progress_checker of type nav2_controller::SimpleProgressChecker
[controller_server-1] [INFO] [1781972197.462497823] [local_costmap.local_costmap]: StaticLayer: Resizing static layer to 1006 X 1674 at 0.030000 m/pix
[controller_server-1] [INFO] [1781972197.463941856] [controller_server]: Controller Server has progress_checker  progress checkers available.
[controller_server-1] [INFO] [1781972197.465888510] [controller_server]: Created goal checker : general_goal_checker of type nav2_controller::SimpleGoalChecker
[controller_server-1] [INFO] [1781972197.468109346] [controller_server]: Controller Server has general_goal_checker  goal checkers available.
[controller_server-1] [INFO] [1781972197.472287102] [controller_server]: Created controller : FollowPath of type nav2_mppi_controller::MPPIController
[controller_server-1] [INFO] [1781972197.483830842] [controller_server]: Controller period is equal to model dt. Control sequence shifting is ON
[controller_server-1] [INFO] [1781972197.490840374] [controller_server]: ConstraintCritic instantiated with 1 power and 4.000000 weight.
[controller_server-1] [INFO] [1781972197.490941569] [controller_server]: Critic loaded : mppi::critics::ConstraintCritic
[controller_server-1] [INFO] [1781972197.497289041] [controller_server]: InflationCostCritic instantiated with 1 power and 300.000000 / 0.015000 weights. Critic will collision check based on footprint cost.
[controller_server-1] [INFO] [1781972197.497345469] [controller_server]: Critic loaded : mppi::critics::CostCritic
[controller_server-1] [INFO] [1781972197.500157411] [controller_server]: GoalCritic instantiated with 1 power and 5.000000 weight.
[controller_server-1] [INFO] [1781972197.500218938] [controller_server]: Critic loaded : mppi::critics::GoalCritic
[controller_server-1] [INFO] [1781972197.502102669] [controller_server]: GoalAngleCritic instantiated with 1 power, 3.000000 weight, 0.500000 angular threshold and symmetric_yaw_tolerance disabled
[controller_server-1] [INFO] [1781972197.502153929] [controller_server]: Critic loaded : mppi::critics::GoalAngleCritic
[controller_server-1] [INFO] [1781972197.507247466] [controller_server]: ReferenceTrajectoryCritic instantiated with 1 power and 14.000000 weight
[controller_server-1] [INFO] [1781972197.507302289] [controller_server]: Critic loaded : mppi::critics::PathAlignCritic
[controller_server-1] [INFO] [1781972197.509648903] [controller_server]: Critic loaded : mppi::critics::PathFollowCritic
[controller_server-1] [INFO] [1781972197.514418882] [controller_server]: PathAngleCritic instantiated with 1 power and 2.000000 weight. Mode set to: Forward Preference
[controller_server-1] [INFO] [1781972197.515349888] [controller_server]: Critic loaded : mppi::critics::PathAngleCritic
[controller_server-1] [INFO] [1781972197.518751050] [controller_server]: PreferForwardCritic instantiated with 1 power and 5.000000 weight.
[controller_server-1] [INFO] [1781972197.518823820] [controller_server]: Critic loaded : mppi::critics::PreferForwardCritic
[controller_server-1] [INFO] [1781972197.523118555] [controller_server]: Optimizer reset
[controller_server-1] [INFO] [1781972197.542171934] [MPPIController]: Configured MPPI Controller: FollowPath
[controller_server-1] [INFO] [1781972197.542207691] [controller_server]: Controller Server has FollowPath  controllers available.
[lifecycle_manager-11] [INFO] [1781972197.572585450] [lifecycle_manager_navigation]: [34m[1mConfiguring smoother_server[0m[0m
[smoother_server-2] [INFO] [1781972197.573896372] [smoother_server]: Configuring smoother server
[smoother_server-2] [INFO] [1781972197.612005993] [smoother_server]: Created smoother : simple_smoother of type nav2_smoother::SimpleSmoother
[smoother_server-2] [INFO] [1781972197.616126692] [smoother_server]: Smoother Server has simple_smoother  smoothers available.
[lifecycle_manager-11] [INFO] [1781972197.640006689] [lifecycle_manager_navigation]: [34m[1mConfiguring planner_server[0m[0m
[planner_server-3] [INFO] [1781972197.640368029] [planner_server]: Configuring
[planner_server-3] [INFO] [1781972197.640408185] [global_costmap.global_costmap]: Configuring
[planner_server-3] [INFO] [1781972197.665252849] [global_costmap.global_costmap]: Using plugin "static_layer"
[planner_server-3] [INFO] [1781972197.673165242] [global_costmap.global_costmap]: Subscribing to the map topic (/map) with transient local durability
[planner_server-3] [INFO] [1781972197.677270926] [global_costmap.global_costmap]: Initialized plugin "static_layer"
[planner_server-3] [INFO] [1781972197.677325609] [global_costmap.global_costmap]: Using plugin "obstacle_layer"
[planner_server-3] [INFO] [1781972197.680254250] [global_costmap.global_costmap]: Subscribed to Topics: scan
[planner_server-3] [INFO] [1781972197.698684537] [global_costmap.global_costmap]: Initialized plugin "obstacle_layer"
[planner_server-3] [INFO] [1781972197.698733633] [global_costmap.global_costmap]: Using plugin "inflation_layer"
[planner_server-3] [INFO] [1781972197.701782814] [global_costmap.global_costmap]: Initialized plugin "inflation_layer"
[planner_server-3] [INFO] [1781972198.307241676] [global_costmap.global_costmap]: StaticLayer: Resizing costmap to 1006 X 1674 at 0.030000 m/pix
[planner_server-3] [INFO] [1781972198.312293730] [planner_server]: Created global planner plugin GridBased of type nav2_navfn_planner::NavfnPlanner
[planner_server-3] [INFO] [1781972198.312355466] [planner_server]: Configuring plugin GridBased of type NavfnPlanner
[planner_server-3] [INFO] [1781972198.338345188] [planner_server]: Planner Server has GridBased  planners available.
[lifecycle_manager-11] [INFO] [1781972198.661910778] [lifecycle_manager_navigation]: [34m[1mConfiguring route_server[0m[0m
[route_server-4] [INFO] [1781972198.662521159] [route_server]: Configuring
[route_server-4] [INFO] [1781972198.769476009] [route_server]: Created GraphFileLoader GeoJsonGraphFileLoader of type nav2_route::GeoJsonGraphFileLoader
[route_server-4] [INFO] [1781972198.769517842] [route_server]: Configuring geojson graph file loader
[route_server-4] [INFO] [1781972198.769535441] [route_server]: No graph file provided to load yet.
[route_server-4] [INFO] [1781972198.776885292] [route_server]: Created edge cost function plugin DistanceScorer of type nav2_route::DistanceScorer
[route_server-4] [INFO] [1781972198.776937810] [route_server]: Configuring distance scorer.
[route_server-4] [INFO] [1781972198.778176450] [route_server]: Created edge cost function plugin DynamicEdgesScorer of type nav2_route::DynamicEdgesScorer
[route_server-4] [INFO] [1781972198.778222962] [route_server]: Configuring adjust edges scorer.
[route_server-4] [INFO] [1781972198.789146962] [route_server]: Created route operation AdjustSpeedLimit of type nav2_route::AdjustSpeedLimit
[route_server-4] [INFO] [1781972198.789226019] [route_server]: Configuring Adjust speed limit operation.
[route_server-4] [INFO] [1781972198.794363623] [route_server]: Created route operation ReroutingService of type nav2_route::ReroutingService
[route_server-4] [INFO] [1781972198.794415093] [route_server]: Configuring Rerouting service operation.
[lifecycle_manager-11] [INFO] [1781972198.806588699] [lifecycle_manager_navigation]: [34m[1mConfiguring behavior_server[0m[0m
[behavior_server-5] [INFO] [1781972198.807035939] [behavior_server]: Configuring
[behavior_server-5] [INFO] [1781972198.821156198] [behavior_server]: Creating behavior plugin spin of type nav2_behaviors::Spin
[behavior_server-5] [INFO] [1781972198.823337157] [behavior_server]: Creating behavior plugin backup of type nav2_behaviors::BackUp
[behavior_server-5] [INFO] [1781972198.826408336] [behavior_server]: Creating behavior plugin drive_on_heading of type nav2_behaviors::DriveOnHeading
[behavior_server-5] [INFO] [1781972198.829937720] [behavior_server]: Creating behavior plugin assisted_teleop of type nav2_behaviors::AssistedTeleop
[behavior_server-5] [INFO] [1781972198.835048158] [behavior_server]: Creating behavior plugin wait of type nav2_behaviors::Wait
[behavior_server-5] [INFO] [1781972198.853647662] [behavior_server]: Configuring spin
[behavior_server-5] [INFO] [1781972198.894905494] [behavior_server]: Configuring backup
[behavior_server-5] [INFO] [1781972198.922324792] [behavior_server]: Configuring drive_on_heading
[behavior_server-5] [INFO] [1781972198.942506887] [behavior_server]: Configuring assisted_teleop
[behavior_server-5] [INFO] [1781972198.978822100] [behavior_server]: Configuring wait
[lifecycle_manager-11] [INFO] [1781972198.997930302] [lifecycle_manager_navigation]: [34m[1mConfiguring velocity_smoother[0m[0m
[velocity_smoother-8] [INFO] [1781972198.999063976] [velocity_smoother]: Configuring velocity smoother
[lifecycle_manager-11] [INFO] [1781972199.015944288] [lifecycle_manager_navigation]: [34m[1mConfiguring collision_monitor[0m[0m
[collision_monitor-9] [INFO] [1781972199.016532321] [collision_monitor]: Configuring
[collision_monitor-9] [INFO] [1781972199.059930606] [collision_monitor]: [scan]: Creating Scan
[collision_monitor-9] [INFO] [1781972199.069286612] [collision_monitor]: [FootprintApproach]: Creating Polygon
[collision_monitor-9] [INFO] [1781972199.070606892] [collision_monitor]: [FootprintApproach]: Polygon points are not defined. Using dynamic subscription instead.
[collision_monitor-9] [INFO] [1781972199.078131756] [collision_monitor]: [FootprintApproach]: Making footprint subscriber on local_costmap/published_footprint topic
[lifecycle_manager-11] [INFO] [1781972199.121452103] [lifecycle_manager_navigation]: [34m[1mConfiguring bt_navigator[0m[0m
[bt_navigator-6] [INFO] [1781972199.122220596] [bt_navigator]: Configuring
[bt_navigator-6] [INFO] [1781972199.230018805] [bt_navigator]: Creating navigator id navigate_to_pose of type nav2_bt_navigator::NavigateToPoseNavigator
[bt_navigator-6] [INFO] [1781972199.591303835] [bt_navigator]: Creating navigator id navigate_through_poses of type nav2_bt_navigator::NavigateThroughPosesNavigator
[lifecycle_manager-11] [INFO] [1781972199.717938648] [lifecycle_manager_navigation]: [34m[1mConfiguring waypoint_follower[0m[0m
[waypoint_follower-7] [INFO] [1781972199.718553219] [waypoint_follower]: Configuring
[waypoint_follower-7] [INFO] [1781972199.809563023] [waypoint_follower]: Created waypoint_task_executor : wait_at_waypoint of type nav2_waypoint_follower::WaitAtWaypoint
[lifecycle_manager-11] [INFO] [1781972199.811573369] [lifecycle_manager_navigation]: [34m[1mConfiguring docking_server[0m[0m
[opennav_docking-10] [INFO] [1781972199.812596909] [docking_server]: Configuring docking_server
[opennav_docking-10] [INFO] [1781972199.812646075] [docking_server]: Controller frequency set to 50.0000Hz
[opennav_docking-10] [INFO] [1781972199.923253991] [docking_server]: Created charging dock plugin simple_charging_dock of type opennav_docking::SimpleChargingDock
[opennav_docking-10] [WARN] [1781972199.947569356] [docking_server]: Dock database filepath nor dock parameters set. Docking actions can only be executed specifying the dock pose via the action request. Or update the dock database via the reload_database service.
[opennav_docking-10] [INFO] [1781972199.947631791] [docking_server]: Docking Server has 1 dock types and 0 dock instances available.
[lifecycle_manager-11] [INFO] [1781972199.953401007] [lifecycle_manager_navigation]: [34m[1mActivating controller_server[0m[0m
[controller_server-1] [INFO] [1781972199.953717720] [controller_server]: Activating
[controller_server-1] [INFO] [1781972199.953765070] [local_costmap.local_costmap]: Activating
[controller_server-1] [INFO] [1781972199.953780085] [local_costmap.local_costmap]: Checking transform
[controller_server-1] [INFO] [1781972199.953956565] [local_costmap.local_costmap]: start
[controller_server-1] [WARN] [1781972200.158768868] [controller_server]: Parameter controller_server.verbose not found
[controller_server-1] [INFO] [1781972200.163845993] [controller_server]: Optimizer reset
[controller_server-1] [INFO] [1781972200.164430464] [MPPIController]: Activated MPPI Controller: FollowPath
[controller_server-1] [INFO] [1781972200.164464615] [controller_server]: Creating bond (controller_server) to lifecycle manager.
[lifecycle_manager-11] [INFO] [1781972200.278232894] [lifecycle_manager_navigation]: Server controller_server connected with bond.
[lifecycle_manager-11] [INFO] [1781972200.278281920] [lifecycle_manager_navigation]: [34m[1mActivating smoother_server[0m[0m
[smoother_server-2] [INFO] [1781972200.278789919] [smoother_server]: Activating
[smoother_server-2] [INFO] [1781972200.278843903] [smoother_server]: Creating bond (smoother_server) to lifecycle manager.
[lifecycle_manager-11] [INFO] [1781972200.399175871] [lifecycle_manager_navigation]: Server smoother_server connected with bond.
[lifecycle_manager-11] [INFO] [1781972200.399217284] [lifecycle_manager_navigation]: [34m[1mActivating planner_server[0m[0m
[planner_server-3] [INFO] [1781972200.399782899] [planner_server]: Activating
[planner_server-3] [INFO] [1781972200.399839537] [global_costmap.global_costmap]: Activating
[planner_server-3] [INFO] [1781972200.399854832] [global_costmap.global_costmap]: Checking transform
[planner_server-3] [INFO] [1781972200.399985568] [global_costmap.global_costmap]: start
[planner_server-3] [INFO] [1781972201.454879207] [planner_server]: Activating plugin GridBased of type NavfnPlanner
[planner_server-3] [INFO] [1781972201.459980566] [planner_server]: Creating bond (planner_server) to lifecycle manager.
[lifecycle_manager-11] [INFO] [1781972201.568448449] [lifecycle_manager_navigation]: Server planner_server connected with bond.
[lifecycle_manager-11] [INFO] [1781972201.568501875] [lifecycle_manager_navigation]: [34m[1mActivating route_server[0m[0m
[route_server-4] [INFO] [1781972201.569170849] [route_server]: Activating
[route_server-4] [INFO] [1781972201.569387625] [route_server]: Creating bond (route_server) to lifecycle manager.
[lifecycle_manager-11] [INFO] [1781972201.687358592] [lifecycle_manager_navigation]: Server route_server connected with bond.
[lifecycle_manager-11] [INFO] [1781972201.687405174] [lifecycle_manager_navigation]: [34m[1mActivating behavior_server[0m[0m
[behavior_server-5] [INFO] [1781972201.688068073] [behavior_server]: Activating
[behavior_server-5] [INFO] [1781972201.688108928] [behavior_server]: Activating spin
[behavior_server-5] [INFO] [1781972201.688126667] [behavior_server]: Activating backup
[behavior_server-5] [INFO] [1781972201.688143218] [behavior_server]: Activating drive_on_heading
[behavior_server-5] [INFO] [1781972201.688159351] [behavior_server]: Activating assisted_teleop
[behavior_server-5] [INFO] [1781972201.688172620] [behavior_server]: Activating wait
[behavior_server-5] [INFO] [1781972201.688193920] [behavior_server]: Creating bond (behavior_server) to lifecycle manager.
[lifecycle_manager-11] [INFO] [1781972201.804658350] [lifecycle_manager_navigation]: Server behavior_server connected with bond.
[lifecycle_manager-11] [INFO] [1781972201.804714150] [lifecycle_manager_navigation]: [34m[1mActivating velocity_smoother[0m[0m
[velocity_smoother-8] [INFO] [1781972201.805488650] [velocity_smoother]: Activating
[velocity_smoother-8] [INFO] [1781972201.805630211] [velocity_smoother]: Creating bond (velocity_smoother) to lifecycle manager.
[lifecycle_manager-11] [INFO] [1781972201.926937181] [lifecycle_manager_navigation]: Server velocity_smoother connected with bond.
[lifecycle_manager-11] [INFO] [1781972201.926987674] [lifecycle_manager_navigation]: [34m[1mActivating collision_monitor[0m[0m
[collision_monitor-9] [INFO] [1781972201.927587928] [collision_monitor]: Activating
[collision_monitor-9] [INFO] [1781972201.933701933] [collision_monitor]: Creating bond (collision_monitor) to lifecycle manager.
[lifecycle_manager-11] [INFO] [1781972202.051841069] [lifecycle_manager_navigation]: Server collision_monitor connected with bond.
[lifecycle_manager-11] [INFO] [1781972202.051899593] [lifecycle_manager_navigation]: [34m[1mActivating bt_navigator[0m[0m
[bt_navigator-6] [INFO] [1781972202.052747212] [bt_navigator]: Activating
[bt_navigator-6] [INFO] [1781972202.349392217] [bt_navigator]: Creating bond (bt_navigator) to lifecycle manager.
[lifecycle_manager-11] [INFO] [1781972202.464727931] [lifecycle_manager_navigation]: Server bt_navigator connected with bond.
[lifecycle_manager-11] [INFO] [1781972202.464824517] [lifecycle_manager_navigation]: [34m[1mActivating waypoint_follower[0m[0m
[waypoint_follower-7] [INFO] [1781972202.465562072] [waypoint_follower]: Activating
[waypoint_follower-7] [INFO] [1781972202.465618780] [waypoint_follower]: Creating bond (waypoint_follower) to lifecycle manager.
[lifecycle_manager-11] [INFO] [1781972202.587948034] [lifecycle_manager_navigation]: Server waypoint_follower connected with bond.
[lifecycle_manager-11] [INFO] [1781972202.588002437] [lifecycle_manager_navigation]: [34m[1mActivating docking_server[0m[0m
[opennav_docking-10] [INFO] [1781972202.589754733] [docking_server]: Activating docking_server
[opennav_docking-10] [INFO] [1781972202.632784206] [docking_server]: Creating bond (docking_server) to lifecycle manager.
[lifecycle_manager-11] [INFO] [1781972202.750246336] [lifecycle_manager_navigation]: Server docking_server connected with bond.
[lifecycle_manager-11] [INFO] [1781972202.750295502] [lifecycle_manager_navigation]: [34m[1mManaged nodes are active[0m[0m
[lifecycle_manager-11] [INFO] [1781972202.750310797] [lifecycle_manager_navigation]: [34m[1mCreating bond timer...[0m[0m
[controller_server-1] [INFO] [1781972395.146186056] [local_costmap.local_costmap]: Message Filter dropping message: frame 'turtlebot4/rplidar_link/rplidar' at time 212.769 for reason 'the timestamp on the message is earlier than all the data in the transform cache'
[planner_server-3] [INFO] [1781973181.967611953] [global_costmap.global_costmap]: Message Filter dropping message: frame 'turtlebot4/rplidar_link/rplidar' at time 975.024 for reason 'the timestamp on the message is earlier than all the data in the transform cache'
[planner_server-3] [INFO] [1781973212.131127246] [global_costmap.global_costmap]: Message Filter dropping message: frame 'turtlebot4/rplidar_link/rplidar' at time 1003.233 for reason 'the timestamp on the message is earlier than all the data in the transform cache'
[controller_server-1] [INFO] [1781973212.131197714] [local_costmap.local_costmap]: Message Filter dropping message: frame 'turtlebot4/rplidar_link/rplidar' at time 1003.233 for reason 'the timestamp on the message is earlier than all the data in the transform cache'
[controller_server-1] [INFO] [1781973241.717766908] [local_costmap.local_costmap]: Message Filter dropping message: frame 'turtlebot4/rplidar_link/rplidar' at time 1030.611 for reason 'the timestamp on the message is earlier than all the data in the transform cache'
[bt_navigator-6] [INFO] [1781973800.139272845] [bt_navigator]: Begin navigating from current location (-0.30, -0.16) to (-0.55, -0.15)
[controller_server-1] [INFO] [1781973800.180614557] [controller_server]: Received a goal, begin computing control effort.
[controller_server-1] [WARN] [1781973800.180680625] [controller_server]: No goal checker was specified in parameter 'current_goal_checker'. Server will use only plugin loaded general_goal_checker . This warning will appear once.
[controller_server-1] [WARN] [1781973800.180706814] [controller_server]: No progress checker was specified in parameter 'current_progress_checker'. Server will use only plugin loaded progress_checker . This warning will appear once.
[controller_server-1] [INFO] [1781973800.286277883] [controller_server]: Reached the goal!
[controller_server-1] [INFO] [1781973800.287691910] [controller_server]: Optimizer reset
[bt_navigator-6] [INFO] [1781973800.309769354] [bt_navigator]: Goal succeeded
[bt_navigator-6] [INFO] [1781974073.574073919] [bt_navigator]: Begin navigating from current location (-0.31, -0.16) to (-0.80, -0.13)
[controller_server-1] [INFO] [1781974073.597880026] [controller_server]: Received a goal, begin computing control effort.
[controller_server-1] [INFO] [1781974074.648088534] [controller_server]: Passing new path to controller.
[controller_server-1] [INFO] [1781974074.954706114] [controller_server]: Reached the goal!
[controller_server-1] [INFO] [1781974074.955282062] [controller_server]: Optimizer reset
[bt_navigator-6] [INFO] [1781974074.984544656] [bt_navigator]: Goal succeeded
[planner_server-3] [INFO] [1781980310.738674259] [global_costmap.global_costmap]: Message Filter dropping message: frame 'turtlebot4/rplidar_link/rplidar' at time 2929.473 for reason 'the timestamp on the message is earlier than all the data in the transform cache'
[controller_server-1] [INFO] [1781980310.738989174] [local_costmap.local_costmap]: Message Filter dropping message: frame 'turtlebot4/rplidar_link/rplidar' at time 2929.602 for reason 'the timestamp on the message is earlier than all the data in the transform cache'
[planner_server-3] [INFO] [1781988575.393558367] [global_costmap.global_costmap]: Message Filter dropping message: frame 'turtlebot4/rplidar_link/rplidar' at time 3176.499 for reason 'the timestamp on the message is earlier than all the data in the transform cache'
[opennav_docking-10] [INFO] [1781989343.491503723] [rclcpp]: signal_handler(SIGINT/SIGTERM)
[opennav_docking-10] [INFO] [1781989343.491613303] [docking_server]: Running Nav2 LifecycleNode rcl preshutdown (docking_server)
[opennav_docking-10] [INFO] [1781989343.491686217] [docking_server]: Deactivating docking_server
[controller_server-1] [INFO] [1781989343.491530472] [rclcpp]: signal_handler(SIGINT/SIGTERM)
[controller_server-1] [INFO] [1781989343.491582783] [controller_server]: Running Nav2 LifecycleNode rcl preshutdown (controller_server)
[controller_server-1] [INFO] [1781989343.491662541] [controller_server]: Deactivating
[controller_server-1] [INFO] [1781989343.491714502] [MPPIController]: Deactivated MPPI Controller: FollowPath
[controller_server-1] [INFO] [1781989343.491739296] [local_costmap.local_costmap]: Deactivating
[collision_monitor-9] [INFO] [1781989343.491560503] [rclcpp]: signal_handler(SIGINT/SIGTERM)
[collision_monitor-9] [INFO] [1781989343.491640960] [collision_monitor]: Running Nav2 LifecycleNode rcl preshutdown (collision_monitor)
[collision_monitor-9] [INFO] [1781989343.491716947] [collision_monitor]: Deactivating
[collision_monitor-9] [INFO] [1781989343.491747956] [collision_monitor]: Destroying bond (collision_monitor) to lifecycle manager.
[velocity_smoother-8] [INFO] [1781989343.491579011] [rclcpp]: signal_handler(SIGINT/SIGTERM)
[velocity_smoother-8] [INFO] [1781989343.491640960] [velocity_smoother]: Running Nav2 LifecycleNode rcl preshutdown (velocity_smoother)
[velocity_smoother-8] [INFO] [1781989343.491716947] [velocity_smoother]: Deactivating
[velocity_smoother-8] [INFO] [1781989343.491749842] [velocity_smoother]: Destroying bond (velocity_smoother) to lifecycle manager.
[lifecycle_manager-11] [INFO] [1781989343.491745512] [rclcpp]: signal_handler(SIGINT/SIGTERM)
[lifecycle_manager-11] [INFO] [1781989343.491821917] [lifecycle_manager_navigation]: Running Nav2 LifecycleManager rcl preshutdown (lifecycle_manager_navigation)
[lifecycle_manager-11] [INFO] [1781989343.491878209] [lifecycle_manager_navigation]: [34m[1mTerminating bond timer...[0m[0m
[bt_navigator-6] [INFO] [1781989343.491999802] [rclcpp]: signal_handler(SIGINT/SIGTERM)
[bt_navigator-6] [INFO] [1781989343.492051344] [bt_navigator]: Running Nav2 LifecycleNode rcl preshutdown (bt_navigator)
[bt_navigator-6] [INFO] [1781989343.492125655] [bt_navigator]: Deactivating
[bt_navigator-6] [INFO] [1781989343.492174404] [bt_navigator]: Destroying bond (bt_navigator) to lifecycle manager.
[planner_server-3] [INFO] [1781989343.492674114] [rclcpp]: signal_handler(SIGINT/SIGTERM)
[planner_server-3] [INFO] [1781989343.492723212] [planner_server]: Running Nav2 LifecycleNode rcl preshutdown (planner_server)
[planner_server-3] [INFO] [1781989343.492785440] [planner_server]: Deactivating
[planner_server-3] [INFO] [1781989343.492834888] [global_costmap.global_costmap]: Deactivating
[waypoint_follower-7] [INFO] [1781989343.493012493] [rclcpp]: signal_handler(SIGINT/SIGTERM)
[waypoint_follower-7] [INFO] [1781989343.493088200] [waypoint_follower]: Running Nav2 LifecycleNode rcl preshutdown (waypoint_follower)
[waypoint_follower-7] [INFO] [1781989343.493164606] [waypoint_follower]: Deactivating
[waypoint_follower-7] [INFO] [1781989343.493195615] [waypoint_follower]: Destroying bond (waypoint_follower) to lifecycle manager.
[behavior_server-5] [INFO] [1781989343.493460032] [rclcpp]: signal_handler(SIGINT/SIGTERM)
[behavior_server-5] [INFO] [1781989343.493522051] [behavior_server]: Running Nav2 LifecycleNode rcl preshutdown (behavior_server)
[behavior_server-5] [INFO] [1781989343.493593708] [behavior_server]: Deactivating
[behavior_server-5] [INFO] [1781989343.493634704] [behavior_server]: Destroying bond (behavior_server) to lifecycle manager.
[route_server-4] [INFO] [1781989343.493812309] [rclcpp]: signal_handler(SIGINT/SIGTERM)
[route_server-4] [INFO] [1781989343.493889902] [route_server]: Running Nav2 LifecycleNode rcl preshutdown (route_server)
[route_server-4] [INFO] [1781989343.493969102] [route_server]: Deactivating
[route_server-4] [INFO] [1781989343.493999692] [route_server]: Destroying bond (route_server) to lifecycle manager.
[smoother_server-2] [INFO] [1781989343.494097609] [rclcpp]: signal_handler(SIGINT/SIGTERM)
[smoother_server-2] [INFO] [1781989343.494167589] [smoother_server]: Running Nav2 LifecycleNode rcl preshutdown (smoother_server)
[smoother_server-2] [INFO] [1781989343.494252096] [smoother_server]: Deactivating
[smoother_server-2] [INFO] [1781989343.494299658] [smoother_server]: Destroying bond (smoother_server) to lifecycle manager.
[behavior_server-5] [INFO] [1781989343.596273659] [behavior_server]: Cleaning up
[collision_monitor-9] [INFO] [1781989343.596642279] [collision_monitor]: Cleaning up
[collision_monitor-9] [INFO] [1781989343.596685231] [collision_monitor]: [FootprintApproach]: Destroying Polygon
[collision_monitor-9] [INFO] [1781989343.596707650] [collision_monitor]: [scan]: Destroying Scan
[smoother_server-2] [INFO] [1781989343.596968924] [smoother_server]: Cleaning up
[route_server-4] [INFO] [1781989343.598356939] [route_server]: Cleaning up
[bt_navigator-6] [INFO] [1781989343.598538176] [bt_navigator]: Cleaning up
[collision_monitor-9] [INFO] [1781989343.659185096] [collision_monitor]: Destroying bond (collision_monitor) to lifecycle manager.
[controller_server-1] [INFO] [1781989343.668913285] [controller_server]: Destroying bond (controller_server) to lifecycle manager.
[collision_monitor-9] [INFO] [1781989343.719766715] [collision_monitor]: Destroying
[smoother_server-2] [INFO] [1781989343.724859294] [smoother_server]: Destroying bond (smoother_server) to lifecycle manager.
[smoother_server-2] [INFO] [1781989343.753672727] [smoother_server]: Destroying
[controller_server-1] [INFO] [1781989343.769951141] [controller_server]: Cleaning up
[velocity_smoother-8] [INFO] [1781989343.789426934] [velocity_smoother]: Cleaning up
[velocity_smoother-8] [INFO] [1781989343.789500057] [velocity_smoother]: Destroying bond (velocity_smoother) to lifecycle manager.
[waypoint_follower-7] [INFO] [1781989343.859425252] [waypoint_follower]: Cleaning up
[INFO] [collision_monitor-9]: process has finished cleanly [pid 5137]
[INFO] [smoother_server-2]: process has finished cleanly [pid 5130]
[controller_server-1] [INFO] [1781989343.961959865] [MPPIController]: Cleaned up MPPI Controller: FollowPath
[controller_server-1] [INFO] [1781989343.962128042] [local_costmap.local_costmap]: Cleaning up
[controller_server-1] [INFO] [1781989343.997053868] [controller_server]: Destroying bond (controller_server) to lifecycle manager.
[controller_server-1] [INFO] [1781989344.003885202] [local_costmap.local_costmap]: Destroying
[controller_server-1] [INFO] [1781989344.017987518] [controller_server]: Destroying
[velocity_smoother-8] [INFO] [1781989344.045026157] [velocity_smoother]: Destroying
[route_server-4] [INFO] [1781989344.150088656] [route_server]: Destroying bond (route_server) to lifecycle manager.
[INFO] [controller_server-1]: process has finished cleanly [pid 5129]
[route_server-4] [INFO] [1781989344.158173492] [route_server]: Destroying
[opennav_docking-10] [INFO] [1781989344.179001822] [docking_server]: Destroying bond (docking_server) to lifecycle manager.
[INFO] [velocity_smoother-8]: process has finished cleanly [pid 5136]
[waypoint_follower-7] [INFO] [1781989344.207800798] [waypoint_follower]: Destroying bond (waypoint_follower) to lifecycle manager.
[waypoint_follower-7] [INFO] [1781989344.208612627] [waypoint_follower]: Destroying
[behavior_server-5] [INFO] [1781989344.235758263] [behavior_server]: Destroying bond (behavior_server) to lifecycle manager.
[opennav_docking-10] [INFO] [1781989344.279380171] [docking_server]: Cleaning up docking_server
[INFO] [route_server-4]: process has finished cleanly [pid 5132]
[opennav_docking-10] [INFO] [1781989344.287694224] [docking_server]: Destroying bond (docking_server) to lifecycle manager.
[opennav_docking-10] [INFO] [1781989344.295286264] [docking_server]: Destroying
[behavior_server-5] [INFO] [1781989344.315611531] [behavior_server]: Destroying
[planner_server-3] [INFO] [1781989344.329734449] [planner_server]: Deactivating plugin GridBased of type NavfnPlanner
[planner_server-3] [INFO] [1781989344.329792208] [planner_server]: Destroying bond (planner_server) to lifecycle manager.
[INFO] [waypoint_follower-7]: process has finished cleanly [pid 5135]
[bt_navigator-6] [INFO] [1781989344.379837440] [bt_navigator]: Completed Cleaning up
[bt_navigator-6] [INFO] [1781989344.379896526] [bt_navigator]: Destroying bond (bt_navigator) to lifecycle manager.
[bt_navigator-6] [INFO] [1781989344.388635490] [bt_navigator]: Destroying
[INFO] [opennav_docking-10]: process has finished cleanly [pid 5138]
[planner_server-3] [INFO] [1781989344.430654832] [planner_server]: Cleaning up
[planner_server-3] [INFO] [1781989344.434799113] [global_costmap.global_costmap]: Cleaning up
[INFO] [behavior_server-5]: process has finished cleanly [pid 5133]
[planner_server-3] [INFO] [1781989344.438463518] [planner_server]: Cleaning up plugin GridBased of type NavfnPlanner
[planner_server-3] [INFO] [1781989344.438574984] [planner_server]: Destroying plugin GridBased of type NavfnPlanner
[planner_server-3] [INFO] [1781989344.444694152] [planner_server]: Destroying bond (planner_server) to lifecycle manager.
[planner_server-3] [INFO] [1781989344.446795590] [global_costmap.global_costmap]: Destroying
[planner_server-3] [INFO] [1781989344.451445867] [planner_server]: Destroying
[INFO] [bt_navigator-6]: process has finished cleanly [pid 5134]
[INFO] [planner_server-3]: process has finished cleanly [pid 5131]
[lifecycle_manager-11] [INFO] [1781989344.817157006] [lifecycle_manager_navigation]: Destroying lifecycle_manager_navigation
[INFO] [lifecycle_manager-11]: process has finished cleanly [pid 5139]
