[INFO] [1781972189.627675380] [tf2_echo]: Waiting for transform map ->  odom: Invalid frame ID "map" passed to canTransform argument target_frame - frame does not exist
At time 19.417000000
- Translation: [0.005, -0.063, 0.000]
- Rotation: in Quaternion (xyzw) [0.000, 0.000, -0.001, 1.000]
- Rotation: in RPY (radian) [0.000, 0.000, -0.002]
- Rotation: in RPY (degree) [0.000, 0.000, -0.104]
- Matrix:
  1.000  0.002  0.000  0.005
 -0.002  1.000 -0.000 -0.063
 -0.000  0.000  1.000  0.000
  0.000  0.000  0.000  1.000
At time 20.377000000
- Translation: [0.005, -0.063, 0.000]
- Rotation: in Quaternion (xyzw) [0.000, 0.000, -0.001, 1.000]
- Rotation: in RPY (radian) [0.000, 0.000, -0.002]
- Rotation: in RPY (degree) [0.000, 0.000, -0.104]
- Matrix:
  1.000  0.002  0.000  0.005
 -0.002  1.000 -0.000 -0.063
 -0.000  0.000  1.000  0.000
  0.000  0.000  0.000  1.000
At time 21.130000000
- Translation: [0.005, -0.063, 0.000]
- Rotation: in Quaternion (xyzw) [0.000, 0.000, -0.001, 1.000]
- Rotation: in RPY (radian) [0.000, 0.000, -0.002]
- Rotation: in RPY (degree) [0.000, 0.000, -0.104]
- Matrix:
  1.000  0.002  0.000  0.005
 -0.002  1.000 -0.000 -0.063
 -0.000  0.000  1.000  0.000
  0.000  0.000  0.000  1.000
At time 22.345000000
- Translation: [0.005, -0.063, 0.000]
- Rotation: in Quaternion (xyzw) [0.000, 0.000, -0.001, 1.000]
- Rotation: in RPY (radian) [0.000, 0.000, -0.002]
- Rotation: in RPY (degree) [0.000, 0.000, -0.104]
- Matrix:
  1.000  0.002  0.000  0.005
 -0.002  1.000 -0.000 -0.063
 -0.000  0.000  1.000  0.000
  0.000  0.000  0.000  1.000
[INFO] [1781972194.286262992] [rclcpp]: signal_handler(SIGINT/SIGTERM)
