[INFO] [1782054582.652779991] [tf2_echo]: Waiting for transform map ->  odom: Invalid frame ID "map" passed to canTransform argument target_frame - frame does not exist
[INFO] [1782054584.616403056] [tf2_echo]: Waiting for transform map ->  odom: Invalid frame ID "map" passed to canTransform argument target_frame - frame does not exist
At time 31.129000000
- Translation: [0.008, 0.003, 0.000]
- Rotation: in Quaternion (xyzw) [0.000, 0.000, 0.000, 1.000]
- Rotation: in RPY (radian) [0.000, -0.000, 0.001]
- Rotation: in RPY (degree) [0.000, -0.000, 0.039]
- Matrix:
  1.000 -0.001  0.000  0.008
  0.001  1.000  0.000  0.003
  0.000  0.000  1.000  0.000
  0.000  0.000  0.000  1.000
At time 32.152000000
- Translation: [0.008, 0.003, 0.000]
- Rotation: in Quaternion (xyzw) [0.000, 0.000, 0.000, 1.000]
- Rotation: in RPY (radian) [0.000, -0.000, 0.001]
- Rotation: in RPY (degree) [0.000, -0.000, 0.039]
- Matrix:
  1.000 -0.001  0.000  0.008
  0.001  1.000  0.000  0.003
  0.000  0.000  1.000  0.000
  0.000  0.000  0.000  1.000
[INFO] [1782054587.317149949] [rclcpp]: signal_handler(SIGINT/SIGTERM)
